../Core/Src/main.c:180:5:main	8	static
../Core/Src/main.c:282:6:SystemClock_Config	88	static
../Core/Src/main.c:336:13:MX_SPI1_Init	8	static
../Core/Src/main.c:376:13:MX_SPI4_Init	8	static
../Core/Src/main.c:416:13:MX_USART3_UART_Init	8	static
../Core/Src/main.c:451:13:MX_USB_OTG_FS_PCD_Init	8	static
../Core/Src/main.c:486:13:MX_GPIO_Init	64	static
../Core/Src/main.c:629:6:HAL_GPIO_EXTI_Callback	16	static
../Core/Src/main.c:657:6:StartDefaultTask	16	static
../Core/Src/main.c:676:6:HAL_TIM_PeriodElapsedCallback	16	static
../Core/Src/main.c:693:6:Error_Handler	4	static,ignoring_inline_asm
