../Core/Src/main.c:131:5:main	8	static
../Core/Src/main.c:230:6:SystemClock_Config	88	static
../Core/Src/main.c:284:13:MX_SPI1_Init	8	static
../Core/Src/main.c:324:13:MX_SPI4_Init	8	static
../Core/Src/main.c:364:13:MX_USART3_UART_Init	8	static
../Core/Src/main.c:399:13:MX_USB_OTG_FS_PCD_Init	8	static
../Core/Src/main.c:434:13:MX_GPIO_Init	64	static
../Core/Src/main.c:574:6:HAL_GPIO_EXTI_Callback	16	static
../Core/Src/main.c:591:6:StartDefaultTask	16	static
../Core/Src/main.c:610:6:HAL_TIM_PeriodElapsedCallback	16	static
../Core/Src/main.c:627:6:Error_Handler	4	static,ignoring_inline_asm
