Archive member included to satisfy reference by file (symbol)

C:/ST/STM32CubeIDE_1.12.1/STM32CubeIDE/plugins/com.st.stm32cube.ide.mcu.externaltools.gnu-tools-for-stm32.12.3.rel1.win32_1.0.100.202403111256/tools/bin/../lib/gcc/arm-none-eabi/12.3.1/../../../../arm-none-eabi/lib/thumb/v7e-m+dp/hard\libc_nano.a(libc_a-exit.o)
                              C:/ST/STM32CubeIDE_1.12.1/STM32CubeIDE/plugins/com.st.stm32cube.ide.mcu.externaltools.gnu-tools-for-stm32.12.3.rel1.win32_1.0.100.202403111256/tools/bin/../lib/gcc/arm-none-eabi/12.3.1/../../../../arm-none-eabi/lib/thumb/v7e-m+dp/hard/crt0.o (exit)
C:/ST/STM32CubeIDE_1.12.1/STM32CubeIDE/plugins/com.st.stm32cube.ide.mcu.externaltools.gnu-tools-for-stm32.12.3.rel1.win32_1.0.100.202403111256/tools/bin/../lib/gcc/arm-none-eabi/12.3.1/../../../../arm-none-eabi/lib/thumb/v7e-m+dp/hard\libc_nano.a(libc_a-findfp.o)
                              ./Middlewares/Third_Party/FreeRTOS/Source/tasks.o (__sf)
C:/ST/STM32CubeIDE_1.12.1/STM32CubeIDE/plugins/com.st.stm32cube.ide.mcu.externaltools.gnu-tools-for-stm32.12.3.rel1.win32_1.0.100.202403111256/tools/bin/../lib/gcc/arm-none-eabi/12.3.1/../../../../arm-none-eabi/lib/thumb/v7e-m+dp/hard\libc_nano.a(libc_a-fwalk.o)
                              C:/ST/STM32CubeIDE_1.12.1/STM32CubeIDE/plugins/com.st.stm32cube.ide.mcu.externaltools.gnu-tools-for-stm32.12.3.rel1.win32_1.0.100.202403111256/tools/bin/../lib/gcc/arm-none-eabi/12.3.1/../../../../arm-none-eabi/lib/thumb/v7e-m+dp/hard\libc_nano.a(libc_a-findfp.o) (_fwalk_sglue)
C:/ST/STM32CubeIDE_1.12.1/STM32CubeIDE/plugins/com.st.stm32cube.ide.mcu.externaltools.gnu-tools-for-stm32.12.3.rel1.win32_1.0.100.202403111256/tools/bin/../lib/gcc/arm-none-eabi/12.3.1/../../../../arm-none-eabi/lib/thumb/v7e-m+dp/hard\libc_nano.a(libc_a-stdio.o)
                              C:/ST/STM32CubeIDE_1.12.1/STM32CubeIDE/plugins/com.st.stm32cube.ide.mcu.externaltools.gnu-tools-for-stm32.12.3.rel1.win32_1.0.100.202403111256/tools/bin/../lib/gcc/arm-none-eabi/12.3.1/../../../../arm-none-eabi/lib/thumb/v7e-m+dp/hard\libc_nano.a(libc_a-findfp.o) (__sread)
C:/ST/STM32CubeIDE_1.12.1/STM32CubeIDE/plugins/com.st.stm32cube.ide.mcu.externaltools.gnu-tools-for-stm32.12.3.rel1.win32_1.0.100.202403111256/tools/bin/../lib/gcc/arm-none-eabi/12.3.1/../../../../arm-none-eabi/lib/thumb/v7e-m+dp/hard\libc_nano.a(libc_a-memset.o)
                              C:/ST/STM32CubeIDE_1.12.1/STM32CubeIDE/plugins/com.st.stm32cube.ide.mcu.externaltools.gnu-tools-for-stm32.12.3.rel1.win32_1.0.100.202403111256/tools/bin/../lib/gcc/arm-none-eabi/12.3.1/../../../../arm-none-eabi/lib/thumb/v7e-m+dp/hard/crt0.o (memset)
C:/ST/STM32CubeIDE_1.12.1/STM32CubeIDE/plugins/com.st.stm32cube.ide.mcu.externaltools.gnu-tools-for-stm32.12.3.rel1.win32_1.0.100.202403111256/tools/bin/../lib/gcc/arm-none-eabi/12.3.1/../../../../arm-none-eabi/lib/thumb/v7e-m+dp/hard\libc_nano.a(libc_a-closer.o)
                              C:/ST/STM32CubeIDE_1.12.1/STM32CubeIDE/plugins/com.st.stm32cube.ide.mcu.externaltools.gnu-tools-for-stm32.12.3.rel1.win32_1.0.100.202403111256/tools/bin/../lib/gcc/arm-none-eabi/12.3.1/../../../../arm-none-eabi/lib/thumb/v7e-m+dp/hard\libc_nano.a(libc_a-stdio.o) (_close_r)
C:/ST/STM32CubeIDE_1.12.1/STM32CubeIDE/plugins/com.st.stm32cube.ide.mcu.externaltools.gnu-tools-for-stm32.12.3.rel1.win32_1.0.100.202403111256/tools/bin/../lib/gcc/arm-none-eabi/12.3.1/../../../../arm-none-eabi/lib/thumb/v7e-m+dp/hard\libc_nano.a(libc_a-reent.o)
                              ./Middlewares/Third_Party/FreeRTOS/Source/tasks.o (_reclaim_reent)
C:/ST/STM32CubeIDE_1.12.1/STM32CubeIDE/plugins/com.st.stm32cube.ide.mcu.externaltools.gnu-tools-for-stm32.12.3.rel1.win32_1.0.100.202403111256/tools/bin/../lib/gcc/arm-none-eabi/12.3.1/../../../../arm-none-eabi/lib/thumb/v7e-m+dp/hard\libc_nano.a(libc_a-impure.o)
                              ./Middlewares/Third_Party/FreeRTOS/Source/tasks.o (_impure_ptr)
C:/ST/STM32CubeIDE_1.12.1/STM32CubeIDE/plugins/com.st.stm32cube.ide.mcu.externaltools.gnu-tools-for-stm32.12.3.rel1.win32_1.0.100.202403111256/tools/bin/../lib/gcc/arm-none-eabi/12.3.1/../../../../arm-none-eabi/lib/thumb/v7e-m+dp/hard\libc_nano.a(libc_a-lseekr.o)
                              C:/ST/STM32CubeIDE_1.12.1/STM32CubeIDE/plugins/com.st.stm32cube.ide.mcu.externaltools.gnu-tools-for-stm32.12.3.rel1.win32_1.0.100.202403111256/tools/bin/../lib/gcc/arm-none-eabi/12.3.1/../../../../arm-none-eabi/lib/thumb/v7e-m+dp/hard\libc_nano.a(libc_a-stdio.o) (_lseek_r)
C:/ST/STM32CubeIDE_1.12.1/STM32CubeIDE/plugins/com.st.stm32cube.ide.mcu.externaltools.gnu-tools-for-stm32.12.3.rel1.win32_1.0.100.202403111256/tools/bin/../lib/gcc/arm-none-eabi/12.3.1/../../../../arm-none-eabi/lib/thumb/v7e-m+dp/hard\libc_nano.a(libc_a-readr.o)
[...]
Memory Configuration

Name             Origin             Length             Attributes
RAM              0x20000000         0x00080000         xrw
FLASH            0x08000000         0x00200000         xr
*default*        0x00000000         0xffffffff

Linker script and memory map

LOAD C:/ST/STM32CubeIDE_1.12.1/STM32CubeIDE/plugins/com.st.stm32cube.ide.mcu.externaltools.gnu-tools-for-stm32.12.3.rel1.win32_1.0.100.202403111256/tools/bin/../lib/gcc/arm-none-eabi/12.3.1/thumb/v7e-m+dp/hard/crti.o
LOAD C:/ST/STM32CubeIDE_1.12.1/STM32CubeIDE/plugins/com.st.stm32cube.ide.mcu.externaltools.gnu-tools-for-stm32.12.3.rel1.win32_1.0.100.202403111256/tools/bin/../lib/gcc/arm-none-eabi/12.3.1/thumb/v7e-m+dp/hard/crtbegin.o
LOAD C:/ST/STM32CubeIDE_1.12.1/STM32CubeIDE/plugins/com.st.stm32cube.ide.mcu.externaltools.gnu-tools-for-stm32.12.3.rel1.win32_1.0.100.202403111256/tools/bin/../lib/gcc/arm-none-eabi/12.3.1/../../../../arm-none-eabi/lib/thumb/v7e-m+dp/hard/crt0.o
LOAD ./Core/Src/CAN.o
LOAD ./Core/Src/CAN2.o
LOAD ./Core/Src/CANRxInterruptTask.o
LOAD ./Core/Src/CANTxGatekeeperTask.o
LOAD ./Core/Src/freertos.o
LOAD ./Core/Src/main.o
LOAD ./Core/Src/queueMessageTask1.o
LOAD ./Core/Src/queueMessageTask2.o
LOAD ./Core/Src/stm32f7xx_hal_msp.o
LOAD ./Core/Src/stm32f7xx_hal_timebase_tim.o
LOAD ./Core/Src/stm32f7xx_it.o
LOAD ./Core/Src/syscalls.o
LOAD ./Core/Src/sysmem.o
LOAD ./Core/Src/system_stm32f7xx.o
LOAD ./Core/Startup/startup_stm32f767zitx.o
LOAD ./Drivers/STM32F7xx_HAL_Driver/Src/stm32f7xx_hal.o
LOAD ./Drivers/STM32F7xx_HAL_Driver/Src/stm32f7xx_hal_cortex.o
LOAD ./Drivers/STM32F7xx_HAL_Driver/Src/stm32f7xx_hal_dma.o
LOAD ./Drivers/STM32F7xx_HAL_Driver/Src/stm32f7xx_hal_dma_ex.o
LOAD ./Drivers/STM32F7xx_HAL_Driver/Src/stm32f7xx_hal_exti.o
LOAD ./Drivers/STM32F7xx_HAL_Driver/Src/stm32f7xx_hal_flash.o
LOAD ./Drivers/STM32F7xx_HAL_Driver/Src/stm32f7xx_hal_flash_ex.o
LOAD ./Drivers/STM32F7xx_HAL_Driver/Src/stm32f7xx_hal_gpio.o
LOAD ./Drivers/STM32F7xx_HAL_Driver/Src/stm32f7xx_hal_i2c.o
LOAD ./Drivers/STM32F7xx_HAL_Driver/Src/stm32f7xx_hal_i2c_ex.o
LOAD ./Drivers/STM32F7xx_HAL_Driver/Src/stm32f7xx_hal_pcd.o
LOAD ./Drivers/STM32F7xx_HAL_Driver/Src/stm32f7xx_hal_pcd_ex.o
LOAD ./Drivers/STM32F7xx_HAL_Driver/Src/stm32f7xx_hal_pwr.o
LOAD ./Drivers/STM32F7xx_HAL_Driver/Src/stm32f7xx_hal_pwr_ex.o
LOAD ./Drivers/STM32F7xx_HAL_Driver/Src/stm32f7xx_hal_rcc.o
LOAD ./Drivers/STM32F7xx_HAL_Driver/Src/stm32f7xx_hal_rcc_ex.o
LOAD ./Drivers/STM32F7xx_HAL_Driver/Src/stm32f7xx_hal_spi.o
LOAD ./Drivers/STM32F7xx_HAL_Driver/Src/stm32f7xx_hal_spi_ex.o
LOAD ./Drivers/STM32F7xx_HAL_Driver/Src/stm32f7xx_hal_tim.o
LOAD ./Drivers/STM32F7xx_HAL_Driver/Src/stm32f7xx_hal_tim_ex.o
LOAD ./Drivers/STM32F7xx_HAL_Driver/Src/stm32f7xx_hal_uart.o
LOAD ./Drivers/STM32F7xx_HAL_Driver/Src/stm32f7xx_hal_uart_ex.o
LOAD ./Drivers/STM32F7xx_HAL_Driver/Src/stm32f7xx_ll_usb.o
LOAD ./Middlewares/Third_Party/FreeRTOS/Source/CMSIS_RTOS_V2/cmsis_os2.o
LOAD ./Middlewares/Third_Party/FreeRTOS/Source/croutine.o
LOAD ./Middlewares/Third_Party/FreeRTOS/Source/event_groups.o
LOAD ./Middlewares/Third_Party/FreeRTOS/Source/list.o
LOAD ./Middlewares/Third_Party/FreeRTOS/Source/queue.o
LOAD ./Middlewares/Third_Party/FreeRTOS/Source/stream_buffer.o
LOAD ./Middlewares/Third_Party/FreeRTOS/Source/tasks.o
LOAD ./Middlewares/Third_Party/FreeRTOS/Source/timers.o
LOAD ./Middlewares/Third_Party/FreeRTOS/Source/portable/GCC/ARM_CM7/r0p1/port.o
LOAD ./Middlewares/Third_Party/FreeRTOS/Source/portable/MemMang/heap_4.o
START GROUP
LOAD C:/ST/STM32CubeIDE_1.12.1/STM32CubeIDE/plugins/com.st.stm32cube.ide.mcu.externaltools.gnu-tools-for-stm32.12.3.rel1.win32_1.0.100.202403111256/tools/bin/../lib/gcc/arm-none-eabi/12.3.1/../../../../arm-none-eabi/lib/thumb/v7e-m+dp/hard\libc_nano.a
LOAD C:/ST/STM32CubeIDE_1.12.1/STM32CubeIDE/plugins/com.st.stm32cube.ide.mcu.externaltools.gnu-tools-for-stm32.12.3.rel1.win32_1.0.100.202403111256/tools/bin/../lib/gcc/arm-none-eabi/12.3.1/../../../../arm-none-eabi/lib/thumb/v7e-m+dp/hard\libm.a
END GROUP
START GROUP
LOAD C:/ST/STM32CubeIDE_1.12.1/STM32CubeIDE/plugins/com.st.stm32cube.ide.mcu.externaltools.gnu-tools-for-stm32.12.3.rel1.win32_1.0.100.202403111256/tools/bin/../lib/gcc/arm-none-eabi/12.3.1/thumb/v7e-m+dp/hard\libgcc.a
LOAD C:/ST/STM32CubeIDE_1.12.1/STM32CubeIDE/plugins/com.st.stm32cube.ide.mcu.externaltools.gnu-tools-for-stm32.12.3.rel1.win32_1.0.100.202403111256/tools/bin/../lib/gcc/arm-none-eabi/12.3.1/../../../../arm-none-eabi/lib/thumb/v7e-m+dp/hard\libc_nano.a
END GROUP
START GROUP
LOAD C:/ST/STM32CubeIDE_1.12.1/STM32CubeIDE/plugins/com.st.stm32cube.ide.mcu.externaltools.gnu-tools-for-stm32.12.3.rel1.win32_1.0.100.202403111256/tools/bin/../lib/gcc/arm-none-eabi/12.3.1/thumb/v7e-m+dp/hard\libgcc.a
LOAD C:/ST/STM32CubeIDE_1.12.1/STM32CubeIDE/plugins/com.st.stm32cube.ide.mcu.externaltools.gnu-tools-for-stm32.12.3.rel1.win32_1.0.100.202403111256/tools/bin/../lib/gcc/arm-none-eabi/12.3.1/../../../../arm-none-eabi/lib/thumb/v7e-m+dp/hard\libc_nano.a
LOAD C:/ST/STM32CubeIDE_1.12.1/STM32CubeIDE/plugins/com.st.stm32cube.ide.mcu.externaltools.gnu-tools-for-stm32.12.3.rel1.win32_1.0.100.202403111256/tools/bin/../lib/gcc/arm-none-eabi/12.3.1/../../../../arm-none-eabi/lib/thumb/v7e-m+dp/hard\libnosys.a
END GROUP
START GROUP
LOAD C:/ST/STM32CubeIDE_1.12.1/STM32CubeIDE/plugins/com.st.stm32cube.ide.mcu.externaltools.gnu-tools-for-stm32.12.3.rel1.win32_1.0.100.202403111256/tools/bin/../lib/gcc/arm-none-eabi/12.3.1/thumb/v7e-m+dp/hard\libgcc.a
LOAD C:/ST/STM32CubeIDE_1.12.1/STM32CubeIDE/plugins/com.st.stm32cube.ide.mcu.externaltools.gnu-tools-for-stm32.12.3.rel1.win32_1.0.100.202403111256/tools/bin/../lib/gcc/arm-none-eabi/12.3.1/../../../../arm-none-eabi/lib/thumb/v7e-m+dp/hard\libc_nano.a
LOAD C:/ST/STM32CubeIDE_1.12.1/STM32CubeIDE/plugins/com.st.stm32cube.ide.mcu.externaltools.gnu-tools-for-stm32.12.3.rel1.win32_1.0.100.202403111256/tools/bin/../lib/gcc/arm-none-eabi/12.3.1/../../../../arm-none-eabi/lib/thumb/v7e-m+dp/hard\libnosys.a
END GROUP
LOAD C:/ST/STM32CubeIDE_1.12.1/STM32CubeIDE/plugins/com.st.stm32cube.ide.mcu.externaltools.gnu-tools-for-stm32.12.3.rel1.win32_1.0.100.202403111256/tools/bin/../lib/gcc/arm-none-eabi/12.3.1/thumb/v7e-m+dp/hard/crtend.o
LOAD C:/ST/STM32CubeIDE_1.12.1/STM32CubeIDE/plugins/com.st.stm32cube.ide.mcu.externaltools.gnu-tools-for-stm32.12.3.rel1.win32_1.0.100.202403111256/tools/bin/../lib/gcc/arm-none-eabi/12.3.1/thumb/v7e-m+dp/hard/crtn.o
                0x20080000                        _estack = (ORIGIN (RAM) + LENGTH (RAM))
                0x00000200                        _Min_Heap_Size = 0x200
                0x00000400                        _Min_Stack_Size = 0x400

.isr_vector     0x08000000      0x1f8
                0x08000000                        . = ALIGN (0x4)
 *(.isr_vector)
 .isr_vector    0x08000000      0x1f8 ./Core/Startup/startup_stm32f767zitx.o
                0x08000000                g_pfnVectors
                0x080001f8                        . = ALIGN (0x4)

.text           0x08000200     0x91a4
                0x08000200                        . = ALIGN (0x4)
 *(.text)
 .text          0x08000200       0x40 C:/ST/STM32CubeIDE_1.12.1/STM32CubeIDE/plugins/com.st.stm32cube.ide.mcu.externaltools.gnu-tools-for-stm32.12.3.rel1.win32_1.0.100.202403111256/tools/bin/../lib/gcc/arm-none-eabi/12.3.1/thumb/v7e-m+dp/hard/crtbegin.o
 .text          0x08000240       0x30 C:/ST/STM32CubeIDE_1.12.1/STM32CubeIDE/plugins/com.st.stm32cube.ide.mcu.externaltools.gnu-tools-for-stm32.12.3.rel1.win32_1.0.100.202403111256/tools/bin/../lib/gcc/arm-none-eabi/12.3.1/thumb/v7e-m+dp/hard\libgcc.a(_aeabi_uldivmod.o)
                0x08000240                __aeabi_uldivmod
 .text          0x08000270      0x2bc C:/ST/STM32CubeIDE_1.12.1/STM32CubeIDE/plugins/com.st.stm32cube.ide.mcu.externaltools.gnu-tools-for-stm32.12.3.rel1.win32_1.0.100.202403111256/tools/bin/../lib/gcc/arm-none-eabi/12.3.1/thumb/v7e-m+dp/hard\libgcc.a(_udivmoddi4.o)
                0x08000270                __udivmoddi4
 .text          0x0800052c        0x4 C:/ST/STM32CubeIDE_1.12.1/STM32CubeIDE/plugins/com.st.stm32cube.ide.mcu.externaltools.gnu-tools-for-stm32.12.3.rel1.win32_1.0.100.202403111256/tools/bin/../lib/gcc/arm-none-eabi/12.3.1/thumb/v7e-m+dp/hard\libgcc.a(_dvmd_tls.o)
                0x0800052c                __aeabi_idiv0
                0x0800052c                __aeabi_ldiv0
 *(.text*)
 .text.CAN_IC_READ_REGISTER
                0x08000530       0x58 ./Core/Src/CAN.o
                0x08000530                CAN_IC_READ_REGISTER
 .text.CAN_IC_WRITE_REGISTER
                0x08000588       0x50 ./Core/Src/CAN.o
                0x08000588                CAN_IC_WRITE_REGISTER
 .text.CAN_IC_WRITE_REGISTER_BITWISE
                0x080005d8       0x54 ./Core/Src/CAN.o
                0x080005d8                CAN_IC_WRITE_REGISTER_BITWISE
 .text.ConfigureCANSPI
                0x0800062c       0xa4 ./Core/Src/CAN.o
                0x0800062c                ConfigureCANSPI
 .text.checkAvailableTXChannel
                0x080006d0       0x76 ./Core/Src/CAN.o
                0x080006d0                checkAvailableTXChannel
 *fill*         0x08000746        0x2 
 .text.sendCANMessage
                0x08000748       0xe8 ./Core/Src/CAN.o
                0x08000748                sendCANMessage
 .text.sendExtendedCANMessage
                0x08000830      0x16c ./Core/Src/CAN.o
                0x08000830                sendExtendedCANMessage
 .text.receiveCANMessage
                0x0800099c      0x13c ./Core/Src/CAN.o
                0x0800099c                receiveCANMessage
 .text.CANRxInterruptTask
                0x08000ad8       0x16 ./Core/Src/CANRxInterruptTask.o
                0x08000ad8                CANRxInterruptTask
 *fill*         0x08000aee        0x2 
 .text.CANRxInterrupt
                0x08000af0       0x8c ./Core/Src/CANRxInterruptTask.o
                0x08000af0                CANRxInterrupt
 .text.CANTxGatekeeperTask
                0x08000b7c       0x1c ./Core/Src/CANTxGatekeeperTask.o
                0x08000b7c                CANTxGatekeeperTask
 .text.CANTxGatekeeper
                0x08000b98       0x64 ./Core/Src/CANTxGatekeeperTask.o
                0x08000b98                CANTxGatekeeper
 .text.main     0x08000bfc       0xdc ./Core/Src/main.o
                0x08000bfc                main
 .text.SystemClock_Config
                0x08000cd8       0xe0 ./Core/Src/main.o
                0x08000cd8                SystemClock_Config
 .text.MX_SPI1_Init
                0x08000db8       0x7c ./Core/Src/main.o
 .text.MX_SPI4_Init
                0x08000e34       0x7c ./Core/Src/main.o
 .text.MX_USART3_UART_Init
                0x08000eb0       0x60 ./Core/Src/main.o
 .text.MX_USB_OTG_FS_PCD_Init
                0x08000f10       0x5c ./Core/Src/main.o
 .text.MX_GPIO_Init
                0x08000f6c      0x2d0 ./Core/Src/main.o
 .text.HAL_GPIO_EXTI_Callback
                0x0800123c       0x54 ./Core/Src/main.o
                0x0800123c                HAL_GPIO_EXTI_Callback
 .text.StartDefaultTask
                0x08001290       0x10 ./Core/Src/main.o
                0x08001290                StartDefaultTask
 .text.HAL_TIM_PeriodElapsedCallback
                0x080012a0       0x24 ./Core/Src/main.o
                0x080012a0                HAL_TIM_PeriodElapsedCallback
 .text.Error_Handler
                0x080012c4        0xc ./Core/Src/main.o
                0x080012c4                Error_Handler
 .text.queueMessageTask1
                0x080012d0       0x44 ./Core/Src/queueMessageTask1.o
                0x080012d0                queueMessageTask1
 .text.HAL_MspInit
                0x08001314       0x50 ./Core/Src/stm32f7xx_hal_msp.o
                0x08001314                HAL_MspInit
 .text.HAL_SPI_MspInit
                0x08001364       0xec ./Core/Src/stm32f7xx_hal_msp.o
                0x08001364                HAL_SPI_MspInit
 .text.HAL_UART_MspInit
                0x08001450       0xc0 ./Core/Src/stm32f7xx_hal_msp.o
                0x08001450                HAL_UART_MspInit
 .text.HAL_PCD_MspInit
                0x08001510       0xf4 ./Core/Src/stm32f7xx_hal_msp.o
                0x08001510                HAL_PCD_MspInit
 .text.HAL_InitTick
                0x08001604       0xf4 ./Core/Src/stm32f7xx_hal_timebase_tim.o
                0x08001604                HAL_InitTick
 .text.NMI_Handler
                0x080016f8        0x8 ./Core/Src/stm32f7xx_it.o
                0x080016f8                NMI_Handler
 .text.HardFault_Handler
                0x08001700        0x8 ./Core/Src/stm32f7xx_it.o
                0x08001700                HardFault_Handler
 .text.MemManage_Handler
                0x08001708        0x8 ./Core/Src/stm32f7xx_it.o
                0x08001708                MemManage_Handler
 .text.BusFault_Handler
                0x08001710        0x8 ./Core/Src/stm32f7xx_it.o
                0x08001710                BusFault_Handler
 .text.UsageFault_Handler
                0x08001718        0x8 ./Core/Src/stm32f7xx_it.o
                0x08001718                UsageFault_Handler
 .text.DebugMon_Handler
                0x08001720        0xe ./Core/Src/stm32f7xx_it.o
                0x08001720                DebugMon_Handler
 .text.EXTI15_10_IRQHandler
                0x0800172e       0x28 ./Core/Src/stm32f7xx_it.o
                0x0800172e                EXTI15_10_IRQHandler
 *fill*         0x08001756        0x2 
 .text.TIM6_DAC_IRQHandler
                0x08001758       0x14 ./Core/Src/stm32f7xx_it.o
                0x08001758                TIM6_DAC_IRQHandler
 .text.SystemInit
                0x0800176c       0x24 ./Core/Src/system_stm32f7xx.o
                0x0800176c                SystemInit
 .text.Reset_Handler
                0x08001790       0x50 ./Core/Startup/startup_stm32f767zitx.o
                0x08001790                Reset_Handler
 .text.Default_Handler
                0x080017e0        0x2 ./Core/Startup/startup_stm32f767zitx.o
                0x080017e0                RTC_Alarm_IRQHandler
                0x080017e0                EXTI2_IRQHandler
                0x080017e0                TIM8_CC_IRQHandler
                0x080017e0                UART8_IRQHandler
                0x080017e0                SPI4_IRQHandler
                0x080017e0                TIM1_CC_IRQHandler
                0x080017e0                DMA2_Stream5_IRQHandler
                0x080017e0                JPEG_IRQHandler
                0x080017e0                DMA1_Stream5_IRQHandler
                0x080017e0                CAN3_RX1_IRQHandler
                0x080017e0                PVD_IRQHandler
                0x080017e0                TAMP_STAMP_IRQHandler
                0x080017e0                CAN2_RX1_IRQHandler
                0x080017e0                EXTI3_IRQHandler
                0x080017e0                TIM8_TRG_COM_TIM14_IRQHandler
                0x080017e0                DFSDM1_FLT1_IRQHandler
                0x080017e0                TIM1_UP_TIM10_IRQHandler
                0x080017e0                TIM8_UP_TIM13_IRQHandler
                0x080017e0                I2C3_ER_IRQHandler
                0x080017e0                DFSDM1_FLT2_IRQHandler
                0x080017e0                EXTI0_IRQHandler
                0x080017e0                I2C2_EV_IRQHandler
                0x080017e0                DMA1_Stream2_IRQHandler
                0x080017e0                CAN1_RX0_IRQHandler
                0x080017e0                FPU_IRQHandler
                0x080017e0                OTG_HS_WKUP_IRQHandler
                0x080017e0                CAN3_SCE_IRQHandler
                0x080017e0                LTDC_ER_IRQHandler
                0x080017e0                CAN2_SCE_IRQHandler
                0x080017e0                DMA2_Stream2_IRQHandler
                0x080017e0                SPI1_IRQHandler
                0x080017e0                TIM1_BRK_TIM9_IRQHandler
                0x080017e0                DCMI_IRQHandler
                0x080017e0                CAN2_RX0_IRQHandler
                0x080017e0                DMA2_Stream3_IRQHandler
                0x080017e0                SAI2_IRQHandler
                0x080017e0                DFSDM1_FLT3_IRQHandler
                0x080017e0                USART6_IRQHandler
                0x080017e0                CAN3_RX0_IRQHandler
                0x080017e0                USART3_IRQHandler
                0x080017e0                CAN1_RX1_IRQHandler
                0x080017e0                UART5_IRQHandler
                0x080017e0                DMA2_Stream0_IRQHandler
                0x080017e0                TIM4_IRQHandler
                0x080017e0                QUADSPI_IRQHandler
                0x080017e0                I2C1_EV_IRQHandler
                0x080017e0                DMA1_Stream6_IRQHandler
                0x080017e0                DMA1_Stream1_IRQHandler
                0x080017e0                UART4_IRQHandler
                0x080017e0                TIM3_IRQHandler
                0x080017e0                RCC_IRQHandler
                0x080017e0                TIM8_BRK_TIM12_IRQHandler
                0x080017e0                Default_Handler
                0x080017e0                CEC_IRQHandler
                0x080017e0                ADC_IRQHandler
                0x080017e0                DMA1_Stream7_IRQHandler
                0x080017e0                SPI5_IRQHandler
                0x080017e0                TIM7_IRQHandler
                0x080017e0                SDMMC1_IRQHandler
                0x080017e0                CAN2_TX_IRQHandler
                0x080017e0                TIM5_IRQHandler
                0x080017e0                DMA2_Stream7_IRQHandler
                0x080017e0                I2C3_EV_IRQHandler
                0x080017e0                EXTI9_5_IRQHandler
                0x080017e0                RTC_WKUP_IRQHandler
                0x080017e0                LTDC_IRQHandler
                0x080017e0                ETH_WKUP_IRQHandler
                0x080017e0                SPDIF_RX_IRQHandler
                0x080017e0                SPI2_IRQHandler
                0x080017e0                OTG_HS_EP1_IN_IRQHandler
                0x080017e0                DMA1_Stream0_IRQHandler
                0x080017e0                CAN1_TX_IRQHandler
                0x080017e0                EXTI4_IRQHandler
                0x080017e0                RNG_IRQHandler
                0x080017e0                ETH_IRQHandler
                0x080017e0                OTG_HS_EP1_OUT_IRQHandler
                0x080017e0                WWDG_IRQHandler
                0x080017e0                SPI6_IRQHandler
                0x080017e0                MDIOS_IRQHandler
                0x080017e0                I2C4_EV_IRQHandler
                0x080017e0                CAN3_TX_IRQHandler
                0x080017e0                TIM2_IRQHandler
                0x080017e0                OTG_FS_WKUP_IRQHandler
                0x080017e0                TIM1_TRG_COM_TIM11_IRQHandler
                0x080017e0                OTG_HS_IRQHandler
                0x080017e0                DMA2D_IRQHandler
                0x080017e0                EXTI1_IRQHandler
                0x080017e0                SDMMC2_IRQHandler
                0x080017e0                UART7_IRQHandler
                0x080017e0                USART2_IRQHandler
                0x080017e0                DFSDM1_FLT0_IRQHandler
                0x080017e0                I2C2_ER_IRQHandler
                0x080017e0                DMA2_Stream1_IRQHandler
                0x080017e0                CAN1_SCE_IRQHandler
                0x080017e0                FLASH_IRQHandler
                0x080017e0                DMA2_Stream4_IRQHandler
                0x080017e0                USART1_IRQHandler
                0x080017e0                OTG_FS_IRQHandler
                0x080017e0                SPI3_IRQHandler
                0x080017e0                DMA1_Stream4_IRQHandler
                0x080017e0                I2C1_ER_IRQHandler
                0x080017e0                FMC_IRQHandler
                0x080017e0                LPTIM1_IRQHandler
                0x080017e0                I2C4_ER_IRQHandler
                0x080017e0                DMA2_Stream6_IRQHandler
                0x080017e0                SAI1_IRQHandler
                0x080017e0                DMA1_Stream3_IRQHandler
 .text.HAL_Init
                0x080017e2       0x1a ./Drivers/STM32F7xx_HAL_Driver/Src/stm32f7xx_hal.o
                0x080017e2                HAL_Init
 .text.HAL_IncTick
                0x080017fc       0x28 ./Drivers/STM32F7xx_HAL_Driver/Src/stm32f7xx_hal.o
                0x080017fc                HAL_IncTick
 .text.HAL_GetTick
                0x08001824       0x18 ./Drivers/STM32F7xx_HAL_Driver/Src/stm32f7xx_hal.o
                0x08001824                HAL_GetTick
 .text.HAL_Delay
                0x0800183c       0x48 ./Drivers/STM32F7xx_HAL_Driver/Src/stm32f7xx_hal.o
                0x0800183c                HAL_Delay
 .text.__NVIC_SetPriorityGrouping
                0x08001884       0x48 ./Drivers/STM32F7xx_HAL_Driver/Src/stm32f7xx_hal_cortex.o
 .text.__NVIC_GetPriorityGrouping
                0x080018cc       0x1c ./Drivers/STM32F7xx_HAL_Driver/Src/stm32f7xx_hal_cortex.o
 .text.__NVIC_EnableIRQ
                0x080018e8       0x3c ./Drivers/STM32F7xx_HAL_Driver/Src/stm32f7xx_hal_cortex.o
 .text.__NVIC_SetPriority
                0x08001924       0x54 ./Drivers/STM32F7xx_HAL_Driver/Src/stm32f7xx_hal_cortex.o
 .text.NVIC_EncodePriority
                0x08001978       0x66 ./Drivers/STM32F7xx_HAL_Driver/Src/stm32f7xx_hal_cortex.o
 .text.HAL_NVIC_SetPriorityGrouping
                0x080019de       0x16 ./Drivers/STM32F7xx_HAL_Driver/Src/stm32f7xx_hal_cortex.o
                0x080019de                HAL_NVIC_SetPriorityGrouping
 .text.HAL_NVIC_SetPriority
                0x080019f4       0x38 ./Drivers/STM32F7xx_HAL_Driver/Src/stm32f7xx_hal_cortex.o
                0x080019f4                HAL_NVIC_SetPriority
 .text.HAL_NVIC_EnableIRQ
                0x08001a2c       0x1c ./Drivers/STM32F7xx_HAL_Driver/Src/stm32f7xx_hal_cortex.o
                0x08001a2c                HAL_NVIC_EnableIRQ
 .text.HAL_GPIO_Init
                0x08001a48      0x358 ./Drivers/STM32F7xx_HAL_Driver/Src/stm32f7xx_hal_gpio.o
                0x08001a48                HAL_GPIO_Init
 .text.HAL_GPIO_WritePin
                0x08001da0       0x32 ./Drivers/STM32F7xx_HAL_Driver/Src/stm32f7xx_hal_gpio.o
                0x08001da0                HAL_GPIO_WritePin
 *fill*         0x08001dd2        0x2 
 .text.HAL_GPIO_EXTI_IRQHandler
                0x08001dd4       0x30 ./Drivers/STM32F7xx_HAL_Driver/Src/stm32f7xx_hal_gpio.o
                0x08001dd4                HAL_GPIO_EXTI_IRQHandler
 .text.HAL_PCD_Init
                0x08001e04      0x248 ./Drivers/STM32F7xx_HAL_Driver/Src/stm32f7xx_hal_pcd.o
                0x08001e04                HAL_PCD_Init
 .text.HAL_PCDEx_ActivateLPM
                0x0800204c       0x48 ./Drivers/STM32F7xx_HAL_Driver/Src/stm32f7xx_hal_pcd_ex.o
                0x0800204c                HAL_PCDEx_ActivateLPM
 .text.HAL_PWREx_EnableOverDrive
                0x08002094       0xa0 ./Drivers/STM32F7xx_HAL_Driver/Src/stm32f7xx_hal_pwr_ex.o
                0x08002094                HAL_PWREx_EnableOverDrive
 .text.HAL_RCC_OscConfig
                0x08002134      0x55c ./Drivers/STM32F7xx_HAL_Driver/Src/stm32f7xx_hal_rcc.o
                0x08002134                HAL_RCC_OscConfig
 .text.HAL_RCC_ClockConfig
                0x08002690      0x1d8 ./Drivers/STM32F7xx_HAL_Driver/Src/stm32f7xx_hal_rcc.o
                0x08002690                HAL_RCC_ClockConfig
 .text.HAL_RCC_GetSysClockFreq
                0x08002868      0x20c ./Drivers/STM32F7xx_HAL_Driver/Src/stm32f7xx_hal_rcc.o
                0x08002868                HAL_RCC_GetSysClockFreq
 .text.HAL_RCC_GetHCLKFreq
                0x08002a74       0x18 ./Drivers/STM32F7xx_HAL_Driver/Src/stm32f7xx_hal_rcc.o
                0x08002a74                HAL_RCC_GetHCLKFreq
 .text.HAL_RCC_GetPCLK1Freq
                0x08002a8c       0x28 ./Drivers/STM32F7xx_HAL_Driver/Src/stm32f7xx_hal_rcc.o
                0x08002a8c                HAL_RCC_GetPCLK1Freq
 .text.HAL_RCC_GetPCLK2Freq
                0x08002ab4       0x28 ./Drivers/STM32F7xx_HAL_Driver/Src/stm32f7xx_hal_rcc.o
                0x08002ab4                HAL_RCC_GetPCLK2Freq
 .text.HAL_RCC_GetClockConfig
                0x08002adc       0x64 ./Drivers/STM32F7xx_HAL_Driver/Src/stm32f7xx_hal_rcc.o
                0x08002adc                HAL_RCC_GetClockConfig
 .text.HAL_RCCEx_PeriphCLKConfig
                0x08002b40      0x850 ./Drivers/STM32F7xx_HAL_Driver/Src/stm32f7xx_hal_rcc_ex.o
                0x08002b40                HAL_RCCEx_PeriphCLKConfig
 .text.HAL_SPI_Init
                0x08003390      0x156 ./Drivers/STM32F7xx_HAL_Driver/Src/stm32f7xx_hal_spi.o
                0x08003390                HAL_SPI_Init
 .text.HAL_SPI_Transmit
                0x080034e6      0x2dc ./Drivers/STM32F7xx_HAL_Driver/Src/stm32f7xx_hal_spi.o
                0x080034e6                HAL_SPI_Transmit
 .text.HAL_SPI_Receive
                0x080037c2      0x260 ./Drivers/STM32F7xx_HAL_Driver/Src/stm32f7xx_hal_spi.o
                0x080037c2                HAL_SPI_Receive
 .text.HAL_SPI_TransmitReceive
                0x08003a22      0x426 ./Drivers/STM32F7xx_HAL_Driver/Src/stm32f7xx_hal_spi.o
                0x08003a22                HAL_SPI_TransmitReceive
 .text.SPI_WaitFlagStateUntilTimeout
                0x08003e48      0x110 ./Drivers/STM32F7xx_HAL_Driver/Src/stm32f7xx_hal_spi.o
 .text.SPI_WaitFifoStateUntilTimeout
                0x08003f58      0x12c ./Drivers/STM32F7xx_HAL_Driver/Src/stm32f7xx_hal_spi.o
 .text.SPI_EndRxTransaction
                0x08004084       0xf8 ./Drivers/STM32F7xx_HAL_Driver/Src/stm32f7xx_hal_spi.o
 .text.SPI_EndRxTxTransaction
                0x0800417c       0xd4 ./Drivers/STM32F7xx_HAL_Driver/Src/stm32f7xx_hal_spi.o
 .text.HAL_TIM_Base_Init
                0x08004250       0xae ./Drivers/STM32F7xx_HAL_Driver/Src/stm32f7xx_hal_tim.o
                0x08004250                HAL_TIM_Base_Init
 .text.HAL_TIM_Base_MspInit
                0x080042fe       0x14 ./Drivers/STM32F7xx_HAL_Driver/Src/stm32f7xx_hal_tim.o
                0x080042fe                HAL_TIM_Base_MspInit
 *fill*         0x08004312        0x2 
 .text.HAL_TIM_Base_Start_IT
                0x08004314       0xf0 ./Drivers/STM32F7xx_HAL_Driver/Src/stm32f7xx_hal_tim.o
                0x08004314                HAL_TIM_Base_Start_IT
 .text.HAL_TIM_IRQHandler
                0x08004404      0x23e ./Drivers/STM32F7xx_HAL_Driver/Src/stm32f7xx_hal_tim.o
                0x08004404                HAL_TIM_IRQHandler
 .text.HAL_TIM_OC_DelayElapsedCallback
                0x08004642       0x14 ./Drivers/STM32F7xx_HAL_Driver/Src/stm32f7xx_hal_tim.o
                0x08004642                HAL_TIM_OC_DelayElapsedCallback
 .text.HAL_TIM_IC_CaptureCallback
                0x08004656       0x14 ./Drivers/STM32F7xx_HAL_Driver/Src/stm32f7xx_hal_tim.o
                0x08004656                HAL_TIM_IC_CaptureCallback
 .text.HAL_TIM_PWM_PulseFinishedCallback
                0x0800466a       0x14 ./Drivers/STM32F7xx_HAL_Driver/Src/stm32f7xx_hal_tim.o
                0x0800466a                HAL_TIM_PWM_PulseFinishedCallback
 .text.HAL_TIM_TriggerCallback
                0x0800467e       0x14 ./Drivers/STM32F7xx_HAL_Driver/Src/stm32f7xx_hal_tim.o
                0x0800467e                HAL_TIM_TriggerCallback
 *fill*         0x08004692        0x2 
 .text.TIM_Base_SetConfig
                0x08004694      0x140 ./Drivers/STM32F7xx_HAL_Driver/Src/stm32f7xx_hal_tim.o
                0x08004694                TIM_Base_SetConfig
 .text.HAL_TIMEx_CommutCallback
                0x080047d4       0x14 ./Drivers/STM32F7xx_HAL_Driver/Src/stm32f7xx_hal_tim_ex.o
                0x080047d4                HAL_TIMEx_CommutCallback
 .text.HAL_TIMEx_BreakCallback
                0x080047e8       0x14 ./Drivers/STM32F7xx_HAL_Driver/Src/stm32f7xx_hal_tim_ex.o
                0x080047e8                HAL_TIMEx_BreakCallback
 .text.HAL_TIMEx_Break2Callback
                0x080047fc       0x14 ./Drivers/STM32F7xx_HAL_Driver/Src/stm32f7xx_hal_tim_ex.o
                0x080047fc                HAL_TIMEx_Break2Callback
 .text.HAL_UART_Init
                0x08004810       0x9c ./Drivers/STM32F7xx_HAL_Driver/Src/stm32f7xx_hal_uart.o
                0x08004810                HAL_UART_Init
 .text.UART_SetConfig
                0x080048ac      0x4c8 ./Drivers/STM32F7xx_HAL_Driver/Src/stm32f7xx_hal_uart.o
                0x080048ac                UART_SetConfig
 .text.UART_AdvFeatureConfig
                0x08004d74      0x144 ./Drivers/STM32F7xx_HAL_Driver/Src/stm32f7xx_hal_uart.o
                0x08004d74                UART_AdvFeatureConfig
 .text.UART_CheckIdleState
                0x08004eb8       0x9a ./Drivers/STM32F7xx_HAL_Driver/Src/stm32f7xx_hal_uart.o
                0x08004eb8                UART_CheckIdleState
 .text.UART_WaitOnFlagUntilTimeout
                0x08004f52      0x18c ./Drivers/STM32F7xx_HAL_Driver/Src/stm32f7xx_hal_uart.o
                0x08004f52                UART_WaitOnFlagUntilTimeout
 *fill*         0x080050de        0x2 
 .text.USB_CoreInit
                0x080050e0       0xb0 ./Drivers/STM32F7xx_HAL_Driver/Src/stm32f7xx_ll_usb.o
                0x080050e0                USB_CoreInit
 .text.USB_DisableGlobalInt
                0x08005190       0x22 ./Drivers/STM32F7xx_HAL_Driver/Src/stm32f7xx_ll_usb.o
                0x08005190                USB_DisableGlobalInt
 .text.USB_SetCurrentMode
                0x080051b2       0x98 ./Drivers/STM32F7xx_HAL_Driver/Src/stm32f7xx_ll_usb.o
                0x080051b2                USB_SetCurrentMode
 *fill*         0x0800524a        0x2 
 .text.USB_DevInit
                0x0800524c      0x2bc ./Drivers/STM32F7xx_HAL_Driver/Src/stm32f7xx_ll_usb.o
                0x0800524c                USB_DevInit
 .text.USB_FlushTxFifo
                0x08005508       0x68 ./Drivers/STM32F7xx_HAL_Driver/Src/stm32f7xx_ll_usb.o
                0x08005508                USB_FlushTxFifo
 .text.USB_FlushRxFifo
                0x08005570       0x60 ./Drivers/STM32F7xx_HAL_Driver/Src/stm32f7xx_ll_usb.o
                0x08005570                USB_FlushRxFifo
 .text.USB_SetDevSpeed
                0x080055d0       0x32 ./Drivers/STM32F7xx_HAL_Driver/Src/stm32f7xx_ll_usb.o
                0x080055d0                USB_SetDevSpeed
 .text.USB_DevDisconnect
                0x08005602       0x42 ./Drivers/STM32F7xx_HAL_Driver/Src/stm32f7xx_ll_usb.o
                0x08005602                USB_DevDisconnect
 .text.USB_GetMode
                0x08005644       0x1c ./Drivers/STM32F7xx_HAL_Driver/Src/stm32f7xx_ll_usb.o
                0x08005644                USB_GetMode
 .text.USB_CoreReset
                0x08005660       0x68 ./Drivers/STM32F7xx_HAL_Driver/Src/stm32f7xx_ll_usb.o
 .text.SVC_Setup
                0x080056c8        0xe ./Middlewares/Third_Party/FreeRTOS/Source/CMSIS_RTOS_V2/cmsis_os2.o
 *fill*         0x080056d6        0x2 
 .text.osKernelInitialize
                0x080056d8       0x68 ./Middlewares/Third_Party/FreeRTOS/Source/CMSIS_RTOS_V2/cmsis_os2.o
                0x080056d8                osKernelInitialize
 .text.osKernelStart
                0x08005740       0x6c ./Middlewares/Third_Party/FreeRTOS/Source/CMSIS_RTOS_V2/cmsis_os2.o
                0x08005740                osKernelStart
 .text.osThreadNew
                0x080057ac      0x14c ./Middlewares/Third_Party/FreeRTOS/Source/CMSIS_RTOS_V2/cmsis_os2.o
                0x080057ac                osThreadNew
 .text.osDelay  0x080058f8       0x5c ./Middlewares/Third_Party/FreeRTOS/Source/CMSIS_RTOS_V2/cmsis_os2.o
                0x080058f8                osDelay
 .text.osDelayUntil
                0x08005954       0x80 ./Middlewares/Third_Party/FreeRTOS/Source/CMSIS_RTOS_V2/cmsis_os2.o
                0x08005954                osDelayUntil
 .text.osMutexNew
                0x080059d4      0x134 ./Middlewares/Third_Party/FreeRTOS/Source/CMSIS_RTOS_V2/cmsis_os2.o
                0x080059d4                osMutexNew
 .text.osMutexAcquire
                0x08005b08       0xbc ./Middlewares/Third_Party/FreeRTOS/Source/CMSIS_RTOS_V2/cmsis_os2.o
                0x08005b08                osMutexAcquire
 .text.osMutexRelease
                0x08005bc4       0xa0 ./Middlewares/Third_Party/FreeRTOS/Source/CMSIS_RTOS_V2/cmsis_os2.o
                0x08005bc4                osMutexRelease
 .text.osMessageQueueNew
                0x08005c64      0x10c ./Middlewares/Third_Party/FreeRTOS/Source/CMSIS_RTOS_V2/cmsis_os2.o
                0x08005c64                osMessageQueueNew
 .text.osMessageQueuePut
                0x08005d70       0xe8 ./Middlewares/Third_Party/FreeRTOS/Source/CMSIS_RTOS_V2/cmsis_os2.o
                0x08005d70                osMessageQueuePut
 .text.osMessageQueueGet
                0x08005e58       0xe4 ./Middlewares/Third_Party/FreeRTOS/Source/CMSIS_RTOS_V2/cmsis_os2.o
                0x08005e58                osMessageQueueGet
 .text.vApplicationGetIdleTaskMemory
                0x08005f3c       0x34 ./Middlewares/Third_Party/FreeRTOS/Source/CMSIS_RTOS_V2/cmsis_os2.o
                0x08005f3c                vApplicationGetIdleTaskMemory
 .text.vApplicationGetTimerTaskMemory
                0x08005f70       0x34 ./Middlewares/Third_Party/FreeRTOS/Source/CMSIS_RTOS_V2/cmsis_os2.o
                0x08005f70                vApplicationGetTimerTaskMemory
 .text.vListInitialise
                0x08005fa4       0x40 ./Middlewares/Third_Party/FreeRTOS/Source/list.o
                0x08005fa4                vListInitialise
 .text.vListInitialiseItem
                0x08005fe4       0x1a ./Middlewares/Third_Party/FreeRTOS/Source/list.o
                0x08005fe4                vListInitialiseItem
 .text.vListInsertEnd
                0x08005ffe       0x48 ./Middlewares/Third_Party/FreeRTOS/Source/list.o
                0x08005ffe                vListInsertEnd
 .text.vListInsert
                0x08006046       0x72 ./Middlewares/Third_Party/FreeRTOS/Source/list.o
                0x08006046                vListInsert
 .text.uxListRemove
                0x080060b8       0x54 ./Middlewares/Third_Party/FreeRTOS/Source/list.o
                0x080060b8                uxListRemove
 .text.xQueueGenericReset
                0x0800610c       0xd8 ./Middlewares/Third_Party/FreeRTOS/Source/queue.o
                0x0800610c                xQueueGenericReset
 .text.xQueueGenericCreateStatic
                0x080061e4      0x10e ./Middlewares/Third_Party/FreeRTOS/Source/queue.o
                0x080061e4                xQueueGenericCreateStatic
 .text.xQueueGenericCreate
                0x080062f2       0x86 ./Middlewares/Third_Party/FreeRTOS/Source/queue.o
                0x080062f2                xQueueGenericCreate
 .text.prvInitialiseNewQueue
                0x08006378       0x46 ./Middlewares/Third_Party/FreeRTOS/Source/queue.o
 .text.prvInitialiseMutex
                0x080063be       0x34 ./Middlewares/Third_Party/FreeRTOS/Source/queue.o
 .text.xQueueCreateMutex
                0x080063f2       0x30 ./Middlewares/Third_Party/FreeRTOS/Source/queue.o
                0x080063f2                xQueueCreateMutex
 .text.xQueueCreateMutexStatic
                0x08006422       0x36 ./Middlewares/Third_Party/FreeRTOS/Source/queue.o
                0x08006422                xQueueCreateMutexStatic
 .text.xQueueGiveMutexRecursive
                0x08006458       0x6e ./Middlewares/Third_Party/FreeRTOS/Source/queue.o
                0x08006458                xQueueGiveMutexRecursive
 .text.xQueueTakeMutexRecursive
                0x080064c6       0x72 ./Middlewares/Third_Party/FreeRTOS/Source/queue.o
                0x080064c6                xQueueTakeMutexRecursive
 .text.xQueueGenericSend
                0x08006538      0x214 ./Middlewares/Third_Party/FreeRTOS/Source/queue.o
                0x08006538                xQueueGenericSend
 .text.xQueueGenericSendFromISR
                0x0800674c      0x146 ./Middlewares/Third_Party/FreeRTOS/Source/queue.o
                0x0800674c                xQueueGenericSendFromISR
 *fill*         0x08006892        0x2 
 .text.xQueueReceive
                0x08006894      0x1d0 ./Middlewares/Third_Party/FreeRTOS/Source/queue.o
                0x08006894                xQueueReceive
 .text.xQueueSemaphoreTake
                0x08006a64      0x230 ./Middlewares/Third_Party/FreeRTOS/Source/queue.o
                0x08006a64                xQueueSemaphoreTake
 .text.xQueueReceiveFromISR
                0x08006c94      0x110 ./Middlewares/Third_Party/FreeRTOS/Source/queue.o
                0x08006c94                xQueueReceiveFromISR
 .text.prvGetDisinheritPriorityAfterTimeout
                0x08006da4       0x30 ./Middlewares/Third_Party/FreeRTOS/Source/queue.o
 .text.prvCopyDataToQueue
                0x08006dd4       0xd4 ./Middlewares/Third_Party/FreeRTOS/Source/queue.o
 .text.prvCopyDataFromQueue
                0x08006ea8       0x4c ./Middlewares/Third_Party/FreeRTOS/Source/queue.o
 .text.prvUnlockQueue
                0x08006ef4       0xa4 ./Middlewares/Third_Party/FreeRTOS/Source/queue.o
 .text.prvIsQueueEmpty
                0x08006f98       0x2c ./Middlewares/Third_Party/FreeRTOS/Source/queue.o
 .text.prvIsQueueFull
                0x08006fc4       0x30 ./Middlewares/Third_Party/FreeRTOS/Source/queue.o
 .text.vQueueAddToRegistry
                0x08006ff4       0x54 ./Middlewares/Third_Party/FreeRTOS/Source/queue.o
                0x08006ff4                vQueueAddToRegistry
 .text.vQueueWaitForMessageRestricted
                0x08007048       0x68 ./Middlewares/Third_Party/FreeRTOS/Source/queue.o
                0x08007048                vQueueWaitForMessageRestricted
 .text.xTaskCreateStatic
                0x080070b0       0xcc ./Middlewares/Third_Party/FreeRTOS/Source/tasks.o
                0x080070b0                xTaskCreateStatic
 .text.xTaskCreate
                0x0800717c       0x8a ./Middlewares/Third_Party/FreeRTOS/Source/tasks.o
                0x0800717c                xTaskCreate
 *fill*         0x08007206        0x2 
 .text.prvInitialiseNewTask
                0x08007208      0x154 ./Middlewares/Third_Party/FreeRTOS/Source/tasks.o
 .text.prvAddNewTaskToReadyList
                0x0800735c       0xe0 ./Middlewares/Third_Party/FreeRTOS/Source/tasks.o
 .text.vTaskDelayUntil
                0x0800743c      0x10c ./Middlewares/Third_Party/FreeRTOS/Source/tasks.o
                0x0800743c                vTaskDelayUntil
 .text.vTaskDelay
                0x08007548       0x70 ./Middlewares/Third_Party/FreeRTOS/Source/tasks.o
                0x08007548                vTaskDelay
 .text.vTaskStartScheduler
                0x080075b8       0xe8 ./Middlewares/Third_Party/FreeRTOS/Source/tasks.o
                0x080075b8                vTaskStartScheduler
 .text.vTaskSuspendAll
                0x080076a0       0x1c ./Middlewares/Third_Party/FreeRTOS/Source/tasks.o
                0x080076a0                vTaskSuspendAll
 .text.xTaskResumeAll
                0x080076bc      0x140 ./Middlewares/Third_Party/FreeRTOS/Source/tasks.o
                0x080076bc                xTaskResumeAll
 .text.xTaskGetTickCount
                0x080077fc       0x20 ./Middlewares/Third_Party/FreeRTOS/Source/tasks.o
                0x080077fc                xTaskGetTickCount
 .text.xTaskIncrementTick
                0x0800781c      0x178 ./Middlewares/Third_Party/FreeRTOS/Source/tasks.o
                0x0800781c                xTaskIncrementTick
 .text.vTaskSwitchContext
                0x08007994       0xd0 ./Middlewares/Third_Party/FreeRTOS/Source/tasks.o
                0x08007994                vTaskSwitchContext
 .text.vTaskPlaceOnEventList
                0x08007a64       0x50 ./Middlewares/Third_Party/FreeRTOS/Source/tasks.o
                0x08007a64                vTaskPlaceOnEventList
 .text.vTaskPlaceOnEventListRestricted
                0x08007ab4       0x5c ./Middlewares/Third_Party/FreeRTOS/Source/tasks.o
                0x08007ab4                vTaskPlaceOnEventListRestricted
 .text.xTaskRemoveFromEventList
                0x08007b10       0xcc ./Middlewares/Third_Party/FreeRTOS/Source/tasks.o
                0x08007b10                xTaskRemoveFromEventList
 .text.vTaskInternalSetTimeOutState
                0x08007bdc       0x2c ./Middlewares/Third_Party/FreeRTOS/Source/tasks.o
                0x08007bdc                vTaskInternalSetTimeOutState
 .text.xTaskCheckForTimeOut
                0x08007c08       0xd0 ./Middlewares/Third_Party/FreeRTOS/Source/tasks.o
                0x08007c08                xTaskCheckForTimeOut
 .text.vTaskMissedYield
                0x08007cd8       0x18 ./Middlewares/Third_Party/FreeRTOS/Source/tasks.o
                0x08007cd8                vTaskMissedYield
 .text.prvIdleTask
                0x08007cf0       0x30 ./Middlewares/Third_Party/FreeRTOS/Source/tasks.o
 .text.prvInitialiseTaskLists
                0x08007d20       0x80 ./Middlewares/Third_Party/FreeRTOS/Source/tasks.o
 .text.prvCheckTasksWaitingTermination
                0x08007da0       0x5c ./Middlewares/Third_Party/FreeRTOS/Source/tasks.o
 .text.prvDeleteTCB
                0x08007dfc       0x6e ./Middlewares/Third_Party/FreeRTOS/Source/tasks.o
 *fill*         0x08007e6a        0x2 
 .text.prvResetNextTaskUnblockTime
                0x08007e6c       0x40 ./Middlewares/Third_Party/FreeRTOS/Source/tasks.o
 .text.xTaskGetCurrentTaskHandle
                0x08007eac       0x20 ./Middlewares/Third_Party/FreeRTOS/Source/tasks.o
                0x08007eac                xTaskGetCurrentTaskHandle
 .text.xTaskGetSchedulerState
                0x08007ecc       0x3c ./Middlewares/Third_Party/FreeRTOS/Source/tasks.o
                0x08007ecc                xTaskGetSchedulerState
 .text.xTaskPriorityInherit
                0x08007f08       0xd0 ./Middlewares/Third_Party/FreeRTOS/Source/tasks.o
                0x08007f08                xTaskPriorityInherit
 .text.xTaskPriorityDisinherit
                0x08007fd8       0xe8 ./Middlewares/Third_Party/FreeRTOS/Source/tasks.o
                0x08007fd8                xTaskPriorityDisinherit
 .text.vTaskPriorityDisinheritAfterTimeout
                0x080080c0      0x110 ./Middlewares/Third_Party/FreeRTOS/Source/tasks.o
                0x080080c0                vTaskPriorityDisinheritAfterTimeout
 .text.pvTaskIncrementMutexHeldCount
                0x080081d0       0x28 ./Middlewares/Third_Party/FreeRTOS/Source/tasks.o
                0x080081d0                pvTaskIncrementMutexHeldCount
 .text.prvAddCurrentTaskToDelayedList
                0x080081f8       0xa8 ./Middlewares/Third_Party/FreeRTOS/Source/tasks.o
 .text.xTimerCreateTimerTask
                0x080082a0       0x98 ./Middlewares/Third_Party/FreeRTOS/Source/timers.o
                0x080082a0                xTimerCreateTimerTask
 .text.xTimerGenericCommand
                0x08008338       0xa0 ./Middlewares/Third_Party/FreeRTOS/Source/timers.o
                0x08008338                xTimerGenericCommand
 .text.prvProcessExpiredTimer
                0x080083d8       0xa0 ./Middlewares/Third_Party/FreeRTOS/Source/timers.o
 .text.prvTimerTask
                0x08008478       0x26 ./Middlewares/Third_Party/FreeRTOS/Source/timers.o
 *fill*         0x0800849e        0x2 
 .text.prvProcessTimerOrBlockTask
                0x080084a0       0x9c ./Middlewares/Third_Party/FreeRTOS/Source/timers.o
 .text.prvGetNextExpireTime
                0x0800853c       0x48 ./Middlewares/Third_Party/FreeRTOS/Source/timers.o
 .text.prvSampleTimeNow
                0x08008584       0x40 ./Middlewares/Third_Party/FreeRTOS/Source/timers.o
 .text.prvInsertTimerInActiveList
                0x080085c4       0x84 ./Middlewares/Third_Party/FreeRTOS/Source/timers.o
 .text.prvProcessReceivedCommands
                0x08008648      0x1d8 ./Middlewares/Third_Party/FreeRTOS/Source/timers.o
 .text.prvSwitchTimerLists
                0x08008820       0xd0 ./Middlewares/Third_Party/FreeRTOS/Source/timers.o
 .text.prvCheckForValidListAndQueue
                0x080088f0       0x80 ./Middlewares/Third_Party/FreeRTOS/Source/timers.o
 .text.pxPortInitialiseStack
                0x08008970       0x68 ./Middlewares/Third_Party/FreeRTOS/Source/portable/GCC/ARM_CM7/r0p1/port.o
                0x08008970                pxPortInitialiseStack
 .text.prvTaskExitError
                0x080089d8       0x64 ./Middlewares/Third_Party/FreeRTOS/Source/portable/GCC/ARM_CM7/r0p1/port.o
 *fill*         0x08008a3c        0x4 
 .text.SVC_Handler
                0x08008a40       0x28 ./Middlewares/Third_Party/FreeRTOS/Source/portable/GCC/ARM_CM7/r0p1/port.o
                0x08008a40                SVC_Handler
 .text.prvPortStartFirstTask
                0x08008a68       0x28 ./Middlewares/Third_Party/FreeRTOS/Source/portable/GCC/ARM_CM7/r0p1/port.o
 .text.xPortStartScheduler
                0x08008a90       0xfc ./Middlewares/Third_Party/FreeRTOS/Source/portable/GCC/ARM_CM7/r0p1/port.o
                0x08008a90                xPortStartScheduler
 .text.vPortEnterCritical
                0x08008b8c       0x6c ./Middlewares/Third_Party/FreeRTOS/Source/portable/GCC/ARM_CM7/r0p1/port.o
                0x08008b8c                vPortEnterCritical
 .text.vPortExitCritical
                0x08008bf8       0x58 ./Middlewares/Third_Party/FreeRTOS/Source/portable/GCC/ARM_CM7/r0p1/port.o
                0x08008bf8                vPortExitCritical
 .text.PendSV_Handler
                0x08008c50       0x68 ./Middlewares/Third_Party/FreeRTOS/Source/portable/GCC/ARM_CM7/r0p1/port.o
                0x08008c50                PendSV_Handler
 .text.SysTick_Handler
                0x08008cb8       0x48 ./Middlewares/Third_Party/FreeRTOS/Source/portable/GCC/ARM_CM7/r0p1/port.o
                0x08008cb8                SysTick_Handler
 .text.vPortSetupTimerInterrupt
                0x08008d00       0x48 ./Middlewares/Third_Party/FreeRTOS/Source/portable/GCC/ARM_CM7/r0p1/port.o
                0x08008d00                vPortSetupTimerInterrupt
 .text.vPortEnableVFP
                0x08008d48       0x14 ./Middlewares/Third_Party/FreeRTOS/Source/portable/GCC/ARM_CM7/r0p1/port.o
 .text.vPortValidateInterruptPriority
                0x08008d5c       0x8c ./Middlewares/Third_Party/FreeRTOS/Source/portable/GCC/ARM_CM7/r0p1/port.o
                0x08008d5c                vPortValidateInterruptPriority
 .text.pvPortMalloc
                0x08008de8      0x19c ./Middlewares/Third_Party/FreeRTOS/Source/portable/MemMang/heap_4.o
                0x08008de8                pvPortMalloc
 .text.vPortFree
                0x08008f84       0xc0 ./Middlewares/Third_Party/FreeRTOS/Source/portable/MemMang/heap_4.o
                0x08008f84                vPortFree
 .text.prvHeapInit
                0x08009044       0xc4 ./Middlewares/Third_Party/FreeRTOS/Source/portable/MemMang/heap_4.o
 .text.prvInsertBlockIntoFreeList
                0x08009108       0xb4 ./Middlewares/Third_Party/FreeRTOS/Source/portable/MemMang/heap_4.o
 .text.memset   0x080091bc       0x10 C:/ST/STM32CubeIDE_1.12.1/STM32CubeIDE/plugins/com.st.stm32cube.ide.mcu.externaltools.gnu-tools-for-stm32.12.3.rel1.win32_1.0.100.202403111256/tools/bin/../lib/gcc/arm-none-eabi/12.3.1/../../../../arm-none-eabi/lib/thumb/v7e-m+dp/hard\libc_nano.a(libc_a-memset.o)
                0x080091bc                memset
 .text._reclaim_reent
                0x080091cc       0xac C:/ST/STM32CubeIDE_1.12.1/STM32CubeIDE/plugins/com.st.stm32cube.ide.mcu.externaltools.gnu-tools-for-stm32.12.3.rel1.win32_1.0.100.202403111256/tools/bin/../lib/gcc/arm-none-eabi/12.3.1/../../../../arm-none-eabi/lib/thumb/v7e-m+dp/hard\libc_nano.a(libc_a-reent.o)
                0x080091cc                _reclaim_reent
 .text.__libc_init_array
                0x08009278       0x48 C:/ST/STM32CubeIDE_1.12.1/STM32CubeIDE/plugins/com.st.stm32cube.ide.mcu.externaltools.gnu-tools-for-stm32.12.3.rel1.win32_1.0.100.202403111256/tools/bin/../lib/gcc/arm-none-eabi/12.3.1/../../../../arm-none-eabi/lib/thumb/v7e-m+dp/hard\libc_nano.a(libc_a-init.o)
                0x08009278                __libc_init_array
 .text.__retarget_lock_acquire_recursive
                0x080092c0        0x2 C:/ST/STM32CubeIDE_1.12.1/STM32CubeIDE/plugins/com.st.stm32cube.ide.mcu.externaltools.gnu-tools-for-stm32.12.3.rel1.win32_1.0.100.202403111256/tools/bin/../lib/gcc/arm-none-eabi/12.3.1/../../../../arm-none-eabi/lib/thumb/v7e-m+dp/hard\libc_nano.a(libc_a-lock.o)
                0x080092c0                __retarget_lock_acquire_recursive
 .text.__retarget_lock_release_recursive
                0x080092c2        0x2 C:/ST/STM32CubeIDE_1.12.1/STM32CubeIDE/plugins/com.st.stm32cube.ide.mcu.externaltools.gnu-tools-for-stm32.12.3.rel1.win32_1.0.100.202403111256/tools/bin/../lib/gcc/arm-none-eabi/12.3.1/../../../../arm-none-eabi/lib/thumb/v7e-m+dp/hard\libc_nano.a(libc_a-lock.o)
                0x080092c2                __retarget_lock_release_recursive
 .text.memcpy   0x080092c4       0x1c C:/ST/STM32CubeIDE_1.12.1/STM32CubeIDE/plugins/com.st.stm32cube.ide.mcu.externaltools.gnu-tools-for-stm32.12.3.rel1.win32_1.0.100.202403111256/tools/bin/../lib/gcc/arm-none-eabi/12.3.1/../../../../arm-none-eabi/lib/thumb/v7e-m+dp/hard\libc_nano.a(libc_a-memcpy-stub.o)
                0x080092c4                memcpy
 .text._free_r  0x080092e0       0x94 C:/ST/STM32CubeIDE_1.12.1/STM32CubeIDE/plugins/com.st.stm32cube.ide.mcu.externaltools.gnu-tools-for-stm32.12.3.rel1.win32_1.0.100.202403111256/tools/bin/../lib/gcc/arm-none-eabi/12.3.1/../../../../arm-none-eabi/lib/thumb/v7e-m+dp/hard\libc_nano.a(libc_a-freer.o)
                0x080092e0                _free_r
 .text.__malloc_lock
                0x08009374        0xc C:/ST/STM32CubeIDE_1.12.1/STM32CubeIDE/plugins/com.st.stm32cube.ide.mcu.externaltools.gnu-tools-for-stm32.12.3.rel1.win32_1.0.100.202403111256/tools/bin/../lib/gcc/arm-none-eabi/12.3.1/../../../../arm-none-eabi/lib/thumb/v7e-m+dp/hard\libc_nano.a(libc_a-mlock.o)
                0x08009374                __malloc_lock
 .text.__malloc_unlock
                0x08009380        0xc C:/ST/STM32CubeIDE_1.12.1/STM32CubeIDE/plugins/com.st.stm32cube.ide.mcu.externaltools.gnu-tools-for-stm32.12.3.rel1.win32_1.0.100.202403111256/tools/bin/../lib/gcc/arm-none-eabi/12.3.1/../../../../arm-none-eabi/lib/thumb/v7e-m+dp/hard\libc_nano.a(libc_a-mlock.o)
                0x08009380                __malloc_unlock
 *(.glue_7)
 .glue_7        0x0800938c        0x0 linker stubs
 *(.glue_7t)
 .glue_7t       0x0800938c        0x0 linker stubs
 *(.eh_frame)
 .eh_frame      0x0800938c        0x0 C:/ST/STM32CubeIDE_1.12.1/STM32CubeIDE/plugins/com.st.stm32cube.ide.mcu.externaltools.gnu-tools-for-stm32.12.3.rel1.win32_1.0.100.202403111256/tools/bin/../lib/gcc/arm-none-eabi/12.3.1/thumb/v7e-m+dp/hard/crtbegin.o
 *(.init)
 .init          0x0800938c        0x4 C:/ST/STM32CubeIDE_1.12.1/STM32CubeIDE/plugins/com.st.stm32cube.ide.mcu.externaltools.gnu-tools-for-stm32.12.3.rel1.win32_1.0.100.202403111256/tools/bin/../lib/gcc/arm-none-eabi/12.3.1/thumb/v7e-m+dp/hard/crti.o
                0x0800938c                _init
 .init          0x08009390        0x8 C:/ST/STM32CubeIDE_1.12.1/STM32CubeIDE/plugins/com.st.stm32cube.ide.mcu.externaltools.gnu-tools-for-stm32.12.3.rel1.win32_1.0.100.202403111256/tools/bin/../lib/gcc/arm-none-eabi/12.3.1/thumb/v7e-m+dp/hard/crtn.o
 *(.fini)
 .fini          0x08009398        0x4 C:/ST/STM32CubeIDE_1.12.1/STM32CubeIDE/plugins/com.st.stm32cube.ide.mcu.externaltools.gnu-tools-for-stm32.12.3.rel1.win32_1.0.100.202403111256/tools/bin/../lib/gcc/arm-none-eabi/12.3.1/thumb/v7e-m+dp/hard/crti.o
                0x08009398                _fini
 .fini          0x0800939c        0x8 C:/ST/STM32CubeIDE_1.12.1/STM32CubeIDE/plugins/com.st.stm32cube.ide.mcu.externaltools.gnu-tools-for-stm32.12.3.rel1.win32_1.0.100.202403111256/tools/bin/../lib/gcc/arm-none-eabi/12.3.1/thumb/v7e-m+dp/hard/crtn.o
                0x080093a4                        . = ALIGN (0x4)
                0x080093a4                        _etext = .

.vfp11_veneer   0x080093a4        0x0
 .vfp11_veneer  0x080093a4        0x0 linker stubs

.v4_bx          0x080093a4        0x0
 .v4_bx         0x080093a4        0x0 linker stubs

.iplt           0x080093a4        0x0
 .iplt          0x080093a4        0x0 C:/ST/STM32CubeIDE_1.12.1/STM32CubeIDE/plugins/com.st.stm32cube.ide.mcu.externaltools.gnu-tools-for-stm32.12.3.rel1.win32_1.0.100.202403111256/tools/bin/../lib/gcc/arm-none-eabi/12.3.1/thumb/v7e-m+dp/hard/crtbegin.o

.rodata         0x080093a8      0x188
                0x080093a8                        . = ALIGN (0x4)
 *(.rodata)
 .rodata        0x080093a8       0x9e ./Core/Src/main.o
 *fill*         0x08009446        0x2 
 .rodata        0x08009448       0x18 ./Core/Src/queueMessageTask1.o
 .rodata        0x08009460        0x5 ./Middlewares/Third_Party/FreeRTOS/Source/tasks.o
 *fill*         0x08009465        0x3 
 .rodata        0x08009468        0xd ./Middlewares/Third_Party/FreeRTOS/Source/timers.o
 *(.rodata*)
 *fill*         0x08009475        0x3 
 .rodata.defaultTask_attributes
                0x08009478       0x24 ./Core/Src/main.o
                0x08009478                defaultTask_attributes
 .rodata.CANTxGateKeeperTask_attributes
                0x0800949c       0x24 ./Core/Src/main.o
                0x0800949c                CANTxGateKeeperTask_attributes
 .rodata.CANRXInterruptTask_attributes
                0x080094c0       0x24 ./Core/Src/main.o
                0x080094c0                CANRXInterruptTask_attributes
 .rodata.SPIMutex_attributes
                0x080094e4       0x10 ./Core/Src/main.o
                0x080094e4                SPIMutex_attributes
 .rodata.queueMessageTask1_attributes
                0x080094f4       0x24 ./Core/Src/main.o
                0x080094f4                queueMessageTask1_attributes
 .rodata.AHBPrescTable
                0x08009518       0x10 ./Core/Src/system_stm32f7xx.o
                0x08009518                AHBPrescTable
 .rodata.APBPrescTable
                0x08009528        0x8 ./Core/Src/system_stm32f7xx.o
                0x08009528                APBPrescTable
                0x08009530                        . = ALIGN (0x4)

.ARM.extab      0x08009530        0x0
                0x08009530                        . = ALIGN (0x4)
 *(.ARM.extab* .gnu.linkonce.armextab.*)
                0x08009530                        . = ALIGN (0x4)

.ARM            0x08009530        0x8
                0x08009530                        . = ALIGN (0x4)
                0x08009530                        __exidx_start = .
 *(.ARM.exidx*)
 .ARM.exidx     0x08009530        0x8 C:/ST/STM32CubeIDE_1.12.1/STM32CubeIDE/plugins/com.st.stm32cube.ide.mcu.externaltools.gnu-tools-for-stm32.12.3.rel1.win32_1.0.100.202403111256/tools/bin/../lib/gcc/arm-none-eabi/12.3.1/thumb/v7e-m+dp/hard\libgcc.a(_udivmoddi4.o)
                0x08009538                        __exidx_end = .
                0x08009538                        . = ALIGN (0x4)

.preinit_array  0x08009538        0x0
                0x08009538                        . = ALIGN (0x4)
                0x08009538                        PROVIDE (__preinit_array_start = .)
 *(.preinit_array*)
                0x08009538                        PROVIDE (__preinit_array_end = .)
                0x08009538                        . = ALIGN (0x4)

.init_array     0x08009538        0x4
                0x08009538                        . = ALIGN (0x4)
                0x08009538                        PROVIDE (__init_array_start = .)
 *(SORT_BY_NAME(.init_array.*))
 *(.init_array*)
 .init_array    0x08009538        0x4 C:/ST/STM32CubeIDE_1.12.1/STM32CubeIDE/plugins/com.st.stm32cube.ide.mcu.externaltools.gnu-tools-for-stm32.12.3.rel1.win32_1.0.100.202403111256/tools/bin/../lib/gcc/arm-none-eabi/12.3.1/thumb/v7e-m+dp/hard/crtbegin.o
                0x0800953c                        PROVIDE (__init_array_end = .)
                0x0800953c                        . = ALIGN (0x4)

.fini_array     0x0800953c        0x4
                0x0800953c                        . = ALIGN (0x4)
                [!provide]                        PROVIDE (__fini_array_start = .)
 *(SORT_BY_NAME(.fini_array.*))
 *(.fini_array*)
 .fini_array    0x0800953c        0x4 C:/ST/STM32CubeIDE_1.12.1/STM32CubeIDE/plugins/com.st.stm32cube.ide.mcu.externaltools.gnu-tools-for-stm32.12.3.rel1.win32_1.0.100.202403111256/tools/bin/../lib/gcc/arm-none-eabi/12.3.1/thumb/v7e-m+dp/hard/crtbegin.o
                [!provide]                        PROVIDE (__fini_array_end = .)
                0x08009540                        . = ALIGN (0x4)
                0x08009540                        _sidata = LOADADDR (.data)

.rel.dyn        0x08009540        0x0
 .rel.iplt      0x08009540        0x0 C:/ST/STM32CubeIDE_1.12.1/STM32CubeIDE/plugins/com.st.stm32cube.ide.mcu.externaltools.gnu-tools-for-stm32.12.3.rel1.win32_1.0.100.202403111256/tools/bin/../lib/gcc/arm-none-eabi/12.3.1/thumb/v7e-m+dp/hard/crtbegin.o

.data           0x20000000       0x60 load address 0x08009540
                0x20000000                        . = ALIGN (0x4)
                0x20000000                        _sdata = .
 *(.data)
 *(.data*)
 .data.SystemCoreClock
                0x20000000        0x4 ./Core/Src/system_stm32f7xx.o
                0x20000000                SystemCoreClock
 .data.uwTickPrio
                0x20000004        0x4 ./Drivers/STM32F7xx_HAL_Driver/Src/stm32f7xx_hal.o
                0x20000004                uwTickPrio
 .data.uwTickFreq
                0x20000008        0x1 ./Drivers/STM32F7xx_HAL_Driver/Src/stm32f7xx_hal.o
                0x20000008                uwTickFreq
 *fill*         0x20000009        0x3 
 .data.uxCriticalNesting
                0x2000000c        0x4 ./Middlewares/Third_Party/FreeRTOS/Source/portable/GCC/ARM_CM7/r0p1/port.o
 .data._impure_ptr
                0x20000010        0x4 C:/ST/STM32CubeIDE_1.12.1/STM32CubeIDE/plugins/com.st.stm32cube.ide.mcu.externaltools.gnu-tools-for-stm32.12.3.rel1.win32_1.0.100.202403111256/tools/bin/../lib/gcc/arm-none-eabi/12.3.1/../../../../arm-none-eabi/lib/thumb/v7e-m+dp/hard\libc_nano.a(libc_a-impure.o)
                0x20000010                _impure_ptr
 .data._impure_data
                0x20000014       0x4c C:/ST/STM32CubeIDE_1.12.1/STM32CubeIDE/plugins/com.st.stm32cube.ide.mcu.externaltools.gnu-tools-for-stm32.12.3.rel1.win32_1.0.100.202403111256/tools/bin/../lib/gcc/arm-none-eabi/12.3.1/../../../../arm-none-eabi/lib/thumb/v7e-m+dp/hard\libc_nano.a(libc_a-impure.o)
                0x20000014                _impure_data
 *(.RamFunc)
 *(.RamFunc*)
                0x20000060                        . = ALIGN (0x4)
                0x20000060                        _edata = .

.igot.plt       0x20000060        0x0 load address 0x080095a0
 .igot.plt      0x20000060        0x0 C:/ST/STM32CubeIDE_1.12.1/STM32CubeIDE/plugins/com.st.stm32cube.ide.mcu.externaltools.gnu-tools-for-stm32.12.3.rel1.win32_1.0.100.202403111256/tools/bin/../lib/gcc/arm-none-eabi/12.3.1/thumb/v7e-m+dp/hard/crtbegin.o
                0x20000060                        . = ALIGN (0x4)

.bss            0x20000060     0x5204 load address 0x080095a0
                0x20000060                        _sbss = .
                0x20000060                        __bss_start__ = _sbss
 *(.bss)
 .bss           0x20000060       0x1c C:/ST/STM32CubeIDE_1.12.1/STM32CubeIDE/plugins/com.st.stm32cube.ide.mcu.externaltools.gnu-tools-for-stm32.12.3.rel1.win32_1.0.100.202403111256/tools/bin/../lib/gcc/arm-none-eabi/12.3.1/thumb/v7e-m+dp/hard/crtbegin.o
 *(.bss*)
 .bss.hspi1     0x2000007c       0x64 ./Core/Src/main.o
                0x2000007c                hspi1
 .bss.hspi4     0x200000e0       0x64 ./Core/Src/main.o
                0x200000e0                hspi4
 .bss.huart3    0x20000144       0x88 ./Core/Src/main.o
                0x20000144                huart3
 .bss.hpcd_USB_OTG_FS
                0x200001cc      0x508 ./Core/Src/main.o
                0x200001cc                hpcd_USB_OTG_FS
 .bss.defaultTaskHandle
                0x200006d4        0x4 ./Core/Src/main.o
                0x200006d4                defaultTaskHandle
 .bss.CANTxGateKeeperTaskHandle
                0x200006d8        0x4 ./Core/Src/main.o
                0x200006d8                CANTxGateKeeperTaskHandle
 .bss.CANRXInterruptTaskHandle
                0x200006dc        0x4 ./Core/Src/main.o
                0x200006dc                CANRXInterruptTaskHandle
 .bss.SPIMutexHandle
                0x200006e0        0x4 ./Core/Src/main.o
                0x200006e0                SPIMutexHandle
 .bss.CANInterruptQueue
                0x200006e4        0x4 ./Core/Src/main.o
                0x200006e4                CANInterruptQueue
 .bss.CANTxMessageQueue
                0x200006e8        0x4 ./Core/Src/main.o
                0x200006e8                CANTxMessageQueue
 .bss.queueMessageTask1Handle
                0x200006ec        0x4 ./Core/Src/main.o
                0x200006ec                queueMessageTask1Handle
 .bss.CAN2InterruptQueue
                0x200006f0        0x4 ./Core/Src/main.o
                0x200006f0                CAN2InterruptQueue
 .bss.htim6     0x200006f4       0x4c ./Core/Src/stm32f7xx_hal_timebase_tim.o
                0x200006f4                htim6
 .bss.uwTick    0x20000740        0x4 ./Drivers/STM32F7xx_HAL_Driver/Src/stm32f7xx_hal.o
                0x20000740                uwTick
 .bss.KernelState
                0x20000744        0x4 ./Middlewares/Third_Party/FreeRTOS/Source/CMSIS_RTOS_V2/cmsis_os2.o
 .bss.Idle_TCB  0x20000748       0xa8 ./Middlewares/Third_Party/FreeRTOS/Source/CMSIS_RTOS_V2/cmsis_os2.o
 .bss.Idle_Stack
                0x200007f0      0x200 ./Middlewares/Third_Party/FreeRTOS/Source/CMSIS_RTOS_V2/cmsis_os2.o
 .bss.Timer_TCB
                0x200009f0       0xa8 ./Middlewares/Third_Party/FreeRTOS/Source/CMSIS_RTOS_V2/cmsis_os2.o
 .bss.Timer_Stack
                0x20000a98      0x400 ./Middlewares/Third_Party/FreeRTOS/Source/CMSIS_RTOS_V2/cmsis_os2.o
 .bss.xQueueRegistry
                0x20000e98       0x40 ./Middlewares/Third_Party/FreeRTOS/Source/queue.o
                0x20000e98                xQueueRegistry
 .bss.pxCurrentTCB
                0x20000ed8        0x4 ./Middlewares/Third_Party/FreeRTOS/Source/tasks.o
                0x20000ed8                pxCurrentTCB
 .bss.pxReadyTasksLists
                0x20000edc      0x460 ./Middlewares/Third_Party/FreeRTOS/Source/tasks.o
 .bss.xDelayedTaskList1
                0x2000133c       0x14 ./Middlewares/Third_Party/FreeRTOS/Source/tasks.o
 .bss.xDelayedTaskList2
                0x20001350       0x14 ./Middlewares/Third_Party/FreeRTOS/Source/tasks.o
 .bss.pxDelayedTaskList
                0x20001364        0x4 ./Middlewares/Third_Party/FreeRTOS/Source/tasks.o
 .bss.pxOverflowDelayedTaskList
                0x20001368        0x4 ./Middlewares/Third_Party/FreeRTOS/Source/tasks.o
 .bss.xPendingReadyList
                0x2000136c       0x14 ./Middlewares/Third_Party/FreeRTOS/Source/tasks.o
 .bss.xTasksWaitingTermination
                0x20001380       0x14 ./Middlewares/Third_Party/FreeRTOS/Source/tasks.o
 .bss.uxDeletedTasksWaitingCleanUp
                0x20001394        0x4 ./Middlewares/Third_Party/FreeRTOS/Source/tasks.o
 .bss.xSuspendedTaskList
                0x20001398       0x14 ./Middlewares/Third_Party/FreeRTOS/Source/tasks.o
 .bss.uxCurrentNumberOfTasks
                0x200013ac        0x4 ./Middlewares/Third_Party/FreeRTOS/Source/tasks.o
 .bss.xTickCount
                0x200013b0        0x4 ./Middlewares/Third_Party/FreeRTOS/Source/tasks.o
 .bss.uxTopReadyPriority
                0x200013b4        0x4 ./Middlewares/Third_Party/FreeRTOS/Source/tasks.o
 .bss.xSchedulerRunning
                0x200013b8        0x4 ./Middlewares/Third_Party/FreeRTOS/Source/tasks.o
 .bss.uxPendedTicks
                0x200013bc        0x4 ./Middlewares/Third_Party/FreeRTOS/Source/tasks.o
 .bss.xYieldPending
                0x200013c0        0x4 ./Middlewares/Third_Party/FreeRTOS/Source/tasks.o
 .bss.xNumOfOverflows
                0x200013c4        0x4 ./Middlewares/Third_Party/FreeRTOS/Source/tasks.o
 .bss.uxTaskNumber
                0x200013c8        0x4 ./Middlewares/Third_Party/FreeRTOS/Source/tasks.o
 .bss.xNextTaskUnblockTime
                0x200013cc        0x4 ./Middlewares/Third_Party/FreeRTOS/Source/tasks.o
 .bss.xIdleTaskHandle
                0x200013d0        0x4 ./Middlewares/Third_Party/FreeRTOS/Source/tasks.o
 .bss.uxSchedulerSuspended
                0x200013d4        0x4 ./Middlewares/Third_Party/FreeRTOS/Source/tasks.o
 .bss.xActiveTimerList1
                0x200013d8       0x14 ./Middlewares/Third_Party/FreeRTOS/Source/timers.o
 .bss.xActiveTimerList2
                0x200013ec       0x14 ./Middlewares/Third_Party/FreeRTOS/Source/timers.o
 .bss.pxCurrentTimerList
                0x20001400        0x4 ./Middlewares/Third_Party/FreeRTOS/Source/timers.o
 .bss.pxOverflowTimerList
                0x20001404        0x4 ./Middlewares/Third_Party/FreeRTOS/Source/timers.o
 .bss.xTimerQueue
                0x20001408        0x4 ./Middlewares/Third_Party/FreeRTOS/Source/timers.o
 .bss.xTimerTaskHandle
                0x2000140c        0x4 ./Middlewares/Third_Party/FreeRTOS/Source/timers.o
 .bss.xLastTime.2
                0x20001410        0x4 ./Middlewares/Third_Party/FreeRTOS/Source/timers.o
 .bss.ucStaticTimerQueueStorage.1
                0x20001414       0xa0 ./Middlewares/Third_Party/FreeRTOS/Source/timers.o
 .bss.xStaticTimerQueue.0
                0x200014b4       0x50 ./Middlewares/Third_Party/FreeRTOS/Source/timers.o
 .bss.ucMaxSysCallPriority
                0x20001504        0x1 ./Middlewares/Third_Party/FreeRTOS/Source/portable/GCC/ARM_CM7/r0p1/port.o
 *fill*         0x20001505        0x3 
 .bss.ulMaxPRIGROUPValue
                0x20001508        0x4 ./Middlewares/Third_Party/FreeRTOS/Source/portable/GCC/ARM_CM7/r0p1/port.o
 .bss.ucHeap    0x2000150c     0x3c00 ./Middlewares/Third_Party/FreeRTOS/Source/portable/MemMang/heap_4.o
 .bss.xStart    0x2000510c        0x8 ./Middlewares/Third_Party/FreeRTOS/Source/portable/MemMang/heap_4.o
 .bss.pxEnd     0x20005114        0x4 ./Middlewares/Third_Party/FreeRTOS/Source/portable/MemMang/heap_4.o
 .bss.xFreeBytesRemaining
                0x20005118        0x4 ./Middlewares/Third_Party/FreeRTOS/Source/portable/MemMang/heap_4.o
 .bss.xMinimumEverFreeBytesRemaining
                0x2000511c        0x4 ./Middlewares/Third_Party/FreeRTOS/Source/portable/MemMang/heap_4.o
 .bss.xBlockAllocatedBit
                0x20005120        0x4 ./Middlewares/Third_Party/FreeRTOS/Source/portable/MemMang/heap_4.o
 .bss.__sf      0x20005124      0x138 C:/ST/STM32CubeIDE_1.12.1/STM32CubeIDE/plugins/com.st.stm32cube.ide.mcu.externaltools.gnu-tools-for-stm32.12.3.rel1.win32_1.0.100.202403111256/tools/bin/../lib/gcc/arm-none-eabi/12.3.1/../../../../arm-none-eabi/lib/thumb/v7e-m+dp/hard\libc_nano.a(libc_a-findfp.o)
                0x20005124                __sf
 .bss.__lock___malloc_recursive_mutex
                0x2000525c        0x1 C:/ST/STM32CubeIDE_1.12.1/STM32CubeIDE/plugins/com.st.stm32cube.ide.mcu.externaltools.gnu-tools-for-stm32.12.3.rel1.win32_1.0.100.202403111256/tools/bin/../lib/gcc/arm-none-eabi/12.3.1/../../../../arm-none-eabi/lib/thumb/v7e-m+dp/hard\libc_nano.a(libc_a-lock.o)
                0x2000525c                __lock___malloc_recursive_mutex
 *fill*         0x2000525d        0x3 
 .bss.__malloc_free_list
                0x20005260        0x4 C:/ST/STM32CubeIDE_1.12.1/STM32CubeIDE/plugins/com.st.stm32cube.ide.mcu.externaltools.gnu-tools-for-stm32.12.3.rel1.win32_1.0.100.202403111256/tools/bin/../lib/gcc/arm-none-eabi/12.3.1/../../../../arm-none-eabi/lib/thumb/v7e-m+dp/hard\libc_nano.a(libc_a-mallocr.o)
                0x20005260                __malloc_free_list
 *(COMMON)
                0x20005264                        . = ALIGN (0x4)
                0x20005264                        _ebss = .
                0x20005264                        __bss_end__ = _ebss

._user_heap_stack
                0x20005264      0x604 load address 0x080095a0
                0x20005268                        . = ALIGN (0x8)
 *fill*         0x20005264        0x4 
                [!provide]                        PROVIDE (end = .)
                0x20005268                        PROVIDE (_end = .)
                0x20005468                        . = (. + _Min_Heap_Size)
 *fill*         0x20005268      0x200 
                0x20005868                        . = (. + _Min_Stack_Size)
 *fill*         0x20005468      0x400 
                0x20005868                        . = ALIGN (0x8)

/DISCARD/
 libc.a(*)
 libm.a(*)
 libgcc.a(*)

.ARM.attributes
                0x00000000       0x2e
 *(.ARM.attributes)
 .ARM.attributes
                0x00000000       0x20 C:/ST/STM32CubeIDE_1.12.1/STM32CubeIDE/plugins/com.st.stm32cube.ide.mcu.externaltools.gnu-tools-for-stm32.12.3.rel1.win32_1.0.100.202403111256/tools/bin/../lib/gcc/arm-none-eabi/12.3.1/thumb/v7e-m+dp/hard/crti.o
 .ARM.attributes
                0x00000020       0x32 C:/ST/STM32CubeIDE_1.12.1/STM32CubeIDE/plugins/com.st.stm32cube.ide.mcu.externaltools.gnu-tools-for-stm32.12.3.rel1.win32_1.0.100.202403111256/tools/bin/../lib/gcc/arm-none-eabi/12.3.1/thumb/v7e-m+dp/hard/crtbegin.o
 .ARM.attributes
                0x00000052       0x32 ./Core/Src/CAN.o
 .ARM.attributes
                0x00000084       0x32 ./Core/Src/CANRxInterruptTask.o
 .ARM.attributes
                0x000000b6       0x32 ./Core/Src/CANTxGatekeeperTask.o
 .ARM.attributes
                0x000000e8       0x32 ./Core/Src/main.o
 .ARM.attributes
                0x0000011a       0x32 ./Core/Src/queueMessageTask1.o
 .ARM.attributes
                0x0000014c       0x32 ./Core/Src/stm32f7xx_hal_msp.o
 .ARM.attributes
                0x0000017e       0x32 ./Core/Src/stm32f7xx_hal_timebase_tim.o
 .ARM.attributes
                0x000001b0       0x32 ./Core/Src/stm32f7xx_it.o
 .ARM.attributes
                0x000001e2       0x32 ./Core/Src/system_stm32f7xx.o
 .ARM.attributes
                0x00000214       0x21 ./Core/Startup/startup_stm32f767zitx.o
 .ARM.attributes
                0x00000235       0x32 ./Drivers/STM32F7xx_HAL_Driver/Src/stm32f7xx_hal.o
 .ARM.attributes
                0x00000267       0x32 ./Drivers/STM32F7xx_HAL_Driver/Src/stm32f7xx_hal_cortex.o
 .ARM.attributes
                0x00000299       0x32 ./Drivers/STM32F7xx_HAL_Driver/Src/stm32f7xx_hal_gpio.o
 .ARM.attributes
                0x000002cb       0x32 ./Drivers/STM32F7xx_HAL_Driver/Src/stm32f7xx_hal_pcd.o
 .ARM.attributes
                0x000002fd       0x32 ./Drivers/STM32F7xx_HAL_Driver/Src/stm32f7xx_hal_pcd_ex.o
 .ARM.attributes
                0x0000032f       0x32 ./Drivers/STM32F7xx_HAL_Driver/Src/stm32f7xx_hal_pwr_ex.o
 .ARM.attributes
                0x00000361       0x32 ./Drivers/STM32F7xx_HAL_Driver/Src/stm32f7xx_hal_rcc.o
 .ARM.attributes
                0x00000393       0x32 ./Drivers/STM32F7xx_HAL_Driver/Src/stm32f7xx_hal_rcc_ex.o
 .ARM.attributes
                0x000003c5       0x32 ./Drivers/STM32F7xx_HAL_Driver/Src/stm32f7xx_hal_spi.o
 .ARM.attributes
                0x000003f7       0x32 ./Drivers/STM32F7xx_HAL_Driver/Src/stm32f7xx_hal_tim.o
 .ARM.attributes
                0x00000429       0x32 ./Drivers/STM32F7xx_HAL_Driver/Src/stm32f7xx_hal_tim_ex.o
 .ARM.attributes
                0x0000045b       0x32 ./Drivers/STM32F7xx_HAL_Driver/Src/stm32f7xx_hal_uart.o
 .ARM.attributes
                0x0000048d       0x32 ./Drivers/STM32F7xx_HAL_Driver/Src/stm32f7xx_ll_usb.o
 .ARM.attributes
                0x000004bf       0x32 ./Middlewares/Third_Party/FreeRTOS/Source/CMSIS_RTOS_V2/cmsis_os2.o
 .ARM.attributes
                0x000004f1       0x32 ./Middlewares/Third_Party/FreeRTOS/Source/list.o
 .ARM.attributes
                0x00000523       0x32 ./Middlewares/Third_Party/FreeRTOS/Source/queue.o
 .ARM.attributes
                0x00000555       0x32 ./Middlewares/Third_Party/FreeRTOS/Source/tasks.o
 .ARM.attributes
                0x00000587       0x32 ./Middlewares/Third_Party/FreeRTOS/Source/timers.o
 .ARM.attributes
                0x000005b9       0x32 ./Middlewares/Third_Party/FreeRTOS/Source/portable/GCC/ARM_CM7/r0p1/port.o
 .ARM.attributes
                0x000005eb       0x32 ./Middlewares/Third_Party/FreeRTOS/Source/portable/MemMang/heap_4.o
 .ARM.attributes
                0x0000061d       0x32 C:/ST/STM32CubeIDE_1.12.1/STM32CubeIDE/plugins/com.st.stm32cube.ide.mcu.externaltools.gnu-tools-for-stm32.12.3.rel1.win32_1.0.100.202403111256/tools/bin/../lib/gcc/arm-none-eabi/12.3.1/../../../../arm-none-eabi/lib/thumb/v7e-m+dp/hard\libc_nano.a(libc_a-findfp.o)
 .ARM.attributes
                0x0000064f       0x32 C:/ST/STM32CubeIDE_1.12.1/STM32CubeIDE/plugins/com.st.stm32cube.ide.mcu.externaltools.gnu-tools-for-stm32.12.3.rel1.win32_1.0.100.202403111256/tools/bin/../lib/gcc/arm-none-eabi/12.3.1/../../../../arm-none-eabi/lib/thumb/v7e-m+dp/hard\libc_nano.a(libc_a-memset.o)
 .ARM.attributes
                0x00000681       0x32 C:/ST/STM32CubeIDE_1.12.1/STM32CubeIDE/plugins/com.st.stm32cube.ide.mcu.externaltools.gnu-tools-for-stm32.12.3.rel1.win32_1.0.100.202403111256/tools/bin/../lib/gcc/arm-none-eabi/12.3.1/../../../../arm-none-eabi/lib/thumb/v7e-m+dp/hard\libc_nano.a(libc_a-reent.o)
 .ARM.attributes
                0x000006b3       0x32 C:/ST/STM32CubeIDE_1.12.1/STM32CubeIDE/plugins/com.st.stm32cube.ide.mcu.externaltools.gnu-tools-for-stm32.12.3.rel1.win32_1.0.100.202403111256/tools/bin/../lib/gcc/arm-none-eabi/12.3.1/../../../../arm-none-eabi/lib/thumb/v7e-m+dp/hard\libc_nano.a(libc_a-impure.o)
 .ARM.attributes
                0x000006e5       0x32 C:/ST/STM32CubeIDE_1.12.1/STM32CubeIDE/plugins/com.st.stm32cube.ide.mcu.externaltools.gnu-tools-for-stm32.12.3.rel1.win32_1.0.100.202403111256/tools/bin/../lib/gcc/arm-none-eabi/12.3.1/../../../../arm-none-eabi/lib/thumb/v7e-m+dp/hard\libc_nano.a(libc_a-init.o)
 .ARM.attributes
                0x00000717       0x32 C:/ST/STM32CubeIDE_1.12.1/STM32CubeIDE/plugins/com.st.stm32cube.ide.mcu.externaltools.gnu-tools-for-stm32.12.3.rel1.win32_1.0.100.202403111256/tools/bin/../lib/gcc/arm-none-eabi/12.3.1/../../../../arm-none-eabi/lib/thumb/v7e-m+dp/hard\libc_nano.a(libc_a-lock.o)
 .ARM.attributes
                0x00000749       0x32 C:/ST/STM32CubeIDE_1.12.1/STM32CubeIDE/plugins/com.st.stm32cube.ide.mcu.externaltools.gnu-tools-for-stm32.12.3.rel1.win32_1.0.100.202403111256/tools/bin/../lib/gcc/arm-none-eabi/12.3.1/../../../../arm-none-eabi/lib/thumb/v7e-m+dp/hard\libc_nano.a(libc_a-memcpy-stub.o)
 .ARM.attributes
                0x0000077b       0x32 C:/ST/STM32CubeIDE_1.12.1/STM32CubeIDE/plugins/com.st.stm32cube.ide.mcu.externaltools.gnu-tools-for-stm32.12.3.rel1.win32_1.0.100.202403111256/tools/bin/../lib/gcc/arm-none-eabi/12.3.1/../../../../arm-none-eabi/lib/thumb/v7e-m+dp/hard\libc_nano.a(libc_a-freer.o)
 .ARM.attributes
                0x000007ad       0x32 C:/ST/STM32CubeIDE_1.12.1/STM32CubeIDE/plugins/com.st.stm32cube.ide.mcu.externaltools.gnu-tools-for-stm32.12.3.rel1.win32_1.0.100.202403111256/tools/bin/../lib/gcc/arm-none-eabi/12.3.1/../../../../arm-none-eabi/lib/thumb/v7e-m+dp/hard\libc_nano.a(libc_a-mallocr.o)
 .ARM.attributes
                0x000007df       0x32 C:/ST/STM32CubeIDE_1.12.1/STM32CubeIDE/plugins/com.st.stm32cube.ide.mcu.externaltools.gnu-tools-for-stm32.12.3.rel1.win32_1.0.100.202403111256/tools/bin/../lib/gcc/arm-none-eabi/12.3.1/../../../../arm-none-eabi/lib/thumb/v7e-m+dp/hard\libc_nano.a(libc_a-mlock.o)
 .ARM.attributes
                0x00000811       0x20 C:/ST/STM32CubeIDE_1.12.1/STM32CubeIDE/plugins/com.st.stm32cube.ide.mcu.externaltools.gnu-tools-for-stm32.12.3.rel1.win32_1.0.100.202403111256/tools/bin/../lib/gcc/arm-none-eabi/12.3.1/thumb/v7e-m+dp/hard\libgcc.a(_aeabi_uldivmod.o)
 .ARM.attributes
                0x00000831       0x32 C:/ST/STM32CubeIDE_1.12.1/STM32CubeIDE/plugins/com.st.stm32cube.ide.mcu.externaltools.gnu-tools-for-stm32.12.3.rel1.win32_1.0.100.202403111256/tools/bin/../lib/gcc/arm-none-eabi/12.3.1/thumb/v7e-m+dp/hard\libgcc.a(_udivmoddi4.o)
 .ARM.attributes
                0x00000863       0x20 C:/ST/STM32CubeIDE_1.12.1/STM32CubeIDE/plugins/com.st.stm32cube.ide.mcu.externaltools.gnu-tools-for-stm32.12.3.rel1.win32_1.0.100.202403111256/tools/bin/../lib/gcc/arm-none-eabi/12.3.1/thumb/v7e-m+dp/hard\libgcc.a(_dvmd_tls.o)
 .ARM.attributes
                0x00000883       0x20 C:/ST/STM32CubeIDE_1.12.1/STM32CubeIDE/plugins/com.st.stm32cube.ide.mcu.externaltools.gnu-tools-for-stm32.12.3.rel1.win32_1.0.100.202403111256/tools/bin/../lib/gcc/arm-none-eabi/12.3.1/thumb/v7e-m+dp/hard/crtn.o
OUTPUT(mcp2510_drivers.elf elf32-littlearm)
LOAD linker stubs
LOAD C:/ST/STM32CubeIDE_1.12.1/STM32CubeIDE/plugins/com.st.stm32cube.ide.mcu.externaltools.gnu-tools-for-stm32.12.3.rel1.win32_1.0.100.202403111256/tools/bin/../lib/gcc/arm-none-eabi/12.3.1/../../../../arm-none-eabi/lib/thumb/v7e-m+dp/hard\libc.a
LOAD C:/ST/STM32CubeIDE_1.12.1/STM32CubeIDE/plugins/com.st.stm32cube.ide.mcu.externaltools.gnu-tools-for-stm32.12.3.rel1.win32_1.0.100.202403111256/tools/bin/../lib/gcc/arm-none-eabi/12.3.1/../../../../arm-none-eabi/lib/thumb/v7e-m+dp/hard\libm.a
LOAD C:/ST/STM32CubeIDE_1.12.1/STM32CubeIDE/plugins/com.st.stm32cube.ide.mcu.externaltools.gnu-tools-for-stm32.12.3.rel1.win32_1.0.100.202403111256/tools/bin/../lib/gcc/arm-none-eabi/12.3.1/thumb/v7e-m+dp/hard\libgcc.a

.debug_info     0x00000000    0x21737
 .debug_info    0x00000000      0xbed ./Core/Src/CAN.o
 .debug_info    0x00000bed      0x2f9 ./Core/Src/CANRxInterruptTask.o
 .debug_info    0x00000ee6      0x31e ./Core/Src/CANTxGatekeeperTask.o
 .debug_info    0x00001204     0x229e ./Core/Src/main.o
 .debug_info    0x000034a2      0x20d ./Core/Src/queueMessageTask1.o
 .debug_info    0x000036af     0x1851 ./Core/Src/stm32f7xx_hal_msp.o
 .debug_info    0x00004f00      0xd1d ./Core/Src/stm32f7xx_hal_timebase_tim.o
 .debug_info    0x00005c1d      0x746 ./Core/Src/stm32f7xx_it.o
 .debug_info    0x00006363      0x6ed ./Core/Src/system_stm32f7xx.o
 .debug_info    0x00006a50       0x30 ./Core/Startup/startup_stm32f767zitx.o
 .debug_info    0x00006a80      0xa4c ./Drivers/STM32F7xx_HAL_Driver/Src/stm32f7xx_hal.o
 .debug_info    0x000074cc      0xf8b ./Drivers/STM32F7xx_HAL_Driver/Src/stm32f7xx_hal_cortex.o
 .debug_info    0x00008457      0x6f3 ./Drivers/STM32F7xx_HAL_Driver/Src/stm32f7xx_hal_gpio.o
 .debug_info    0x00008b4a     0x156c ./Drivers/STM32F7xx_HAL_Driver/Src/stm32f7xx_hal_pcd.o
 .debug_info    0x0000a0b6      0x78b ./Drivers/STM32F7xx_HAL_Driver/Src/stm32f7xx_hal_pcd_ex.o
 .debug_info    0x0000a841      0x8cd ./Drivers/STM32F7xx_HAL_Driver/Src/stm32f7xx_hal_pwr_ex.o
 .debug_info    0x0000b10e      0x937 ./Drivers/STM32F7xx_HAL_Driver/Src/stm32f7xx_hal_rcc.o
 .debug_info    0x0000ba45      0x6e1 ./Drivers/STM32F7xx_HAL_Driver/Src/stm32f7xx_hal_rcc_ex.o
 .debug_info    0x0000c126     0x169b ./Drivers/STM32F7xx_HAL_Driver/Src/stm32f7xx_hal_spi.o
 .debug_info    0x0000d7c1     0x2ab2 ./Drivers/STM32F7xx_HAL_Driver/Src/stm32f7xx_hal_tim.o
 .debug_info    0x00010273     0x16bb ./Drivers/STM32F7xx_HAL_Driver/Src/stm32f7xx_hal_tim_ex.o
 .debug_info    0x0001192e     0x3a6d ./Drivers/STM32F7xx_HAL_Driver/Src/stm32f7xx_hal_uart.o
 .debug_info    0x0001539b     0x19bc ./Drivers/STM32F7xx_HAL_Driver/Src/stm32f7xx_ll_usb.o
 .debug_info    0x00016d57     0x4058 ./Middlewares/Third_Party/FreeRTOS/Source/CMSIS_RTOS_V2/cmsis_os2.o
 .debug_info    0x0001adaf      0x2af ./Middlewares/Third_Party/FreeRTOS/Source/list.o
 .debug_info    0x0001b05e     0x1b68 ./Middlewares/Third_Party/FreeRTOS/Source/queue.o
 .debug_info    0x0001cbc6     0x2818 ./Middlewares/Third_Party/FreeRTOS/Source/tasks.o
 .debug_info    0x0001f3de     0x1aef ./Middlewares/Third_Party/FreeRTOS/Source/timers.o
 .debug_info    0x00020ecd      0x4a7 ./Middlewares/Third_Party/FreeRTOS/Source/portable/GCC/ARM_CM7/r0p1/port.o
 .debug_info    0x00021374      0x3c3 ./Middlewares/Third_Party/FreeRTOS/Source/portable/MemMang/heap_4.o

.debug_abbrev   0x00000000     0x452a
 .debug_abbrev  0x00000000      0x254 ./Core/Src/CAN.o
 .debug_abbrev  0x00000254      0x15c ./Core/Src/CANRxInterruptTask.o
 .debug_abbrev  0x000003b0      0x165 ./Core/Src/CANTxGatekeeperTask.o
 .debug_abbrev  0x00000515      0x363 ./Core/Src/main.o
 .debug_abbrev  0x00000878      0x131 ./Core/Src/queueMessageTask1.o
 .debug_abbrev  0x000009a9      0x275 ./Core/Src/stm32f7xx_hal_msp.o
 .debug_abbrev  0x00000c1e      0x1f4 ./Core/Src/stm32f7xx_hal_timebase_tim.o
 .debug_abbrev  0x00000e12      0x194 ./Core/Src/stm32f7xx_it.o
 .debug_abbrev  0x00000fa6      0x13b ./Core/Src/system_stm32f7xx.o
 .debug_abbrev  0x000010e1       0x24 ./Core/Startup/startup_stm32f767zitx.o
 .debug_abbrev  0x00001105      0x213 ./Drivers/STM32F7xx_HAL_Driver/Src/stm32f7xx_hal.o
 .debug_abbrev  0x00001318      0x329 ./Drivers/STM32F7xx_HAL_Driver/Src/stm32f7xx_hal_cortex.o
 .debug_abbrev  0x00001641      0x1d4 ./Drivers/STM32F7xx_HAL_Driver/Src/stm32f7xx_hal_gpio.o
 .debug_abbrev  0x00001815      0x2e7 ./Drivers/STM32F7xx_HAL_Driver/Src/stm32f7xx_hal_pcd.o
 .debug_abbrev  0x00001afc      0x1ca ./Drivers/STM32F7xx_HAL_Driver/Src/stm32f7xx_hal_pcd_ex.o
 .debug_abbrev  0x00001cc6      0x1d5 ./Drivers/STM32F7xx_HAL_Driver/Src/stm32f7xx_hal_pwr_ex.o
 .debug_abbrev  0x00001e9b      0x2de ./Drivers/STM32F7xx_HAL_Driver/Src/stm32f7xx_hal_rcc.o
 .debug_abbrev  0x00002179      0x1c9 ./Drivers/STM32F7xx_HAL_Driver/Src/stm32f7xx_hal_rcc_ex.o
 .debug_abbrev  0x00002342      0x269 ./Drivers/STM32F7xx_HAL_Driver/Src/stm32f7xx_hal_spi.o
 .debug_abbrev  0x000025ab      0x278 ./Drivers/STM32F7xx_HAL_Driver/Src/stm32f7xx_hal_tim.o
 .debug_abbrev  0x00002823      0x283 ./Drivers/STM32F7xx_HAL_Driver/Src/stm32f7xx_hal_tim_ex.o
 .debug_abbrev  0x00002aa6      0x2e6 ./Drivers/STM32F7xx_HAL_Driver/Src/stm32f7xx_hal_uart.o
 .debug_abbrev  0x00002d8c      0x28c ./Drivers/STM32F7xx_HAL_Driver/Src/stm32f7xx_ll_usb.o
 .debug_abbrev  0x00003018      0x48d ./Middlewares/Third_Party/FreeRTOS/Source/CMSIS_RTOS_V2/cmsis_os2.o
 .debug_abbrev  0x000034a5       0xf5 ./Middlewares/Third_Party/FreeRTOS/Source/list.o
 .debug_abbrev  0x0000359a      0x3b6 ./Middlewares/Third_Party/FreeRTOS/Source/queue.o
 .debug_abbrev  0x00003950      0x3fe ./Middlewares/Third_Party/FreeRTOS/Source/tasks.o
 .debug_abbrev  0x00003d4e      0x368 ./Middlewares/Third_Party/FreeRTOS/Source/timers.o
 .debug_abbrev  0x000040b6      0x26f ./Middlewares/Third_Party/FreeRTOS/Source/portable/GCC/ARM_CM7/r0p1/port.o
 .debug_abbrev  0x00004325      0x205 ./Middlewares/Third_Party/FreeRTOS/Source/portable/MemMang/heap_4.o

.debug_aranges  0x00000000     0x1a68
 .debug_aranges
                0x00000000       0x58 ./Core/Src/CAN.o
 .debug_aranges
                0x00000058       0x38 ./Core/Src/CANRxInterruptTask.o
 .debug_aranges
                0x00000090       0x38 ./Core/Src/CANTxGatekeeperTask.o
 .debug_aranges
                0x000000c8       0x70 ./Core/Src/main.o
 .debug_aranges
                0x00000138       0x20 ./Core/Src/queueMessageTask1.o
 .debug_aranges
                0x00000158       0x50 ./Core/Src/stm32f7xx_hal_msp.o
 .debug_aranges
                0x000001a8       0x30 ./Core/Src/stm32f7xx_hal_timebase_tim.o
 .debug_aranges
                0x000001d8       0x58 ./Core/Src/stm32f7xx_it.o
 .debug_aranges
                0x00000230       0x28 ./Core/Src/system_stm32f7xx.o
 .debug_aranges
                0x00000258       0x28 ./Core/Startup/startup_stm32f767zitx.o
 .debug_aranges
                0x00000280      0x110 ./Drivers/STM32F7xx_HAL_Driver/Src/stm32f7xx_hal.o
 .debug_aranges
                0x00000390      0x118 ./Drivers/STM32F7xx_HAL_Driver/Src/stm32f7xx_hal_cortex.o
 .debug_aranges
                0x000004a8       0x58 ./Drivers/STM32F7xx_HAL_Driver/Src/stm32f7xx_hal_gpio.o
 .debug_aranges
                0x00000500      0x148 ./Drivers/STM32F7xx_HAL_Driver/Src/stm32f7xx_hal_pcd.o
 .debug_aranges
                0x00000648       0x48 ./Drivers/STM32F7xx_HAL_Driver/Src/stm32f7xx_hal_pcd_ex.o
 .debug_aranges
                0x00000690       0x80 ./Drivers/STM32F7xx_HAL_Driver/Src/stm32f7xx_hal_pwr_ex.o
 .debug_aranges
                0x00000710       0x88 ./Drivers/STM32F7xx_HAL_Driver/Src/stm32f7xx_hal_rcc.o
 .debug_aranges
                0x00000798       0x50 ./Drivers/STM32F7xx_HAL_Driver/Src/stm32f7xx_hal_rcc_ex.o
 .debug_aranges
                0x000007e8      0x1d8 ./Drivers/STM32F7xx_HAL_Driver/Src/stm32f7xx_hal_spi.o
 .debug_aranges
                0x000009c0      0x3e0 ./Drivers/STM32F7xx_HAL_Driver/Src/stm32f7xx_hal_tim.o
 .debug_aranges
                0x00000da0      0x180 ./Drivers/STM32F7xx_HAL_Driver/Src/stm32f7xx_hal_tim_ex.o
 .debug_aranges
                0x00000f20      0x230 ./Drivers/STM32F7xx_HAL_Driver/Src/stm32f7xx_hal_uart.o
 .debug_aranges
                0x00001150      0x1a8 ./Drivers/STM32F7xx_HAL_Driver/Src/stm32f7xx_ll_usb.o
 .debug_aranges
                0x000012f8      0x228 ./Middlewares/Third_Party/FreeRTOS/Source/CMSIS_RTOS_V2/cmsis_os2.o
 .debug_aranges
                0x00001520       0x40 ./Middlewares/Third_Party/FreeRTOS/Source/list.o
 .debug_aranges
                0x00001560      0x158 ./Middlewares/Third_Party/FreeRTOS/Source/queue.o
 .debug_aranges
                0x000016b8      0x1f8 ./Middlewares/Third_Party/FreeRTOS/Source/tasks.o
 .debug_aranges
                0x000018b0       0xe8 ./Middlewares/Third_Party/FreeRTOS/Source/timers.o
 .debug_aranges
                0x00001998       0x80 ./Middlewares/Third_Party/FreeRTOS/Source/portable/GCC/ARM_CM7/r0p1/port.o
 .debug_aranges
                0x00001a18       0x50 ./Middlewares/Third_Party/FreeRTOS/Source/portable/MemMang/heap_4.o

.debug_rnglists
                0x00000000     0x148f
 .debug_rnglists
                0x00000000       0x41 ./Core/Src/CAN.o
 .debug_rnglists
                0x00000041       0x27 ./Core/Src/CANRxInterruptTask.o
 .debug_rnglists
                0x00000068       0x25 ./Core/Src/CANTxGatekeeperTask.o
 .debug_rnglists
                0x0000008d       0x52 ./Core/Src/main.o
 .debug_rnglists
                0x000000df       0x13 ./Core/Src/queueMessageTask1.o
 .debug_rnglists
                0x000000f2       0x3a ./Core/Src/stm32f7xx_hal_msp.o
 .debug_rnglists
                0x0000012c       0x20 ./Core/Src/stm32f7xx_hal_timebase_tim.o
 .debug_rnglists
                0x0000014c       0x3d ./Core/Src/stm32f7xx_it.o
 .debug_rnglists
                0x00000189       0x1a ./Core/Src/system_stm32f7xx.o
 .debug_rnglists
                0x000001a3       0x19 ./Core/Startup/startup_stm32f767zitx.o
 .debug_rnglists
                0x000001bc       0xc7 ./Drivers/STM32F7xx_HAL_Driver/Src/stm32f7xx_hal.o
 .debug_rnglists
                0x00000283       0xce ./Drivers/STM32F7xx_HAL_Driver/Src/stm32f7xx_hal_cortex.o
 .debug_rnglists
                0x00000351       0x3f ./Drivers/STM32F7xx_HAL_Driver/Src/stm32f7xx_hal_gpio.o
 .debug_rnglists
                0x00000390       0xfc ./Drivers/STM32F7xx_HAL_Driver/Src/stm32f7xx_hal_pcd.o
 .debug_rnglists
                0x0000048c       0x32 ./Drivers/STM32F7xx_HAL_Driver/Src/stm32f7xx_hal_pcd_ex.o
 .debug_rnglists
                0x000004be       0x5f ./Drivers/STM32F7xx_HAL_Driver/Src/stm32f7xx_hal_pwr_ex.o
 .debug_rnglists
                0x0000051d       0x67 ./Drivers/STM32F7xx_HAL_Driver/Src/stm32f7xx_hal_rcc.o
 .debug_rnglists
                0x00000584       0x3c ./Drivers/STM32F7xx_HAL_Driver/Src/stm32f7xx_hal_rcc_ex.o
 .debug_rnglists
                0x000005c0      0x178 ./Drivers/STM32F7xx_HAL_Driver/Src/stm32f7xx_hal_spi.o
 .debug_rnglists
                0x00000738      0x328 ./Drivers/STM32F7xx_HAL_Driver/Src/stm32f7xx_hal_tim.o
 .debug_rnglists
                0x00000a60      0x138 ./Drivers/STM32F7xx_HAL_Driver/Src/stm32f7xx_hal_tim_ex.o
 .debug_rnglists
                0x00000b98      0x1e0 ./Drivers/STM32F7xx_HAL_Driver/Src/stm32f7xx_hal_uart.o
 .debug_rnglists
                0x00000d78      0x14e ./Drivers/STM32F7xx_HAL_Driver/Src/stm32f7xx_ll_usb.o
 .debug_rnglists
                0x00000ec6      0x1b5 ./Middlewares/Third_Party/FreeRTOS/Source/CMSIS_RTOS_V2/cmsis_os2.o
 .debug_rnglists
                0x0000107b       0x2b ./Middlewares/Third_Party/FreeRTOS/Source/list.o
 .debug_rnglists
                0x000010a6      0x10a ./Middlewares/Third_Party/FreeRTOS/Source/queue.o
 .debug_rnglists
                0x000011b0      0x195 ./Middlewares/Third_Party/FreeRTOS/Source/tasks.o
 .debug_rnglists
                0x00001345       0xb2 ./Middlewares/Third_Party/FreeRTOS/Source/timers.o
 .debug_rnglists
                0x000013f7       0x5d ./Middlewares/Third_Party/FreeRTOS/Source/portable/GCC/ARM_CM7/r0p1/port.o
 .debug_rnglists
                0x00001454       0x3b ./Middlewares/Third_Party/FreeRTOS/Source/portable/MemMang/heap_4.o

.debug_macro    0x00000000    0x2b830
 .debug_macro   0x00000000      0x370 ./Core/Src/CAN.o
 .debug_macro   0x00000370      0xacc ./Core/Src/CAN.o
 .debug_macro   0x00000e3c      0x29f ./Core/Src/CAN.o
 .debug_macro   0x000010db       0x2e ./Core/Src/CAN.o
 .debug_macro   0x00001109       0x3b ./Core/Src/CAN.o
 .debug_macro   0x00001144       0x22 ./Core/Src/CAN.o
 .debug_macro   0x00001166       0x8e ./Core/Src/CAN.o
 .debug_macro   0x000011f4       0x51 ./Core/Src/CAN.o
 .debug_macro   0x00001245      0x103 ./Core/Src/CAN.o
 .debug_macro   0x00001348       0x6a ./Core/Src/CAN.o
 .debug_macro   0x000013b2      0x1df ./Core/Src/CAN.o
 .debug_macro   0x00001591       0x1c ./Core/Src/CAN.o
 .debug_macro   0x000015ad       0x22 ./Core/Src/CAN.o
 .debug_macro   0x000015cf       0xd9 ./Core/Src/CAN.o
 .debug_macro   0x000016a8     0x12cd ./Core/Src/CAN.o
 .debug_macro   0x00002975      0x11f ./Core/Src/CAN.o
 .debug_macro   0x00002a94       0x19 ./Core/Src/CAN.o
 .debug_macro   0x00002aad    0x1aa0d ./Core/Src/CAN.o
 .debug_macro   0x0001d4ba       0x6d ./Core/Src/CAN.o
 .debug_macro   0x0001d527     0x3749 ./Core/Src/CAN.o
 .debug_macro   0x00020c70      0x189 ./Core/Src/CAN.o
 .debug_macro   0x00020df9       0x63 ./Core/Src/CAN.o
 .debug_macro   0x00020e5c     0x1add ./Core/Src/CAN.o
 .debug_macro   0x00022939      0x6c4 ./Core/Src/CAN.o
 .debug_macro   0x00022ffd      0x18b ./Core/Src/CAN.o
 .debug_macro   0x00023188      0x115 ./Core/Src/CAN.o
 .debug_macro   0x0002329d      0x26e ./Core/Src/CAN.o
 .debug_macro   0x0002350b       0xa5 ./Core/Src/CAN.o
 .debug_macro   0x000235b0      0x24f ./Core/Src/CAN.o
 .debug_macro   0x000237ff       0x71 ./Core/Src/CAN.o
 .debug_macro   0x00023870       0x58 ./Core/Src/CAN.o
 .debug_macro   0x000238c8      0x236 ./Core/Src/CAN.o
 .debug_macro   0x00023afe      0x14e ./Core/Src/CAN.o
 .debug_macro   0x00023c4c      0x3db ./Core/Src/CAN.o
 .debug_macro   0x00024027       0x12 ./Core/Src/CAN.o
 .debug_macro   0x00024039      0x22c ./Core/Src/CAN.o
 .debug_macro   0x00024265       0x61 ./Core/Src/CAN.o
 .debug_macro   0x000242c6       0xa5 ./Core/Src/CAN.o
 .debug_macro   0x0002436b      0x12e ./Core/Src/CAN.o
 .debug_macro   0x00024499      0x108 ./Core/Src/CAN.o
 .debug_macro   0x000245a1       0x35 ./Core/Src/CAN.o
 .debug_macro   0x000245d6      0x2fe ./Core/Src/CAN.o
 .debug_macro   0x000248d4      0xa8a ./Core/Src/CAN.o
 .debug_macro   0x0002535e       0xa9 ./Core/Src/CAN.o
 .debug_macro   0x00025407      0x5ba ./Core/Src/CAN.o
 .debug_macro   0x000259c1       0x44 ./Core/Src/CAN.o
 .debug_macro   0x00025a05      0x256 ./Core/Src/CAN.o
 .debug_macro   0x00025c5b       0xba ./Core/Src/CAN.o
 .debug_macro   0x00025d15      0x15b ./Core/Src/CAN.o
 .debug_macro   0x00025e70      0x1aa ./Core/Src/CAN.o
 .debug_macro   0x0002601a      0x13d ./Core/Src/CAN.o
 .debug_macro   0x00026157      0x15a ./Core/Src/CAN.o
 .debug_macro   0x000262b1       0xc9 ./Core/Src/CAN.o
 .debug_macro   0x0002637a       0x1c ./Core/Src/CAN.o
 .debug_macro   0x00026396       0x26 ./Core/Src/CAN.o
 .debug_macro   0x000263bc       0x61 ./Core/Src/CAN.o
 .debug_macro   0x0002641d       0x29 ./Core/Src/CAN.o
 .debug_macro   0x00026446       0x43 ./Core/Src/CAN.o
 .debug_macro   0x00026489       0x34 ./Core/Src/CAN.o
 .debug_macro   0x000264bd       0x16 ./Core/Src/CAN.o
 .debug_macro   0x000264d3       0x43 ./Core/Src/CAN.o
 .debug_macro   0x00026516       0x34 ./Core/Src/CAN.o
 .debug_macro   0x0002654a       0x10 ./Core/Src/CAN.o
 .debug_macro   0x0002655a       0x58 ./Core/Src/CAN.o
 .debug_macro   0x000265b2       0x8e ./Core/Src/CAN.o
 .debug_macro   0x00026640       0x1c ./Core/Src/CAN.o
 .debug_macro   0x0002665c      0x177 ./Core/Src/CAN.o
 .debug_macro   0x000267d3       0x10 ./Core/Src/CAN.o
 .debug_macro   0x000267e3       0x35 ./Core/Src/CAN.o
 .debug_macro   0x00026818      0x4aa ./Core/Src/CAN.o
 .debug_macro   0x00026cc2       0xb5 ./Core/Src/CAN.o
 .debug_macro   0x00026d77       0xaa ./Core/Src/CAN.o
 .debug_macro   0x00026e21       0x66 ./Core/Src/CAN.o
 .debug_macro   0x00026e87       0x74 ./Core/Src/CAN.o
 .debug_macro   0x00026efb       0xdd ./Core/Src/CAN.o
 .debug_macro   0x00026fd8      0x1fc ./Core/Src/CAN.o
 .debug_macro   0x000271d4       0x10 ./Core/Src/CAN.o
 .debug_macro   0x000271e4      0x36d ./Core/Src/CANRxInterruptTask.o
 .debug_macro   0x00027551      0x13d ./Core/Src/CANRxInterruptTask.o
 .debug_macro   0x0002768e       0x10 ./Core/Src/CANRxInterruptTask.o
 .debug_macro   0x0002769e       0xd3 ./Core/Src/CANRxInterruptTask.o
 .debug_macro   0x00027771      0x36d ./Core/Src/CANTxGatekeeperTask.o
 .debug_macro   0x00027ade      0x386 ./Core/Src/main.o
 .debug_macro   0x00027e64      0x36d ./Core/Src/queueMessageTask1.o
 .debug_macro   0x000281d1      0x22b ./Core/Src/stm32f7xx_hal_msp.o
 .debug_macro   0x000283fc      0x21c ./Core/Src/stm32f7xx_hal_timebase_tim.o
 .debug_macro   0x00028618      0x235 ./Core/Src/stm32f7xx_it.o
 .debug_macro   0x0002884d      0x21c ./Core/Src/system_stm32f7xx.o
 .debug_macro   0x00028a69      0x240 ./Drivers/STM32F7xx_HAL_Driver/Src/stm32f7xx_hal.o
 .debug_macro   0x00028ca9      0x21c ./Drivers/STM32F7xx_HAL_Driver/Src/stm32f7xx_hal_cortex.o
 .debug_macro   0x00028ec5      0x222 ./Drivers/STM32F7xx_HAL_Driver/Src/stm32f7xx_hal_gpio.o