Archive member included to satisfy reference by file (symbol)

C:/ST/STM32CubeIDE_1.12.1/STM32CubeIDE/plugins/com.st.stm32cube.ide.mcu.externaltools.gnu-tools-for-stm32.12.3.rel1.win32_1.0.100.202403111256/tools/bin/../lib/gcc/arm-none-eabi/12.3.1/../../../../arm-none-eabi/lib/thumb/v7e-m+dp/hard\libc_nano.a(libc_a-exit.o)
                              C:/ST/STM32CubeIDE_1.12.1/STM32CubeIDE/plugins/com.st.stm32cube.ide.mcu.externaltools.gnu-tools-for-stm32.12.3.rel1.win32_1.0.100.202403111256/tools/bin/../lib/gcc/arm-none-eabi/12.3.1/../../../../arm-none-eabi/lib/thumb/v7e-m+dp/hard/crt0.o (exit)
C:/ST/STM32CubeIDE_1.12.1/STM32CubeIDE/plugins/com.st.stm32cube.ide.mcu.externaltools.gnu-tools-for-stm32.12.3.rel1.win32_1.0.100.202403111256/tools/bin/../lib/gcc/arm-none-eabi/12.3.1/../../../../arm-none-eabi/lib/thumb/v7e-m+dp/hard\libc_nano.a(libc_a-findfp.o)
                              ./Middlewares/Third_Party/FreeRTOS/Source/tasks.o (__sf)
C:/ST/STM32CubeIDE_1.12.1/STM32CubeIDE/plugins/com.st.stm32cube.ide.mcu.externaltools.gnu-tools-for-stm32.12.3.rel1.win32_1.0.100.202403111256/tools/bin/../lib/gcc/arm-none-eabi/12.3.1/../../../../arm-none-eabi/lib/thumb/v7e-m+dp/hard\libc_nano.a(libc_a-fwalk.o)
                              C:/ST/STM32CubeIDE_1.12.1/STM32CubeIDE/plugins/com.st.stm32cube.ide.mcu.externaltools.gnu-tools-for-stm32.12.3.rel1.win32_1.0.100.202403111256/tools/bin/../lib/gcc/arm-none-eabi/12.3.1/../../../../arm-none-eabi/lib/thumb/v7e-m+dp/hard\libc_nano.a(libc_a-findfp.o) (_fwalk_sglue)
C:/ST/STM32CubeIDE_1.12.1/STM32CubeIDE/plugins/com.st.stm32cube.ide.mcu.externaltools.gnu-tools-for-stm32.12.3.rel1.win32_1.0.100.202403111256/tools/bin/../lib/gcc/arm-none-eabi/12.3.1/../../../../arm-none-eabi/lib/thumb/v7e-m+dp/hard\libc_nano.a(libc_a-stdio.o)
                              C:/ST/STM32CubeIDE_1.12.1/STM32CubeIDE/plugins/com.st.stm32cube.ide.mcu.externaltools.gnu-tools-for-stm32.12.3.rel1.win32_1.0.100.202403111256/tools/bin/../lib/gcc/arm-none-eabi/12.3.1/../../../../arm-none-eabi/lib/thumb/v7e-m+dp/hard\libc_nano.a(libc_a-findfp.o) (__sread)
C:/ST/STM32CubeIDE_1.12.1/STM32CubeIDE/plugins/com.st.stm32cube.ide.mcu.externaltools.gnu-tools-for-stm32.12.3.rel1.win32_1.0.100.202403111256/tools/bin/../lib/gcc/arm-none-eabi/12.3.1/../../../../arm-none-eabi/lib/thumb/v7e-m+dp/hard\libc_nano.a(libc_a-memset.o)
                              C:/ST/STM32CubeIDE_1.12.1/STM32CubeIDE/plugins/com.st.stm32cube.ide.mcu.externaltools.gnu-tools-for-stm32.12.3.rel1.win32_1.0.100.202403111256/tools/bin/../lib/gcc/arm-none-eabi/12.3.1/../../../../arm-none-eabi/lib/thumb/v7e-m+dp/hard/crt0.o (memset)
C:/ST/STM32CubeIDE_1.12.1/STM32CubeIDE/plugins/com.st.stm32cube.ide.mcu.externaltools.gnu-tools-for-stm32.12.3.rel1.win32_1.0.100.202403111256/tools/bin/../lib/gcc/arm-none-eabi/12.3.1/../../../../arm-none-eabi/lib/thumb/v7e-m+dp/hard\libc_nano.a(libc_a-closer.o)
                              C:/ST/STM32CubeIDE_1.12.1/STM32CubeIDE/plugins/com.st.stm32cube.ide.mcu.externaltools.gnu-tools-for-stm32.12.3.rel1.win32_1.0.100.202403111256/tools/bin/../lib/gcc/arm-none-eabi/12.3.1/../../../../arm-none-eabi/lib/thumb/v7e-m+dp/hard\libc_nano.a(libc_a-stdio.o) (_close_r)
C:/ST/STM32CubeIDE_1.12.1/STM32CubeIDE/plugins/com.st.stm32cube.ide.mcu.externaltools.gnu-tools-for-stm32.12.3.rel1.win32_1.0.100.202403111256/tools/bin/../lib/gcc/arm-none-eabi/12.3.1/../../../../arm-none-eabi/lib/thumb/v7e-m+dp/hard\libc_nano.a(libc_a-reent.o)
                              ./Middlewares/Third_Party/FreeRTOS/Source/tasks.o (_reclaim_reent)
C:/ST/STM32CubeIDE_1.12.1/STM32CubeIDE/plugins/com.st.stm32cube.ide.mcu.externaltools.gnu-tools-for-stm32.12.3.rel1.win32_1.0.100.202403111256/tools/bin/../lib/gcc/arm-none-eabi/12.3.1/../../../../arm-none-eabi/lib/thumb/v7e-m+dp/hard\libc_nano.a(libc_a-impure.o)
                              ./Middlewares/Third_Party/FreeRTOS/Source/tasks.o (_impure_ptr)
C:/ST/STM32CubeIDE_1.12.1/STM32CubeIDE/plugins/com.st.stm32cube.ide.mcu.externaltools.gnu-tools-for-stm32.12.3.rel1.win32_1.0.100.202403111256/tools/bin/../lib/gcc/arm-none-eabi/12.3.1/../../../../arm-none-eabi/lib/thumb/v7e-m+dp/hard\libc_nano.a(libc_a-lseekr.o)
                              C:/ST/STM32CubeIDE_1.12.1/STM32CubeIDE/plugins/com.st.stm32cube.ide.mcu.externaltools.gnu-tools-for-stm32.12.3.rel1.win32_1.0.100.202403111256/tools/bin/../lib/gcc/arm-none-eabi/12.3.1/../../../../arm-none-eabi/lib/thumb/v7e-m+dp/hard\libc_nano.a(libc_a-stdio.o) (_lseek_r)
C:/ST/STM32CubeIDE_1.12.1/STM32CubeIDE/plugins/com.st.stm32cube.ide.mcu.externaltools.gnu-tools-for-stm32.12.3.rel1.win32_1.0.100.202403111256/tools/bin/../lib/gcc/arm-none-eabi/12.3.1/../../../../arm-none-eabi/lib/thumb/v7e-m+dp/hard\libc_nano.a(libc_a-readr.o)
[...]
Memory Configuration

Name             Origin             Length             Attributes
RAM              0x20000000         0x00080000         xrw
FLASH            0x08000000         0x00200000         xr
*default*        0x00000000         0xffffffff

Linker script and memory map

LOAD C:/ST/STM32CubeIDE_1.12.1/STM32CubeIDE/plugins/com.st.stm32cube.ide.mcu.externaltools.gnu-tools-for-stm32.12.3.rel1.win32_1.0.100.202403111256/tools/bin/../lib/gcc/arm-none-eabi/12.3.1/thumb/v7e-m+dp/hard/crti.o
LOAD C:/ST/STM32CubeIDE_1.12.1/STM32CubeIDE/plugins/com.st.stm32cube.ide.mcu.externaltools.gnu-tools-for-stm32.12.3.rel1.win32_1.0.100.202403111256/tools/bin/../lib/gcc/arm-none-eabi/12.3.1/thumb/v7e-m+dp/hard/crtbegin.o
LOAD C:/ST/STM32CubeIDE_1.12.1/STM32CubeIDE/plugins/com.st.stm32cube.ide.mcu.externaltools.gnu-tools-for-stm32.12.3.rel1.win32_1.0.100.202403111256/tools/bin/../lib/gcc/arm-none-eabi/12.3.1/../../../../arm-none-eabi/lib/thumb/v7e-m+dp/hard/crt0.o
LOAD ./Core/Src/CAN.o
LOAD ./Core/Src/CANClearInterruptTask.o
LOAD ./Core/Src/CANRxMessageTask.o
LOAD ./Core/Src/CANTxGatekeeperTask.o
LOAD ./Core/Src/freertos.o
LOAD ./Core/Src/main.o
LOAD ./Core/Src/queueMessageTask1.o
LOAD ./Core/Src/queueMessageTask2.o
LOAD ./Core/Src/stm32f7xx_hal_msp.o
LOAD ./Core/Src/stm32f7xx_hal_timebase_tim.o
LOAD ./Core/Src/stm32f7xx_it.o
LOAD ./Core/Src/syscalls.o
LOAD ./Core/Src/sysmem.o
LOAD ./Core/Src/system_stm32f7xx.o
LOAD ./Core/Startup/startup_stm32f767zitx.o
LOAD ./Drivers/STM32F7xx_HAL_Driver/Src/stm32f7xx_hal.o
LOAD ./Drivers/STM32F7xx_HAL_Driver/Src/stm32f7xx_hal_cortex.o
LOAD ./Drivers/STM32F7xx_HAL_Driver/Src/stm32f7xx_hal_dma.o
LOAD ./Drivers/STM32F7xx_HAL_Driver/Src/stm32f7xx_hal_dma_ex.o
LOAD ./Drivers/STM32F7xx_HAL_Driver/Src/stm32f7xx_hal_exti.o
LOAD ./Drivers/STM32F7xx_HAL_Driver/Src/stm32f7xx_hal_flash.o
LOAD ./Drivers/STM32F7xx_HAL_Driver/Src/stm32f7xx_hal_flash_ex.o
LOAD ./Drivers/STM32F7xx_HAL_Driver/Src/stm32f7xx_hal_gpio.o
LOAD ./Drivers/STM32F7xx_HAL_Driver/Src/stm32f7xx_hal_i2c.o
LOAD ./Drivers/STM32F7xx_HAL_Driver/Src/stm32f7xx_hal_i2c_ex.o
LOAD ./Drivers/STM32F7xx_HAL_Driver/Src/stm32f7xx_hal_pcd.o
LOAD ./Drivers/STM32F7xx_HAL_Driver/Src/stm32f7xx_hal_pcd_ex.o
LOAD ./Drivers/STM32F7xx_HAL_Driver/Src/stm32f7xx_hal_pwr.o
LOAD ./Drivers/STM32F7xx_HAL_Driver/Src/stm32f7xx_hal_pwr_ex.o
LOAD ./Drivers/STM32F7xx_HAL_Driver/Src/stm32f7xx_hal_rcc.o
LOAD ./Drivers/STM32F7xx_HAL_Driver/Src/stm32f7xx_hal_rcc_ex.o
LOAD ./Drivers/STM32F7xx_HAL_Driver/Src/stm32f7xx_hal_spi.o
LOAD ./Drivers/STM32F7xx_HAL_Driver/Src/stm32f7xx_hal_spi_ex.o
LOAD ./Drivers/STM32F7xx_HAL_Driver/Src/stm32f7xx_hal_tim.o
LOAD ./Drivers/STM32F7xx_HAL_Driver/Src/stm32f7xx_hal_tim_ex.o
LOAD ./Drivers/STM32F7xx_HAL_Driver/Src/stm32f7xx_hal_uart.o
LOAD ./Drivers/STM32F7xx_HAL_Driver/Src/stm32f7xx_hal_uart_ex.o
LOAD ./Drivers/STM32F7xx_HAL_Driver/Src/stm32f7xx_ll_usb.o
LOAD ./Middlewares/Third_Party/FreeRTOS/Source/CMSIS_RTOS_V2/cmsis_os2.o
LOAD ./Middlewares/Third_Party/FreeRTOS/Source/croutine.o
LOAD ./Middlewares/Third_Party/FreeRTOS/Source/event_groups.o
LOAD ./Middlewares/Third_Party/FreeRTOS/Source/list.o
LOAD ./Middlewares/Third_Party/FreeRTOS/Source/queue.o
LOAD ./Middlewares/Third_Party/FreeRTOS/Source/stream_buffer.o
LOAD ./Middlewares/Third_Party/FreeRTOS/Source/tasks.o
LOAD ./Middlewares/Third_Party/FreeRTOS/Source/timers.o
LOAD ./Middlewares/Third_Party/FreeRTOS/Source/portable/GCC/ARM_CM7/r0p1/port.o
LOAD ./Middlewares/Third_Party/FreeRTOS/Source/portable/MemMang/heap_4.o
START GROUP
LOAD C:/ST/STM32CubeIDE_1.12.1/STM32CubeIDE/plugins/com.st.stm32cube.ide.mcu.externaltools.gnu-tools-for-stm32.12.3.rel1.win32_1.0.100.202403111256/tools/bin/../lib/gcc/arm-none-eabi/12.3.1/../../../../arm-none-eabi/lib/thumb/v7e-m+dp/hard\libc_nano.a
LOAD C:/ST/STM32CubeIDE_1.12.1/STM32CubeIDE/plugins/com.st.stm32cube.ide.mcu.externaltools.gnu-tools-for-stm32.12.3.rel1.win32_1.0.100.202403111256/tools/bin/../lib/gcc/arm-none-eabi/12.3.1/../../../../arm-none-eabi/lib/thumb/v7e-m+dp/hard\libm.a
END GROUP
START GROUP
LOAD C:/ST/STM32CubeIDE_1.12.1/STM32CubeIDE/plugins/com.st.stm32cube.ide.mcu.externaltools.gnu-tools-for-stm32.12.3.rel1.win32_1.0.100.202403111256/tools/bin/../lib/gcc/arm-none-eabi/12.3.1/thumb/v7e-m+dp/hard\libgcc.a
LOAD C:/ST/STM32CubeIDE_1.12.1/STM32CubeIDE/plugins/com.st.stm32cube.ide.mcu.externaltools.gnu-tools-for-stm32.12.3.rel1.win32_1.0.100.202403111256/tools/bin/../lib/gcc/arm-none-eabi/12.3.1/../../../../arm-none-eabi/lib/thumb/v7e-m+dp/hard\libc_nano.a
END GROUP
START GROUP
LOAD C:/ST/STM32CubeIDE_1.12.1/STM32CubeIDE/plugins/com.st.stm32cube.ide.mcu.externaltools.gnu-tools-for-stm32.12.3.rel1.win32_1.0.100.202403111256/tools/bin/../lib/gcc/arm-none-eabi/12.3.1/thumb/v7e-m+dp/hard\libgcc.a
LOAD C:/ST/STM32CubeIDE_1.12.1/STM32CubeIDE/plugins/com.st.stm32cube.ide.mcu.externaltools.gnu-tools-for-stm32.12.3.rel1.win32_1.0.100.202403111256/tools/bin/../lib/gcc/arm-none-eabi/12.3.1/../../../../arm-none-eabi/lib/thumb/v7e-m+dp/hard\libc_nano.a
LOAD C:/ST/STM32CubeIDE_1.12.1/STM32CubeIDE/plugins/com.st.stm32cube.ide.mcu.externaltools.gnu-tools-for-stm32.12.3.rel1.win32_1.0.100.202403111256/tools/bin/../lib/gcc/arm-none-eabi/12.3.1/../../../../arm-none-eabi/lib/thumb/v7e-m+dp/hard\libnosys.a
END GROUP
START GROUP
LOAD C:/ST/STM32CubeIDE_1.12.1/STM32CubeIDE/plugins/com.st.stm32cube.ide.mcu.externaltools.gnu-tools-for-stm32.12.3.rel1.win32_1.0.100.202403111256/tools/bin/../lib/gcc/arm-none-eabi/12.3.1/thumb/v7e-m+dp/hard\libgcc.a
LOAD C:/ST/STM32CubeIDE_1.12.1/STM32CubeIDE/plugins/com.st.stm32cube.ide.mcu.externaltools.gnu-tools-for-stm32.12.3.rel1.win32_1.0.100.202403111256/tools/bin/../lib/gcc/arm-none-eabi/12.3.1/../../../../arm-none-eabi/lib/thumb/v7e-m+dp/hard\libc_nano.a
LOAD C:/ST/STM32CubeIDE_1.12.1/STM32CubeIDE/plugins/com.st.stm32cube.ide.mcu.externaltools.gnu-tools-for-stm32.12.3.rel1.win32_1.0.100.202403111256/tools/bin/../lib/gcc/arm-none-eabi/12.3.1/../../../../arm-none-eabi/lib/thumb/v7e-m+dp/hard\libnosys.a
END GROUP
LOAD C:/ST/STM32CubeIDE_1.12.1/STM32CubeIDE/plugins/com.st.stm32cube.ide.mcu.externaltools.gnu-tools-for-stm32.12.3.rel1.win32_1.0.100.202403111256/tools/bin/../lib/gcc/arm-none-eabi/12.3.1/thumb/v7e-m+dp/hard/crtend.o
LOAD C:/ST/STM32CubeIDE_1.12.1/STM32CubeIDE/plugins/com.st.stm32cube.ide.mcu.externaltools.gnu-tools-for-stm32.12.3.rel1.win32_1.0.100.202403111256/tools/bin/../lib/gcc/arm-none-eabi/12.3.1/thumb/v7e-m+dp/hard/crtn.o
                0x20080000                        _estack = (ORIGIN (RAM) + LENGTH (RAM))
                0x00000200                        _Min_Heap_Size = 0x200
                0x00000400                        _Min_Stack_Size = 0x400

.isr_vector     0x08000000      0x1f8
                0x08000000                        . = ALIGN (0x4)
 *(.isr_vector)
 .isr_vector    0x08000000      0x1f8 ./Core/Startup/startup_stm32f767zitx.o
                0x08000000                g_pfnVectors
                0x080001f8                        . = ALIGN (0x4)

.text           0x08000200     0x90f4
                0x08000200                        . = ALIGN (0x4)
 *(.text)
 .text          0x08000200       0x40 C:/ST/STM32CubeIDE_1.12.1/STM32CubeIDE/plugins/com.st.stm32cube.ide.mcu.externaltools.gnu-tools-for-stm32.12.3.rel1.win32_1.0.100.202403111256/tools/bin/../lib/gcc/arm-none-eabi/12.3.1/thumb/v7e-m+dp/hard/crtbegin.o
 .text          0x08000240       0x30 C:/ST/STM32CubeIDE_1.12.1/STM32CubeIDE/plugins/com.st.stm32cube.ide.mcu.externaltools.gnu-tools-for-stm32.12.3.rel1.win32_1.0.100.202403111256/tools/bin/../lib/gcc/arm-none-eabi/12.3.1/thumb/v7e-m+dp/hard\libgcc.a(_aeabi_uldivmod.o)
                0x08000240                __aeabi_uldivmod
 .text          0x08000270      0x2bc C:/ST/STM32CubeIDE_1.12.1/STM32CubeIDE/plugins/com.st.stm32cube.ide.mcu.externaltools.gnu-tools-for-stm32.12.3.rel1.win32_1.0.100.202403111256/tools/bin/../lib/gcc/arm-none-eabi/12.3.1/thumb/v7e-m+dp/hard\libgcc.a(_udivmoddi4.o)
                0x08000270                __udivmoddi4
 .text          0x0800052c        0x4 C:/ST/STM32CubeIDE_1.12.1/STM32CubeIDE/plugins/com.st.stm32cube.ide.mcu.externaltools.gnu-tools-for-stm32.12.3.rel1.win32_1.0.100.202403111256/tools/bin/../lib/gcc/arm-none-eabi/12.3.1/thumb/v7e-m+dp/hard\libgcc.a(_dvmd_tls.o)
                0x0800052c                __aeabi_idiv0
                0x0800052c                __aeabi_ldiv0
 *(.text*)
 .text.CAN_IC_READ_REGISTER
                0x08000530       0x64 ./Core/Src/CAN.o
                0x08000530                CAN_IC_READ_REGISTER
 .text.CAN_IC_WRITE_REGISTER
                0x08000594       0x58 ./Core/Src/CAN.o
                0x08000594                CAN_IC_WRITE_REGISTER
 .text.CAN_IC_WRITE_REGISTER_BITWISE
                0x080005ec       0x60 ./Core/Src/CAN.o
                0x080005ec                CAN_IC_WRITE_REGISTER_BITWISE
 .text.CAN_IC_READ_STATUS
                0x0800064c       0x5c ./Core/Src/CAN.o
                0x0800064c                CAN_IC_READ_STATUS
 .text.CAN_IC_RESET
                0x080006a8       0x48 ./Core/Src/CAN.o
                0x080006a8                CAN_IC_RESET
 .text.ConfigureCANSPI
                0x080006f0       0xe6 ./Core/Src/CAN.o
                0x080006f0                ConfigureCANSPI
 .text.checkAvailableTXChannel
                0x080007d6       0x50 ./Core/Src/CAN.o
                0x080007d6                checkAvailableTXChannel
 .text.sendCANMessage
                0x08000826       0xf4 ./Core/Src/CAN.o
                0x08000826                sendCANMessage
 .text.sendExtendedCANMessage
                0x0800091a      0x12e ./Core/Src/CAN.o
                0x0800091a                sendExtendedCANMessage
 .text.receiveCANMessage
                0x08000a48      0x148 ./Core/Src/CAN.o
                0x08000a48                receiveCANMessage
 .text.CANRxMessageTask
                0x08000b90        0xe ./Core/Src/CANRxMessageTask.o
                0x08000b90                CANRxMessageTask
 *fill*         0x08000b9e        0x2 
 .text.CANRxMessage
                0x08000ba0       0x88 ./Core/Src/CANRxMessageTask.o
                0x08000ba0                CANRxMessage
 .text.CANTxGatekeeperTask
                0x08000c28        0xe ./Core/Src/CANTxGatekeeperTask.o
                0x08000c28                CANTxGatekeeperTask
 *fill*         0x08000c36        0x2 
 .text.CANTxGatekeeper
                0x08000c38       0x6c ./Core/Src/CANTxGatekeeperTask.o
                0x08000c38                CANTxGatekeeper
 .text.main     0x08000ca4       0xd0 ./Core/Src/main.o
                0x08000ca4                main
 .text.SystemClock_Config
                0x08000d74       0xe0 ./Core/Src/main.o
                0x08000d74                SystemClock_Config
 .text.MX_SPI1_Init
                0x08000e54       0x7c ./Core/Src/main.o
 .text.MX_SPI4_Init
                0x08000ed0       0x7c ./Core/Src/main.o
 .text.MX_USART3_UART_Init
                0x08000f4c       0x60 ./Core/Src/main.o
 .text.MX_USB_OTG_FS_PCD_Init
                0x08000fac       0x5c ./Core/Src/main.o
 .text.MX_GPIO_Init
                0x08001008      0x300 ./Core/Src/main.o
 .text.HAL_GPIO_EXTI_Callback
                0x08001308       0x58 ./Core/Src/main.o
                0x08001308                HAL_GPIO_EXTI_Callback
 .text.HAL_TIM_PeriodElapsedCallback
                0x08001360       0x1e ./Core/Src/main.o
                0x08001360                HAL_TIM_PeriodElapsedCallback
 .text.Error_Handler
                0x0800137e        0xc ./Core/Src/main.o
                0x0800137e                Error_Handler
 *fill*         0x0800138a        0x2 
 .text.queueMessageTask2
                0x0800138c       0x40 ./Core/Src/queueMessageTask2.o
                0x0800138c                queueMessageTask2
 .text.HAL_MspInit
                0x080013cc       0x50 ./Core/Src/stm32f7xx_hal_msp.o
                0x080013cc                HAL_MspInit
 .text.HAL_SPI_MspInit
                0x0800141c       0xec ./Core/Src/stm32f7xx_hal_msp.o
                0x0800141c                HAL_SPI_MspInit
 .text.HAL_UART_MspInit
                0x08001508       0xc0 ./Core/Src/stm32f7xx_hal_msp.o
                0x08001508                HAL_UART_MspInit
 .text.HAL_PCD_MspInit
                0x080015c8       0xf4 ./Core/Src/stm32f7xx_hal_msp.o
                0x080015c8                HAL_PCD_MspInit
 .text.HAL_InitTick
                0x080016bc       0xf4 ./Core/Src/stm32f7xx_hal_timebase_tim.o
                0x080016bc                HAL_InitTick
 .text.NMI_Handler
                0x080017b0        0x8 ./Core/Src/stm32f7xx_it.o
                0x080017b0                NMI_Handler
 .text.HardFault_Handler
                0x080017b8        0x8 ./Core/Src/stm32f7xx_it.o
                0x080017b8                HardFault_Handler
 .text.MemManage_Handler
                0x080017c0        0x8 ./Core/Src/stm32f7xx_it.o
                0x080017c0                MemManage_Handler
 .text.BusFault_Handler
                0x080017c8        0x8 ./Core/Src/stm32f7xx_it.o
                0x080017c8                BusFault_Handler
 .text.UsageFault_Handler
                0x080017d0        0x8 ./Core/Src/stm32f7xx_it.o
                0x080017d0                UsageFault_Handler
 .text.DebugMon_Handler
                0x080017d8        0xe ./Core/Src/stm32f7xx_it.o
                0x080017d8                DebugMon_Handler
 .text.EXTI1_IRQHandler
                0x080017e6        0xe ./Core/Src/stm32f7xx_it.o
                0x080017e6                EXTI1_IRQHandler
 .text.EXTI2_IRQHandler
                0x080017f4        0xe ./Core/Src/stm32f7xx_it.o
                0x080017f4                EXTI2_IRQHandler
 .text.EXTI9_5_IRQHandler
                0x08001802        0xe ./Core/Src/stm32f7xx_it.o
                0x08001802                EXTI9_5_IRQHandler
 .text.TIM2_IRQHandler
                0x08001810       0x14 ./Core/Src/stm32f7xx_it.o
                0x08001810                TIM2_IRQHandler
 .text.EXTI15_10_IRQHandler
                0x08001824       0x28 ./Core/Src/stm32f7xx_it.o
                0x08001824                EXTI15_10_IRQHandler
 .text.SystemInit
                0x0800184c       0x24 ./Core/Src/system_stm32f7xx.o
                0x0800184c                SystemInit
 .text.Reset_Handler
                0x08001870       0x50 ./Core/Startup/startup_stm32f767zitx.o
                0x08001870                Reset_Handler
 .text.Default_Handler
                0x080018c0        0x2 ./Core/Startup/startup_stm32f767zitx.o
                0x080018c0                RTC_Alarm_IRQHandler
                0x080018c0                TIM8_CC_IRQHandler
                0x080018c0                UART8_IRQHandler
                0x080018c0                SPI4_IRQHandler
                0x080018c0                TIM1_CC_IRQHandler
                0x080018c0                DMA2_Stream5_IRQHandler
                0x080018c0                JPEG_IRQHandler
                0x080018c0                DMA1_Stream5_IRQHandler
                0x080018c0                CAN3_RX1_IRQHandler
                0x080018c0                PVD_IRQHandler
                0x080018c0                TAMP_STAMP_IRQHandler
                0x080018c0                CAN2_RX1_IRQHandler
                0x080018c0                EXTI3_IRQHandler
                0x080018c0                TIM8_TRG_COM_TIM14_IRQHandler
                0x080018c0                DFSDM1_FLT1_IRQHandler
                0x080018c0                TIM1_UP_TIM10_IRQHandler
                0x080018c0                TIM8_UP_TIM13_IRQHandler
                0x080018c0                I2C3_ER_IRQHandler
                0x080018c0                DFSDM1_FLT2_IRQHandler
                0x080018c0                EXTI0_IRQHandler
                0x080018c0                I2C2_EV_IRQHandler
                0x080018c0                DMA1_Stream2_IRQHandler
                0x080018c0                CAN1_RX0_IRQHandler
                0x080018c0                FPU_IRQHandler
                0x080018c0                OTG_HS_WKUP_IRQHandler
                0x080018c0                CAN3_SCE_IRQHandler
                0x080018c0                LTDC_ER_IRQHandler
                0x080018c0                CAN2_SCE_IRQHandler
                0x080018c0                DMA2_Stream2_IRQHandler
                0x080018c0                SPI1_IRQHandler
                0x080018c0                TIM6_DAC_IRQHandler
                0x080018c0                TIM1_BRK_TIM9_IRQHandler
                0x080018c0                DCMI_IRQHandler
                0x080018c0                CAN2_RX0_IRQHandler
                0x080018c0                DMA2_Stream3_IRQHandler
                0x080018c0                SAI2_IRQHandler
                0x080018c0                DFSDM1_FLT3_IRQHandler
                0x080018c0                USART6_IRQHandler
                0x080018c0                CAN3_RX0_IRQHandler
                0x080018c0                USART3_IRQHandler
                0x080018c0                CAN1_RX1_IRQHandler
                0x080018c0                UART5_IRQHandler
                0x080018c0                DMA2_Stream0_IRQHandler
                0x080018c0                TIM4_IRQHandler
                0x080018c0                QUADSPI_IRQHandler
                0x080018c0                I2C1_EV_IRQHandler
                0x080018c0                DMA1_Stream6_IRQHandler
                0x080018c0                DMA1_Stream1_IRQHandler
                0x080018c0                UART4_IRQHandler
                0x080018c0                TIM3_IRQHandler
                0x080018c0                RCC_IRQHandler
                0x080018c0                TIM8_BRK_TIM12_IRQHandler
                0x080018c0                Default_Handler
                0x080018c0                CEC_IRQHandler
                0x080018c0                ADC_IRQHandler
                0x080018c0                DMA1_Stream7_IRQHandler
                0x080018c0                SPI5_IRQHandler
                0x080018c0                TIM7_IRQHandler
                0x080018c0                SDMMC1_IRQHandler
                0x080018c0                CAN2_TX_IRQHandler
                0x080018c0                TIM5_IRQHandler
                0x080018c0                DMA2_Stream7_IRQHandler
                0x080018c0                I2C3_EV_IRQHandler
                0x080018c0                RTC_WKUP_IRQHandler
                0x080018c0                LTDC_IRQHandler
                0x080018c0                ETH_WKUP_IRQHandler
                0x080018c0                SPDIF_RX_IRQHandler
                0x080018c0                SPI2_IRQHandler
                0x080018c0                OTG_HS_EP1_IN_IRQHandler
                0x080018c0                DMA1_Stream0_IRQHandler
                0x080018c0                CAN1_TX_IRQHandler
                0x080018c0                EXTI4_IRQHandler
                0x080018c0                RNG_IRQHandler
                0x080018c0                ETH_IRQHandler
                0x080018c0                OTG_HS_EP1_OUT_IRQHandler
                0x080018c0                WWDG_IRQHandler
                0x080018c0                SPI6_IRQHandler
                0x080018c0                MDIOS_IRQHandler
                0x080018c0                I2C4_EV_IRQHandler
                0x080018c0                CAN3_TX_IRQHandler
                0x080018c0                OTG_FS_WKUP_IRQHandler
                0x080018c0                TIM1_TRG_COM_TIM11_IRQHandler
                0x080018c0                OTG_HS_IRQHandler
                0x080018c0                DMA2D_IRQHandler
                0x080018c0                SDMMC2_IRQHandler
                0x080018c0                UART7_IRQHandler
                0x080018c0                USART2_IRQHandler
                0x080018c0                DFSDM1_FLT0_IRQHandler
                0x080018c0                I2C2_ER_IRQHandler
                0x080018c0                DMA2_Stream1_IRQHandler
                0x080018c0                CAN1_SCE_IRQHandler
                0x080018c0                FLASH_IRQHandler
                0x080018c0                DMA2_Stream4_IRQHandler
                0x080018c0                USART1_IRQHandler
                0x080018c0                OTG_FS_IRQHandler
                0x080018c0                SPI3_IRQHandler
                0x080018c0                DMA1_Stream4_IRQHandler
                0x080018c0                I2C1_ER_IRQHandler
                0x080018c0                FMC_IRQHandler
                0x080018c0                LPTIM1_IRQHandler
                0x080018c0                I2C4_ER_IRQHandler
                0x080018c0                DMA2_Stream6_IRQHandler
                0x080018c0                SAI1_IRQHandler
                0x080018c0                DMA1_Stream3_IRQHandler
 .text.HAL_Init
                0x080018c2       0x1a ./Drivers/STM32F7xx_HAL_Driver/Src/stm32f7xx_hal.o
                0x080018c2                HAL_Init
 .text.HAL_IncTick
                0x080018dc       0x28 ./Drivers/STM32F7xx_HAL_Driver/Src/stm32f7xx_hal.o
                0x080018dc                HAL_IncTick
 .text.HAL_GetTick
                0x08001904       0x18 ./Drivers/STM32F7xx_HAL_Driver/Src/stm32f7xx_hal.o
                0x08001904                HAL_GetTick
 .text.HAL_Delay
                0x0800191c       0x48 ./Drivers/STM32F7xx_HAL_Driver/Src/stm32f7xx_hal.o
                0x0800191c                HAL_Delay
 .text.__NVIC_SetPriorityGrouping
                0x08001964       0x48 ./Drivers/STM32F7xx_HAL_Driver/Src/stm32f7xx_hal_cortex.o
 .text.__NVIC_GetPriorityGrouping
                0x080019ac       0x1c ./Drivers/STM32F7xx_HAL_Driver/Src/stm32f7xx_hal_cortex.o
 .text.__NVIC_EnableIRQ
                0x080019c8       0x3c ./Drivers/STM32F7xx_HAL_Driver/Src/stm32f7xx_hal_cortex.o
 .text.__NVIC_SetPriority
                0x08001a04       0x54 ./Drivers/STM32F7xx_HAL_Driver/Src/stm32f7xx_hal_cortex.o
 .text.NVIC_EncodePriority
                0x08001a58       0x66 ./Drivers/STM32F7xx_HAL_Driver/Src/stm32f7xx_hal_cortex.o
 .text.HAL_NVIC_SetPriorityGrouping
                0x08001abe       0x16 ./Drivers/STM32F7xx_HAL_Driver/Src/stm32f7xx_hal_cortex.o
                0x08001abe                HAL_NVIC_SetPriorityGrouping
 .text.HAL_NVIC_SetPriority
                0x08001ad4       0x38 ./Drivers/STM32F7xx_HAL_Driver/Src/stm32f7xx_hal_cortex.o
                0x08001ad4                HAL_NVIC_SetPriority
 .text.HAL_NVIC_EnableIRQ
                0x08001b0c       0x1c ./Drivers/STM32F7xx_HAL_Driver/Src/stm32f7xx_hal_cortex.o
                0x08001b0c                HAL_NVIC_EnableIRQ
 .text.HAL_GPIO_Init
                0x08001b28      0x358 ./Drivers/STM32F7xx_HAL_Driver/Src/stm32f7xx_hal_gpio.o
                0x08001b28                HAL_GPIO_Init
 .text.HAL_GPIO_WritePin
                0x08001e80       0x32 ./Drivers/STM32F7xx_HAL_Driver/Src/stm32f7xx_hal_gpio.o
                0x08001e80                HAL_GPIO_WritePin
 *fill*         0x08001eb2        0x2 
 .text.HAL_GPIO_EXTI_IRQHandler
                0x08001eb4       0x30 ./Drivers/STM32F7xx_HAL_Driver/Src/stm32f7xx_hal_gpio.o
                0x08001eb4                HAL_GPIO_EXTI_IRQHandler
 .text.HAL_PCD_Init
                0x08001ee4      0x248 ./Drivers/STM32F7xx_HAL_Driver/Src/stm32f7xx_hal_pcd.o
                0x08001ee4                HAL_PCD_Init
 .text.HAL_PCDEx_ActivateLPM
                0x0800212c       0x48 ./Drivers/STM32F7xx_HAL_Driver/Src/stm32f7xx_hal_pcd_ex.o
                0x0800212c                HAL_PCDEx_ActivateLPM
 .text.HAL_PWREx_EnableOverDrive
                0x08002174       0xa0 ./Drivers/STM32F7xx_HAL_Driver/Src/stm32f7xx_hal_pwr_ex.o
                0x08002174                HAL_PWREx_EnableOverDrive
 .text.HAL_RCC_OscConfig
                0x08002214      0x55c ./Drivers/STM32F7xx_HAL_Driver/Src/stm32f7xx_hal_rcc.o
                0x08002214                HAL_RCC_OscConfig
 .text.HAL_RCC_ClockConfig
                0x08002770      0x1d8 ./Drivers/STM32F7xx_HAL_Driver/Src/stm32f7xx_hal_rcc.o
                0x08002770                HAL_RCC_ClockConfig
 .text.HAL_RCC_GetSysClockFreq
                0x08002948      0x20c ./Drivers/STM32F7xx_HAL_Driver/Src/stm32f7xx_hal_rcc.o
                0x08002948                HAL_RCC_GetSysClockFreq
 .text.HAL_RCC_GetHCLKFreq
                0x08002b54       0x18 ./Drivers/STM32F7xx_HAL_Driver/Src/stm32f7xx_hal_rcc.o
                0x08002b54                HAL_RCC_GetHCLKFreq
 .text.HAL_RCC_GetPCLK1Freq
                0x08002b6c       0x28 ./Drivers/STM32F7xx_HAL_Driver/Src/stm32f7xx_hal_rcc.o
                0x08002b6c                HAL_RCC_GetPCLK1Freq
 .text.HAL_RCC_GetPCLK2Freq
                0x08002b94       0x28 ./Drivers/STM32F7xx_HAL_Driver/Src/stm32f7xx_hal_rcc.o
                0x08002b94                HAL_RCC_GetPCLK2Freq
 .text.HAL_RCC_GetClockConfig
                0x08002bbc       0x64 ./Drivers/STM32F7xx_HAL_Driver/Src/stm32f7xx_hal_rcc.o
                0x08002bbc                HAL_RCC_GetClockConfig
 .text.HAL_RCCEx_PeriphCLKConfig
                0x08002c20      0x850 ./Drivers/STM32F7xx_HAL_Driver/Src/stm32f7xx_hal_rcc_ex.o
                0x08002c20                HAL_RCCEx_PeriphCLKConfig
 .text.HAL_SPI_Init
                0x08003470      0x156 ./Drivers/STM32F7xx_HAL_Driver/Src/stm32f7xx_hal_spi.o
                0x08003470                HAL_SPI_Init
 .text.HAL_SPI_Transmit
                0x080035c6      0x2dc ./Drivers/STM32F7xx_HAL_Driver/Src/stm32f7xx_hal_spi.o
                0x080035c6                HAL_SPI_Transmit
 .text.HAL_SPI_Receive
                0x080038a2      0x260 ./Drivers/STM32F7xx_HAL_Driver/Src/stm32f7xx_hal_spi.o
                0x080038a2                HAL_SPI_Receive
 .text.HAL_SPI_TransmitReceive
                0x08003b02      0x426 ./Drivers/STM32F7xx_HAL_Driver/Src/stm32f7xx_hal_spi.o
                0x08003b02                HAL_SPI_TransmitReceive
 .text.SPI_WaitFlagStateUntilTimeout
                0x08003f28      0x110 ./Drivers/STM32F7xx_HAL_Driver/Src/stm32f7xx_hal_spi.o
 .text.SPI_WaitFifoStateUntilTimeout
                0x08004038      0x12c ./Drivers/STM32F7xx_HAL_Driver/Src/stm32f7xx_hal_spi.o
 .text.SPI_EndRxTransaction
                0x08004164       0xf8 ./Drivers/STM32F7xx_HAL_Driver/Src/stm32f7xx_hal_spi.o
 .text.SPI_EndRxTxTransaction
                0x0800425c       0xd4 ./Drivers/STM32F7xx_HAL_Driver/Src/stm32f7xx_hal_spi.o
 .text.HAL_TIM_Base_Init
                0x08004330       0xae ./Drivers/STM32F7xx_HAL_Driver/Src/stm32f7xx_hal_tim.o
                0x08004330                HAL_TIM_Base_Init
 .text.HAL_TIM_Base_MspInit
                0x080043de       0x14 ./Drivers/STM32F7xx_HAL_Driver/Src/stm32f7xx_hal_tim.o
                0x080043de                HAL_TIM_Base_MspInit
 *fill*         0x080043f2        0x2 
 .text.HAL_TIM_Base_Start_IT
                0x080043f4       0xf0 ./Drivers/STM32F7xx_HAL_Driver/Src/stm32f7xx_hal_tim.o
                0x080043f4                HAL_TIM_Base_Start_IT
 .text.HAL_TIM_IRQHandler
                0x080044e4      0x23e ./Drivers/STM32F7xx_HAL_Driver/Src/stm32f7xx_hal_tim.o
                0x080044e4                HAL_TIM_IRQHandler
 .text.HAL_TIM_OC_DelayElapsedCallback
                0x08004722       0x14 ./Drivers/STM32F7xx_HAL_Driver/Src/stm32f7xx_hal_tim.o
                0x08004722                HAL_TIM_OC_DelayElapsedCallback
 .text.HAL_TIM_IC_CaptureCallback
                0x08004736       0x14 ./Drivers/STM32F7xx_HAL_Driver/Src/stm32f7xx_hal_tim.o
                0x08004736                HAL_TIM_IC_CaptureCallback
 .text.HAL_TIM_PWM_PulseFinishedCallback
                0x0800474a       0x14 ./Drivers/STM32F7xx_HAL_Driver/Src/stm32f7xx_hal_tim.o
                0x0800474a                HAL_TIM_PWM_PulseFinishedCallback
 .text.HAL_TIM_TriggerCallback
                0x0800475e       0x14 ./Drivers/STM32F7xx_HAL_Driver/Src/stm32f7xx_hal_tim.o
                0x0800475e                HAL_TIM_TriggerCallback
 *fill*         0x08004772        0x2 
 .text.TIM_Base_SetConfig
                0x08004774      0x140 ./Drivers/STM32F7xx_HAL_Driver/Src/stm32f7xx_hal_tim.o
                0x08004774                TIM_Base_SetConfig
 .text.HAL_TIMEx_CommutCallback
                0x080048b4       0x14 ./Drivers/STM32F7xx_HAL_Driver/Src/stm32f7xx_hal_tim_ex.o
                0x080048b4                HAL_TIMEx_CommutCallback
 .text.HAL_TIMEx_BreakCallback
                0x080048c8       0x14 ./Drivers/STM32F7xx_HAL_Driver/Src/stm32f7xx_hal_tim_ex.o
                0x080048c8                HAL_TIMEx_BreakCallback
 .text.HAL_TIMEx_Break2Callback
                0x080048dc       0x14 ./Drivers/STM32F7xx_HAL_Driver/Src/stm32f7xx_hal_tim_ex.o
                0x080048dc                HAL_TIMEx_Break2Callback
 .text.HAL_UART_Init
                0x080048f0       0x9c ./Drivers/STM32F7xx_HAL_Driver/Src/stm32f7xx_hal_uart.o
                0x080048f0                HAL_UART_Init
 .text.UART_SetConfig
                0x0800498c      0x4c8 ./Drivers/STM32F7xx_HAL_Driver/Src/stm32f7xx_hal_uart.o
                0x0800498c                UART_SetConfig
 .text.UART_AdvFeatureConfig
                0x08004e54      0x144 ./Drivers/STM32F7xx_HAL_Driver/Src/stm32f7xx_hal_uart.o
                0x08004e54                UART_AdvFeatureConfig
 .text.UART_CheckIdleState
                0x08004f98       0x9a ./Drivers/STM32F7xx_HAL_Driver/Src/stm32f7xx_hal_uart.o
                0x08004f98                UART_CheckIdleState
 .text.UART_WaitOnFlagUntilTimeout
                0x08005032      0x18c ./Drivers/STM32F7xx_HAL_Driver/Src/stm32f7xx_hal_uart.o
                0x08005032                UART_WaitOnFlagUntilTimeout
 *fill*         0x080051be        0x2 
 .text.USB_CoreInit
                0x080051c0       0xb0 ./Drivers/STM32F7xx_HAL_Driver/Src/stm32f7xx_ll_usb.o
                0x080051c0                USB_CoreInit
 .text.USB_DisableGlobalInt
                0x08005270       0x22 ./Drivers/STM32F7xx_HAL_Driver/Src/stm32f7xx_ll_usb.o
                0x08005270                USB_DisableGlobalInt
 .text.USB_SetCurrentMode
                0x08005292       0x98 ./Drivers/STM32F7xx_HAL_Driver/Src/stm32f7xx_ll_usb.o
                0x08005292                USB_SetCurrentMode
 *fill*         0x0800532a        0x2 
 .text.USB_DevInit
                0x0800532c      0x2bc ./Drivers/STM32F7xx_HAL_Driver/Src/stm32f7xx_ll_usb.o
                0x0800532c                USB_DevInit
 .text.USB_FlushTxFifo
                0x080055e8       0x68 ./Drivers/STM32F7xx_HAL_Driver/Src/stm32f7xx_ll_usb.o
                0x080055e8                USB_FlushTxFifo
 .text.USB_FlushRxFifo
                0x08005650       0x60 ./Drivers/STM32F7xx_HAL_Driver/Src/stm32f7xx_ll_usb.o
                0x08005650                USB_FlushRxFifo
 .text.USB_SetDevSpeed
                0x080056b0       0x32 ./Drivers/STM32F7xx_HAL_Driver/Src/stm32f7xx_ll_usb.o
                0x080056b0                USB_SetDevSpeed
 .text.USB_DevDisconnect
                0x080056e2       0x42 ./Drivers/STM32F7xx_HAL_Driver/Src/stm32f7xx_ll_usb.o
                0x080056e2                USB_DevDisconnect
 .text.USB_GetMode
                0x08005724       0x1c ./Drivers/STM32F7xx_HAL_Driver/Src/stm32f7xx_ll_usb.o
                0x08005724                USB_GetMode
 .text.USB_CoreReset
                0x08005740       0x68 ./Drivers/STM32F7xx_HAL_Driver/Src/stm32f7xx_ll_usb.o
 .text.SVC_Setup
                0x080057a8        0xe ./Middlewares/Third_Party/FreeRTOS/Source/CMSIS_RTOS_V2/cmsis_os2.o
 *fill*         0x080057b6        0x2 
 .text.osKernelInitialize
                0x080057b8       0x68 ./Middlewares/Third_Party/FreeRTOS/Source/CMSIS_RTOS_V2/cmsis_os2.o
                0x080057b8                osKernelInitialize
 .text.osKernelStart
                0x08005820       0x6c ./Middlewares/Third_Party/FreeRTOS/Source/CMSIS_RTOS_V2/cmsis_os2.o
                0x08005820                osKernelStart
 .text.osThreadNew
                0x0800588c      0x14c ./Middlewares/Third_Party/FreeRTOS/Source/CMSIS_RTOS_V2/cmsis_os2.o
                0x0800588c                osThreadNew
 .text.osDelay  0x080059d8       0x5c ./Middlewares/Third_Party/FreeRTOS/Source/CMSIS_RTOS_V2/cmsis_os2.o
                0x080059d8                osDelay
 .text.osMutexNew
                0x08005a34      0x134 ./Middlewares/Third_Party/FreeRTOS/Source/CMSIS_RTOS_V2/cmsis_os2.o
                0x08005a34                osMutexNew
 .text.osMutexAcquire
                0x08005b68       0xbc ./Middlewares/Third_Party/FreeRTOS/Source/CMSIS_RTOS_V2/cmsis_os2.o
                0x08005b68                osMutexAcquire
 .text.osMutexRelease
                0x08005c24       0xa0 ./Middlewares/Third_Party/FreeRTOS/Source/CMSIS_RTOS_V2/cmsis_os2.o
                0x08005c24                osMutexRelease
 .text.osMessageQueueNew
                0x08005cc4      0x10c ./Middlewares/Third_Party/FreeRTOS/Source/CMSIS_RTOS_V2/cmsis_os2.o
                0x08005cc4                osMessageQueueNew
 .text.osMessageQueuePut
                0x08005dd0       0xe8 ./Middlewares/Third_Party/FreeRTOS/Source/CMSIS_RTOS_V2/cmsis_os2.o
                0x08005dd0                osMessageQueuePut
 .text.osMessageQueueGet
                0x08005eb8       0xe4 ./Middlewares/Third_Party/FreeRTOS/Source/CMSIS_RTOS_V2/cmsis_os2.o
                0x08005eb8                osMessageQueueGet
 .text.vApplicationGetIdleTaskMemory
                0x08005f9c       0x34 ./Middlewares/Third_Party/FreeRTOS/Source/CMSIS_RTOS_V2/cmsis_os2.o
                0x08005f9c                vApplicationGetIdleTaskMemory
 .text.vApplicationGetTimerTaskMemory
                0x08005fd0       0x34 ./Middlewares/Third_Party/FreeRTOS/Source/CMSIS_RTOS_V2/cmsis_os2.o
                0x08005fd0                vApplicationGetTimerTaskMemory
 .text.vListInitialise
                0x08006004       0x40 ./Middlewares/Third_Party/FreeRTOS/Source/list.o
                0x08006004                vListInitialise
 .text.vListInitialiseItem
                0x08006044       0x1a ./Middlewares/Third_Party/FreeRTOS/Source/list.o
                0x08006044                vListInitialiseItem
 .text.vListInsertEnd
                0x0800605e       0x48 ./Middlewares/Third_Party/FreeRTOS/Source/list.o
                0x0800605e                vListInsertEnd
 .text.vListInsert
                0x080060a6       0x72 ./Middlewares/Third_Party/FreeRTOS/Source/list.o
                0x080060a6                vListInsert
 .text.uxListRemove
                0x08006118       0x54 ./Middlewares/Third_Party/FreeRTOS/Source/list.o
                0x08006118                uxListRemove
 .text.xQueueGenericReset
                0x0800616c       0xd8 ./Middlewares/Third_Party/FreeRTOS/Source/queue.o
                0x0800616c                xQueueGenericReset
 .text.xQueueGenericCreateStatic
                0x08006244      0x10e ./Middlewares/Third_Party/FreeRTOS/Source/queue.o
                0x08006244                xQueueGenericCreateStatic
 .text.xQueueGenericCreate
                0x08006352       0x86 ./Middlewares/Third_Party/FreeRTOS/Source/queue.o
                0x08006352                xQueueGenericCreate
 .text.prvInitialiseNewQueue
                0x080063d8       0x46 ./Middlewares/Third_Party/FreeRTOS/Source/queue.o
 .text.prvInitialiseMutex
                0x0800641e       0x34 ./Middlewares/Third_Party/FreeRTOS/Source/queue.o
 .text.xQueueCreateMutex
                0x08006452       0x30 ./Middlewares/Third_Party/FreeRTOS/Source/queue.o
                0x08006452                xQueueCreateMutex
 .text.xQueueCreateMutexStatic
                0x08006482       0x36 ./Middlewares/Third_Party/FreeRTOS/Source/queue.o
                0x08006482                xQueueCreateMutexStatic
 .text.xQueueGiveMutexRecursive
                0x080064b8       0x6e ./Middlewares/Third_Party/FreeRTOS/Source/queue.o
                0x080064b8                xQueueGiveMutexRecursive
 .text.xQueueTakeMutexRecursive
                0x08006526       0x72 ./Middlewares/Third_Party/FreeRTOS/Source/queue.o
                0x08006526                xQueueTakeMutexRecursive
 .text.xQueueGenericSend
                0x08006598      0x214 ./Middlewares/Third_Party/FreeRTOS/Source/queue.o
                0x08006598                xQueueGenericSend
 .text.xQueueGenericSendFromISR
                0x080067ac      0x146 ./Middlewares/Third_Party/FreeRTOS/Source/queue.o
                0x080067ac                xQueueGenericSendFromISR
 *fill*         0x080068f2        0x2 
 .text.xQueueReceive
                0x080068f4      0x1d0 ./Middlewares/Third_Party/FreeRTOS/Source/queue.o
                0x080068f4                xQueueReceive
 .text.xQueueSemaphoreTake
                0x08006ac4      0x230 ./Middlewares/Third_Party/FreeRTOS/Source/queue.o
                0x08006ac4                xQueueSemaphoreTake
 .text.xQueueReceiveFromISR
                0x08006cf4      0x110 ./Middlewares/Third_Party/FreeRTOS/Source/queue.o
                0x08006cf4                xQueueReceiveFromISR
 .text.prvGetDisinheritPriorityAfterTimeout
                0x08006e04       0x30 ./Middlewares/Third_Party/FreeRTOS/Source/queue.o
 .text.prvCopyDataToQueue
                0x08006e34       0xd4 ./Middlewares/Third_Party/FreeRTOS/Source/queue.o
 .text.prvCopyDataFromQueue
                0x08006f08       0x4c ./Middlewares/Third_Party/FreeRTOS/Source/queue.o
 .text.prvUnlockQueue
                0x08006f54       0xa4 ./Middlewares/Third_Party/FreeRTOS/Source/queue.o
 .text.prvIsQueueEmpty
                0x08006ff8       0x2c ./Middlewares/Third_Party/FreeRTOS/Source/queue.o
 .text.prvIsQueueFull
                0x08007024       0x30 ./Middlewares/Third_Party/FreeRTOS/Source/queue.o
 .text.vQueueAddToRegistry
                0x08007054       0x54 ./Middlewares/Third_Party/FreeRTOS/Source/queue.o
                0x08007054                vQueueAddToRegistry
 .text.vQueueWaitForMessageRestricted
                0x080070a8       0x68 ./Middlewares/Third_Party/FreeRTOS/Source/queue.o
                0x080070a8                vQueueWaitForMessageRestricted
 .text.xTaskCreateStatic
                0x08007110       0xcc ./Middlewares/Third_Party/FreeRTOS/Source/tasks.o
                0x08007110                xTaskCreateStatic
 .text.xTaskCreate
                0x080071dc       0x8a ./Middlewares/Third_Party/FreeRTOS/Source/tasks.o
                0x080071dc                xTaskCreate
 *fill*         0x08007266        0x2 
 .text.prvInitialiseNewTask
                0x08007268      0x154 ./Middlewares/Third_Party/FreeRTOS/Source/tasks.o
 .text.prvAddNewTaskToReadyList
                0x080073bc       0xe0 ./Middlewares/Third_Party/FreeRTOS/Source/tasks.o
 .text.vTaskDelay
                0x0800749c       0x70 ./Middlewares/Third_Party/FreeRTOS/Source/tasks.o
                0x0800749c                vTaskDelay
 .text.vTaskStartScheduler
                0x0800750c       0xe8 ./Middlewares/Third_Party/FreeRTOS/Source/tasks.o
                0x0800750c                vTaskStartScheduler
 .text.vTaskSuspendAll
                0x080075f4       0x1c ./Middlewares/Third_Party/FreeRTOS/Source/tasks.o
                0x080075f4                vTaskSuspendAll
 .text.xTaskResumeAll
                0x08007610      0x140 ./Middlewares/Third_Party/FreeRTOS/Source/tasks.o
                0x08007610                xTaskResumeAll
 .text.xTaskGetTickCount
                0x08007750       0x20 ./Middlewares/Third_Party/FreeRTOS/Source/tasks.o
                0x08007750                xTaskGetTickCount
 .text.xTaskIncrementTick
                0x08007770      0x178 ./Middlewares/Third_Party/FreeRTOS/Source/tasks.o
                0x08007770                xTaskIncrementTick
 .text.vTaskSwitchContext
                0x080078e8       0xd0 ./Middlewares/Third_Party/FreeRTOS/Source/tasks.o
                0x080078e8                vTaskSwitchContext
 .text.vTaskPlaceOnEventList
                0x080079b8       0x50 ./Middlewares/Third_Party/FreeRTOS/Source/tasks.o
                0x080079b8                vTaskPlaceOnEventList
 .text.vTaskPlaceOnEventListRestricted
                0x08007a08       0x5c ./Middlewares/Third_Party/FreeRTOS/Source/tasks.o
                0x08007a08                vTaskPlaceOnEventListRestricted
 .text.xTaskRemoveFromEventList
                0x08007a64       0xcc ./Middlewares/Third_Party/FreeRTOS/Source/tasks.o
                0x08007a64                xTaskRemoveFromEventList
 .text.vTaskInternalSetTimeOutState
                0x08007b30       0x2c ./Middlewares/Third_Party/FreeRTOS/Source/tasks.o
                0x08007b30                vTaskInternalSetTimeOutState
 .text.xTaskCheckForTimeOut
                0x08007b5c       0xd0 ./Middlewares/Third_Party/FreeRTOS/Source/tasks.o
                0x08007b5c                xTaskCheckForTimeOut
 .text.vTaskMissedYield
                0x08007c2c       0x18 ./Middlewares/Third_Party/FreeRTOS/Source/tasks.o
                0x08007c2c                vTaskMissedYield
 .text.prvIdleTask
                0x08007c44       0x30 ./Middlewares/Third_Party/FreeRTOS/Source/tasks.o
 .text.prvInitialiseTaskLists
                0x08007c74       0x80 ./Middlewares/Third_Party/FreeRTOS/Source/tasks.o
 .text.prvCheckTasksWaitingTermination
                0x08007cf4       0x5c ./Middlewares/Third_Party/FreeRTOS/Source/tasks.o
 .text.prvDeleteTCB
                0x08007d50       0x6e ./Middlewares/Third_Party/FreeRTOS/Source/tasks.o
 *fill*         0x08007dbe        0x2 
 .text.prvResetNextTaskUnblockTime
                0x08007dc0       0x40 ./Middlewares/Third_Party/FreeRTOS/Source/tasks.o
 .text.xTaskGetCurrentTaskHandle
                0x08007e00       0x20 ./Middlewares/Third_Party/FreeRTOS/Source/tasks.o
                0x08007e00                xTaskGetCurrentTaskHandle
 .text.xTaskGetSchedulerState
                0x08007e20       0x3c ./Middlewares/Third_Party/FreeRTOS/Source/tasks.o
                0x08007e20                xTaskGetSchedulerState
 .text.xTaskPriorityInherit
                0x08007e5c       0xd0 ./Middlewares/Third_Party/FreeRTOS/Source/tasks.o
                0x08007e5c                xTaskPriorityInherit
 .text.xTaskPriorityDisinherit
                0x08007f2c       0xe8 ./Middlewares/Third_Party/FreeRTOS/Source/tasks.o
                0x08007f2c                xTaskPriorityDisinherit
 .text.vTaskPriorityDisinheritAfterTimeout
                0x08008014      0x110 ./Middlewares/Third_Party/FreeRTOS/Source/tasks.o
                0x08008014                vTaskPriorityDisinheritAfterTimeout
 .text.pvTaskIncrementMutexHeldCount
                0x08008124       0x28 ./Middlewares/Third_Party/FreeRTOS/Source/tasks.o
                0x08008124                pvTaskIncrementMutexHeldCount
 .text.prvAddCurrentTaskToDelayedList
                0x0800814c       0xa8 ./Middlewares/Third_Party/FreeRTOS/Source/tasks.o
 .text.xTimerCreateTimerTask
                0x080081f4       0x98 ./Middlewares/Third_Party/FreeRTOS/Source/timers.o
                0x080081f4                xTimerCreateTimerTask
 .text.xTimerGenericCommand
                0x0800828c       0xa0 ./Middlewares/Third_Party/FreeRTOS/Source/timers.o
                0x0800828c                xTimerGenericCommand
 .text.prvProcessExpiredTimer
                0x0800832c       0xa0 ./Middlewares/Third_Party/FreeRTOS/Source/timers.o
 .text.prvTimerTask
                0x080083cc       0x26 ./Middlewares/Third_Party/FreeRTOS/Source/timers.o
 *fill*         0x080083f2        0x2 
 .text.prvProcessTimerOrBlockTask
                0x080083f4       0x9c ./Middlewares/Third_Party/FreeRTOS/Source/timers.o
 .text.prvGetNextExpireTime
                0x08008490       0x48 ./Middlewares/Third_Party/FreeRTOS/Source/timers.o
 .text.prvSampleTimeNow
                0x080084d8       0x40 ./Middlewares/Third_Party/FreeRTOS/Source/timers.o
 .text.prvInsertTimerInActiveList
                0x08008518       0x84 ./Middlewares/Third_Party/FreeRTOS/Source/timers.o
 .text.prvProcessReceivedCommands
                0x0800859c      0x1d8 ./Middlewares/Third_Party/FreeRTOS/Source/timers.o
 .text.prvSwitchTimerLists
                0x08008774       0xd0 ./Middlewares/Third_Party/FreeRTOS/Source/timers.o
 .text.prvCheckForValidListAndQueue
                0x08008844       0x80 ./Middlewares/Third_Party/FreeRTOS/Source/timers.o
 .text.pxPortInitialiseStack
                0x080088c4       0x68 ./Middlewares/Third_Party/FreeRTOS/Source/portable/GCC/ARM_CM7/r0p1/port.o
                0x080088c4                pxPortInitialiseStack
 .text.prvTaskExitError
                0x0800892c       0x64 ./Middlewares/Third_Party/FreeRTOS/Source/portable/GCC/ARM_CM7/r0p1/port.o
 .text.SVC_Handler
                0x08008990       0x28 ./Middlewares/Third_Party/FreeRTOS/Source/portable/GCC/ARM_CM7/r0p1/port.o
                0x08008990                SVC_Handler
 .text.prvPortStartFirstTask
                0x080089b8       0x28 ./Middlewares/Third_Party/FreeRTOS/Source/portable/GCC/ARM_CM7/r0p1/port.o
 .text.xPortStartScheduler
                0x080089e0       0xfc ./Middlewares/Third_Party/FreeRTOS/Source/portable/GCC/ARM_CM7/r0p1/port.o
                0x080089e0                xPortStartScheduler
 .text.vPortEnterCritical
                0x08008adc       0x6c ./Middlewares/Third_Party/FreeRTOS/Source/portable/GCC/ARM_CM7/r0p1/port.o
                0x08008adc                vPortEnterCritical
 .text.vPortExitCritical
                0x08008b48       0x58 ./Middlewares/Third_Party/FreeRTOS/Source/portable/GCC/ARM_CM7/r0p1/port.o
                0x08008b48                vPortExitCritical
 .text.PendSV_Handler
                0x08008ba0       0x68 ./Middlewares/Third_Party/FreeRTOS/Source/portable/GCC/ARM_CM7/r0p1/port.o
                0x08008ba0                PendSV_Handler
 .text.SysTick_Handler
                0x08008c08       0x48 ./Middlewares/Third_Party/FreeRTOS/Source/portable/GCC/ARM_CM7/r0p1/port.o
                0x08008c08                SysTick_Handler
 .text.vPortSetupTimerInterrupt
                0x08008c50       0x48 ./Middlewares/Third_Party/FreeRTOS/Source/portable/GCC/ARM_CM7/r0p1/port.o
                0x08008c50                vPortSetupTimerInterrupt
 .text.vPortEnableVFP
                0x08008c98       0x14 ./Middlewares/Third_Party/FreeRTOS/Source/portable/GCC/ARM_CM7/r0p1/port.o
 .text.vPortValidateInterruptPriority
                0x08008cac       0x8c ./Middlewares/Third_Party/FreeRTOS/Source/portable/GCC/ARM_CM7/r0p1/port.o
                0x08008cac                vPortValidateInterruptPriority
 .text.pvPortMalloc
                0x08008d38      0x19c ./Middlewares/Third_Party/FreeRTOS/Source/portable/MemMang/heap_4.o
                0x08008d38                pvPortMalloc
 .text.vPortFree
                0x08008ed4       0xc0 ./Middlewares/Third_Party/FreeRTOS/Source/portable/MemMang/heap_4.o
                0x08008ed4                vPortFree
 .text.prvHeapInit
                0x08008f94       0xc4 ./Middlewares/Third_Party/FreeRTOS/Source/portable/MemMang/heap_4.o
 .text.prvInsertBlockIntoFreeList
                0x08009058       0xb4 ./Middlewares/Third_Party/FreeRTOS/Source/portable/MemMang/heap_4.o
 .text.memset   0x0800910c       0x10 C:/ST/STM32CubeIDE_1.12.1/STM32CubeIDE/plugins/com.st.stm32cube.ide.mcu.externaltools.gnu-tools-for-stm32.12.3.rel1.win32_1.0.100.202403111256/tools/bin/../lib/gcc/arm-none-eabi/12.3.1/../../../../arm-none-eabi/lib/thumb/v7e-m+dp/hard\libc_nano.a(libc_a-memset.o)
                0x0800910c                memset
 .text._reclaim_reent
                0x0800911c       0xac C:/ST/STM32CubeIDE_1.12.1/STM32CubeIDE/plugins/com.st.stm32cube.ide.mcu.externaltools.gnu-tools-for-stm32.12.3.rel1.win32_1.0.100.202403111256/tools/bin/../lib/gcc/arm-none-eabi/12.3.1/../../../../arm-none-eabi/lib/thumb/v7e-m+dp/hard\libc_nano.a(libc_a-reent.o)
                0x0800911c                _reclaim_reent
 .text.__libc_init_array
                0x080091c8       0x48 C:/ST/STM32CubeIDE_1.12.1/STM32CubeIDE/plugins/com.st.stm32cube.ide.mcu.externaltools.gnu-tools-for-stm32.12.3.rel1.win32_1.0.100.202403111256/tools/bin/../lib/gcc/arm-none-eabi/12.3.1/../../../../arm-none-eabi/lib/thumb/v7e-m+dp/hard\libc_nano.a(libc_a-init.o)
                0x080091c8                __libc_init_array
 .text.__retarget_lock_acquire_recursive
                0x08009210        0x2 C:/ST/STM32CubeIDE_1.12.1/STM32CubeIDE/plugins/com.st.stm32cube.ide.mcu.externaltools.gnu-tools-for-stm32.12.3.rel1.win32_1.0.100.202403111256/tools/bin/../lib/gcc/arm-none-eabi/12.3.1/../../../../arm-none-eabi/lib/thumb/v7e-m+dp/hard\libc_nano.a(libc_a-lock.o)
                0x08009210                __retarget_lock_acquire_recursive
 .text.__retarget_lock_release_recursive
                0x08009212        0x2 C:/ST/STM32CubeIDE_1.12.1/STM32CubeIDE/plugins/com.st.stm32cube.ide.mcu.externaltools.gnu-tools-for-stm32.12.3.rel1.win32_1.0.100.202403111256/tools/bin/../lib/gcc/arm-none-eabi/12.3.1/../../../../arm-none-eabi/lib/thumb/v7e-m+dp/hard\libc_nano.a(libc_a-lock.o)
                0x08009212                __retarget_lock_release_recursive
 .text.memcpy   0x08009214       0x1c C:/ST/STM32CubeIDE_1.12.1/STM32CubeIDE/plugins/com.st.stm32cube.ide.mcu.externaltools.gnu-tools-for-stm32.12.3.rel1.win32_1.0.100.202403111256/tools/bin/../lib/gcc/arm-none-eabi/12.3.1/../../../../arm-none-eabi/lib/thumb/v7e-m+dp/hard\libc_nano.a(libc_a-memcpy-stub.o)
                0x08009214                memcpy
 .text._free_r  0x08009230       0x94 C:/ST/STM32CubeIDE_1.12.1/STM32CubeIDE/plugins/com.st.stm32cube.ide.mcu.externaltools.gnu-tools-for-stm32.12.3.rel1.win32_1.0.100.202403111256/tools/bin/../lib/gcc/arm-none-eabi/12.3.1/../../../../arm-none-eabi/lib/thumb/v7e-m+dp/hard\libc_nano.a(libc_a-freer.o)
                0x08009230                _free_r
 .text.__malloc_lock
                0x080092c4        0xc C:/ST/STM32CubeIDE_1.12.1/STM32CubeIDE/plugins/com.st.stm32cube.ide.mcu.externaltools.gnu-tools-for-stm32.12.3.rel1.win32_1.0.100.202403111256/tools/bin/../lib/gcc/arm-none-eabi/12.3.1/../../../../arm-none-eabi/lib/thumb/v7e-m+dp/hard\libc_nano.a(libc_a-mlock.o)
                0x080092c4                __malloc_lock
 .text.__malloc_unlock
                0x080092d0        0xc C:/ST/STM32CubeIDE_1.12.1/STM32CubeIDE/plugins/com.st.stm32cube.ide.mcu.externaltools.gnu-tools-for-stm32.12.3.rel1.win32_1.0.100.202403111256/tools/bin/../lib/gcc/arm-none-eabi/12.3.1/../../../../arm-none-eabi/lib/thumb/v7e-m+dp/hard\libc_nano.a(libc_a-mlock.o)
                0x080092d0                __malloc_unlock
 *(.glue_7)
 .glue_7        0x080092dc        0x0 linker stubs
 *(.glue_7t)
 .glue_7t       0x080092dc        0x0 linker stubs
 *(.eh_frame)
 .eh_frame      0x080092dc        0x0 C:/ST/STM32CubeIDE_1.12.1/STM32CubeIDE/plugins/com.st.stm32cube.ide.mcu.externaltools.gnu-tools-for-stm32.12.3.rel1.win32_1.0.100.202403111256/tools/bin/../lib/gcc/arm-none-eabi/12.3.1/thumb/v7e-m+dp/hard/crtbegin.o
 *(.init)
 .init          0x080092dc        0x4 C:/ST/STM32CubeIDE_1.12.1/STM32CubeIDE/plugins/com.st.stm32cube.ide.mcu.externaltools.gnu-tools-for-stm32.12.3.rel1.win32_1.0.100.202403111256/tools/bin/../lib/gcc/arm-none-eabi/12.3.1/thumb/v7e-m+dp/hard/crti.o
                0x080092dc                _init
 .init          0x080092e0        0x8 C:/ST/STM32CubeIDE_1.12.1/STM32CubeIDE/plugins/com.st.stm32cube.ide.mcu.externaltools.gnu-tools-for-stm32.12.3.rel1.win32_1.0.100.202403111256/tools/bin/../lib/gcc/arm-none-eabi/12.3.1/thumb/v7e-m+dp/hard/crtn.o
 *(.fini)
 .fini          0x080092e8        0x4 C:/ST/STM32CubeIDE_1.12.1/STM32CubeIDE/plugins/com.st.stm32cube.ide.mcu.externaltools.gnu-tools-for-stm32.12.3.rel1.win32_1.0.100.202403111256/tools/bin/../lib/gcc/arm-none-eabi/12.3.1/thumb/v7e-m+dp/hard/crti.o
                0x080092e8                _fini
 .fini          0x080092ec        0x8 C:/ST/STM32CubeIDE_1.12.1/STM32CubeIDE/plugins/com.st.stm32cube.ide.mcu.externaltools.gnu-tools-for-stm32.12.3.rel1.win32_1.0.100.202403111256/tools/bin/../lib/gcc/arm-none-eabi/12.3.1/thumb/v7e-m+dp/hard/crtn.o
                0x080092f4                        . = ALIGN (0x4)
                0x080092f4                        _etext = .

.vfp11_veneer   0x080092f4        0x0
 .vfp11_veneer  0x080092f4        0x0 linker stubs

.v4_bx          0x080092f4        0x0
 .v4_bx         0x080092f4        0x0 linker stubs

.iplt           0x080092f4        0x0
 .iplt          0x080092f4        0x0 C:/ST/STM32CubeIDE_1.12.1/STM32CubeIDE/plugins/com.st.stm32cube.ide.mcu.externaltools.gnu-tools-for-stm32.12.3.rel1.win32_1.0.100.202403111256/tools/bin/../lib/gcc/arm-none-eabi/12.3.1/thumb/v7e-m+dp/hard/crtbegin.o

.rodata         0x080092f4      0x12c
                0x080092f4                        . = ALIGN (0x4)
 *(.rodata)
 .rodata        0x080092f4       0x69 ./Core/Src/main.o
 *fill*         0x0800935d        0x3 
 .rodata        0x08009360       0x14 ./Core/Src/queueMessageTask2.o
 .rodata        0x08009374        0x5 ./Middlewares/Third_Party/FreeRTOS/Source/tasks.o
 *fill*         0x08009379        0x3 
 .rodata        0x0800937c        0xd ./Middlewares/Third_Party/FreeRTOS/Source/timers.o
 *(.rodata*)
 *fill*         0x08009389        0x3 
 .rodata.queueMessageTask2_attributes
                0x0800938c       0x24 ./Core/Src/main.o
                0x0800938c                queueMessageTask2_attributes
 .rodata.CANTxGateKeeperTask_attributes
                0x080093b0       0x24 ./Core/Src/main.o
                0x080093b0                CANTxGateKeeperTask_attributes
 .rodata.CANRxMessageTask_attributes
                0x080093d4       0x24 ./Core/Src/main.o
                0x080093d4                CANRxMessageTask_attributes
 .rodata.SPIMutex_attributes
                0x080093f8       0x10 ./Core/Src/main.o
                0x080093f8                SPIMutex_attributes
 .rodata.AHBPrescTable
                0x08009408       0x10 ./Core/Src/system_stm32f7xx.o
                0x08009408                AHBPrescTable
 .rodata.APBPrescTable
                0x08009418        0x8 ./Core/Src/system_stm32f7xx.o
                0x08009418                APBPrescTable
                0x08009420                        . = ALIGN (0x4)

.ARM.extab      0x08009420        0x0
                0x08009420                        . = ALIGN (0x4)
 *(.ARM.extab* .gnu.linkonce.armextab.*)
                0x08009420                        . = ALIGN (0x4)

.ARM            0x08009420        0x8
                0x08009420                        . = ALIGN (0x4)
                0x08009420                        __exidx_start = .
 *(.ARM.exidx*)
 .ARM.exidx     0x08009420        0x8 C:/ST/STM32CubeIDE_1.12.1/STM32CubeIDE/plugins/com.st.stm32cube.ide.mcu.externaltools.gnu-tools-for-stm32.12.3.rel1.win32_1.0.100.202403111256/tools/bin/../lib/gcc/arm-none-eabi/12.3.1/thumb/v7e-m+dp/hard\libgcc.a(_udivmoddi4.o)
                0x08009428                        __exidx_end = .
                0x08009428                        . = ALIGN (0x4)

.preinit_array  0x08009428        0x0
                0x08009428                        . = ALIGN (0x4)
                0x08009428                        PROVIDE (__preinit_array_start = .)
 *(.preinit_array*)
                0x08009428                        PROVIDE (__preinit_array_end = .)
                0x08009428                        . = ALIGN (0x4)

.init_array     0x08009428        0x4
                0x08009428                        . = ALIGN (0x4)
                0x08009428                        PROVIDE (__init_array_start = .)
 *(SORT_BY_NAME(.init_array.*))
 *(.init_array*)
 .init_array    0x08009428        0x4 C:/ST/STM32CubeIDE_1.12.1/STM32CubeIDE/plugins/com.st.stm32cube.ide.mcu.externaltools.gnu-tools-for-stm32.12.3.rel1.win32_1.0.100.202403111256/tools/bin/../lib/gcc/arm-none-eabi/12.3.1/thumb/v7e-m+dp/hard/crtbegin.o
                0x0800942c                        PROVIDE (__init_array_end = .)
                0x0800942c                        . = ALIGN (0x4)

.fini_array     0x0800942c        0x4
                0x0800942c                        . = ALIGN (0x4)
                [!provide]                        PROVIDE (__fini_array_start = .)
 *(SORT_BY_NAME(.fini_array.*))
 *(.fini_array*)
 .fini_array    0x0800942c        0x4 C:/ST/STM32CubeIDE_1.12.1/STM32CubeIDE/plugins/com.st.stm32cube.ide.mcu.externaltools.gnu-tools-for-stm32.12.3.rel1.win32_1.0.100.202403111256/tools/bin/../lib/gcc/arm-none-eabi/12.3.1/thumb/v7e-m+dp/hard/crtbegin.o
                [!provide]                        PROVIDE (__fini_array_end = .)
                0x08009430                        . = ALIGN (0x4)
                0x08009430                        _sidata = LOADADDR (.data)

.rel.dyn        0x08009430        0x0
 .rel.iplt      0x08009430        0x0 C:/ST/STM32CubeIDE_1.12.1/STM32CubeIDE/plugins/com.st.stm32cube.ide.mcu.externaltools.gnu-tools-for-stm32.12.3.rel1.win32_1.0.100.202403111256/tools/bin/../lib/gcc/arm-none-eabi/12.3.1/thumb/v7e-m+dp/hard/crtbegin.o

.data           0x20000000       0x6c load address 0x08009430
                0x20000000                        . = ALIGN (0x4)
                0x20000000                        _sdata = .
 *(.data)
 *(.data*)
 .data.peripheral1
                0x20000000        0xc ./Core/Src/main.o
                0x20000000                peripheral1
 .data.SystemCoreClock
                0x2000000c        0x4 ./Core/Src/system_stm32f7xx.o
                0x2000000c                SystemCoreClock
 .data.uwTickPrio
                0x20000010        0x4 ./Drivers/STM32F7xx_HAL_Driver/Src/stm32f7xx_hal.o
                0x20000010                uwTickPrio
 .data.uwTickFreq
                0x20000014        0x1 ./Drivers/STM32F7xx_HAL_Driver/Src/stm32f7xx_hal.o
                0x20000014                uwTickFreq
 *fill*         0x20000015        0x3 
 .data.uxCriticalNesting
                0x20000018        0x4 ./Middlewares/Third_Party/FreeRTOS/Source/portable/GCC/ARM_CM7/r0p1/port.o
 .data._impure_ptr
                0x2000001c        0x4 C:/ST/STM32CubeIDE_1.12.1/STM32CubeIDE/plugins/com.st.stm32cube.ide.mcu.externaltools.gnu-tools-for-stm32.12.3.rel1.win32_1.0.100.202403111256/tools/bin/../lib/gcc/arm-none-eabi/12.3.1/../../../../arm-none-eabi/lib/thumb/v7e-m+dp/hard\libc_nano.a(libc_a-impure.o)
                0x2000001c                _impure_ptr
 .data._impure_data
                0x20000020       0x4c C:/ST/STM32CubeIDE_1.12.1/STM32CubeIDE/plugins/com.st.stm32cube.ide.mcu.externaltools.gnu-tools-for-stm32.12.3.rel1.win32_1.0.100.202403111256/tools/bin/../lib/gcc/arm-none-eabi/12.3.1/../../../../arm-none-eabi/lib/thumb/v7e-m+dp/hard\libc_nano.a(libc_a-impure.o)
                0x20000020                _impure_data
 *(.RamFunc)
 *(.RamFunc*)
                0x2000006c                        . = ALIGN (0x4)
                0x2000006c                        _edata = .

.igot.plt       0x2000006c        0x0 load address 0x0800949c
 .igot.plt      0x2000006c        0x0 C:/ST/STM32CubeIDE_1.12.1/STM32CubeIDE/plugins/com.st.stm32cube.ide.mcu.externaltools.gnu-tools-for-stm32.12.3.rel1.win32_1.0.100.202403111256/tools/bin/../lib/gcc/arm-none-eabi/12.3.1/thumb/v7e-m+dp/hard/crtbegin.o
                0x2000006c                        . = ALIGN (0x4)

.bss            0x2000006c     0x5200 load address 0x0800949c
                0x2000006c                        _sbss = .
                0x2000006c                        __bss_start__ = _sbss
 *(.bss)
 .bss           0x2000006c       0x1c C:/ST/STM32CubeIDE_1.12.1/STM32CubeIDE/plugins/com.st.stm32cube.ide.mcu.externaltools.gnu-tools-for-stm32.12.3.rel1.win32_1.0.100.202403111256/tools/bin/../lib/gcc/arm-none-eabi/12.3.1/thumb/v7e-m+dp/hard/crtbegin.o
 *(.bss*)
 .bss.hspi1     0x20000088       0x64 ./Core/Src/main.o
                0x20000088                hspi1
 .bss.hspi4     0x200000ec       0x64 ./Core/Src/main.o
                0x200000ec                hspi4
 .bss.huart3    0x20000150       0x88 ./Core/Src/main.o
                0x20000150                huart3
 .bss.hpcd_USB_OTG_FS
                0x200001d8      0x508 ./Core/Src/main.o
                0x200001d8                hpcd_USB_OTG_FS
 .bss.queueMessageTask2Handle
                0x200006e0        0x4 ./Core/Src/main.o
                0x200006e0                queueMessageTask2Handle
 .bss.CANTxGateKeeperTaskHandle
                0x200006e4        0x4 ./Core/Src/main.o
                0x200006e4                CANTxGateKeeperTaskHandle
 .bss.CANRxMessageTaskHandle
                0x200006e8        0x4 ./Core/Src/main.o
                0x200006e8                CANRxMessageTaskHandle
 .bss.SPIMutexHandle
                0x200006ec        0x4 ./Core/Src/main.o
                0x200006ec                SPIMutexHandle
 .bss.CANTxMessageQueue
                0x200006f0        0x4 ./Core/Src/main.o
                0x200006f0                CANTxMessageQueue
 .bss.CANRxMessageQueue
                0x200006f4        0x4 ./Core/Src/main.o
                0x200006f4                CANRxMessageQueue
 .bss.CAN_FINISH_CONFIG_FLAG
                0x200006f8        0x1 ./Core/Src/main.o
                0x200006f8                CAN_FINISH_CONFIG_FLAG
 *fill*         0x200006f9        0x3 
 .bss.htim2     0x200006fc       0x4c ./Core/Src/stm32f7xx_hal_timebase_tim.o
                0x200006fc                htim2
 .bss.uwTick    0x20000748        0x4 ./Drivers/STM32F7xx_HAL_Driver/Src/stm32f7xx_hal.o
                0x20000748                uwTick
 .bss.KernelState
                0x2000074c        0x4 ./Middlewares/Third_Party/FreeRTOS/Source/CMSIS_RTOS_V2/cmsis_os2.o
 .bss.Idle_TCB  0x20000750       0xa8 ./Middlewares/Third_Party/FreeRTOS/Source/CMSIS_RTOS_V2/cmsis_os2.o
 .bss.Idle_Stack
                0x200007f8      0x200 ./Middlewares/Third_Party/FreeRTOS/Source/CMSIS_RTOS_V2/cmsis_os2.o
 .bss.Timer_TCB
                0x200009f8       0xa8 ./Middlewares/Third_Party/FreeRTOS/Source/CMSIS_RTOS_V2/cmsis_os2.o
 .bss.Timer_Stack
                0x20000aa0      0x400 ./Middlewares/Third_Party/FreeRTOS/Source/CMSIS_RTOS_V2/cmsis_os2.o
 .bss.xQueueRegistry
                0x20000ea0       0x40 ./Middlewares/Third_Party/FreeRTOS/Source/queue.o
                0x20000ea0                xQueueRegistry
 .bss.pxCurrentTCB
                0x20000ee0        0x4 ./Middlewares/Third_Party/FreeRTOS/Source/tasks.o
                0x20000ee0                pxCurrentTCB
 .bss.pxReadyTasksLists
                0x20000ee4      0x460 ./Middlewares/Third_Party/FreeRTOS/Source/tasks.o
 .bss.xDelayedTaskList1
                0x20001344       0x14 ./Middlewares/Third_Party/FreeRTOS/Source/tasks.o
 .bss.xDelayedTaskList2
                0x20001358       0x14 ./Middlewares/Third_Party/FreeRTOS/Source/tasks.o
 .bss.pxDelayedTaskList
                0x2000136c        0x4 ./Middlewares/Third_Party/FreeRTOS/Source/tasks.o
 .bss.pxOverflowDelayedTaskList
                0x20001370        0x4 ./Middlewares/Third_Party/FreeRTOS/Source/tasks.o
 .bss.xPendingReadyList
                0x20001374       0x14 ./Middlewares/Third_Party/FreeRTOS/Source/tasks.o
 .bss.xTasksWaitingTermination
                0x20001388       0x14 ./Middlewares/Third_Party/FreeRTOS/Source/tasks.o
 .bss.uxDeletedTasksWaitingCleanUp
                0x2000139c        0x4 ./Middlewares/Third_Party/FreeRTOS/Source/tasks.o
 .bss.xSuspendedTaskList
                0x200013a0       0x14 ./Middlewares/Third_Party/FreeRTOS/Source/tasks.o
 .bss.uxCurrentNumberOfTasks
                0x200013b4        0x4 ./Middlewares/Third_Party/FreeRTOS/Source/tasks.o
 .bss.xTickCount
                0x200013b8        0x4 ./Middlewares/Third_Party/FreeRTOS/Source/tasks.o
 .bss.uxTopReadyPriority
                0x200013bc        0x4 ./Middlewares/Third_Party/FreeRTOS/Source/tasks.o
 .bss.xSchedulerRunning
                0x200013c0        0x4 ./Middlewares/Third_Party/FreeRTOS/Source/tasks.o
 .bss.uxPendedTicks
                0x200013c4        0x4 ./Middlewares/Third_Party/FreeRTOS/Source/tasks.o
 .bss.xYieldPending
                0x200013c8        0x4 ./Middlewares/Third_Party/FreeRTOS/Source/tasks.o
 .bss.xNumOfOverflows
                0x200013cc        0x4 ./Middlewares/Third_Party/FreeRTOS/Source/tasks.o
 .bss.uxTaskNumber
                0x200013d0        0x4 ./Middlewares/Third_Party/FreeRTOS/Source/tasks.o
 .bss.xNextTaskUnblockTime
                0x200013d4        0x4 ./Middlewares/Third_Party/FreeRTOS/Source/tasks.o
 .bss.xIdleTaskHandle
                0x200013d8        0x4 ./Middlewares/Third_Party/FreeRTOS/Source/tasks.o
 .bss.uxSchedulerSuspended
                0x200013dc        0x4 ./Middlewares/Third_Party/FreeRTOS/Source/tasks.o
 .bss.xActiveTimerList1
                0x200013e0       0x14 ./Middlewares/Third_Party/FreeRTOS/Source/timers.o
 .bss.xActiveTimerList2
                0x200013f4       0x14 ./Middlewares/Third_Party/FreeRTOS/Source/timers.o
 .bss.pxCurrentTimerList
                0x20001408        0x4 ./Middlewares/Third_Party/FreeRTOS/Source/timers.o
 .bss.pxOverflowTimerList
                0x2000140c        0x4 ./Middlewares/Third_Party/FreeRTOS/Source/timers.o
 .bss.xTimerQueue
                0x20001410        0x4 ./Middlewares/Third_Party/FreeRTOS/Source/timers.o
 .bss.xTimerTaskHandle
                0x20001414        0x4 ./Middlewares/Third_Party/FreeRTOS/Source/timers.o
 .bss.xLastTime.2
                0x20001418        0x4 ./Middlewares/Third_Party/FreeRTOS/Source/timers.o
 .bss.ucStaticTimerQueueStorage.1
                0x2000141c       0xa0 ./Middlewares/Third_Party/FreeRTOS/Source/timers.o
 .bss.xStaticTimerQueue.0
                0x200014bc       0x50 ./Middlewares/Third_Party/FreeRTOS/Source/timers.o
 .bss.ucMaxSysCallPriority
                0x2000150c        0x1 ./Middlewares/Third_Party/FreeRTOS/Source/portable/GCC/ARM_CM7/r0p1/port.o
 *fill*         0x2000150d        0x3 
 .bss.ulMaxPRIGROUPValue
                0x20001510        0x4 ./Middlewares/Third_Party/FreeRTOS/Source/portable/GCC/ARM_CM7/r0p1/port.o
 .bss.ucHeap    0x20001514     0x3c00 ./Middlewares/Third_Party/FreeRTOS/Source/portable/MemMang/heap_4.o
 .bss.xStart    0x20005114        0x8 ./Middlewares/Third_Party/FreeRTOS/Source/portable/MemMang/heap_4.o
 .bss.pxEnd     0x2000511c        0x4 ./Middlewares/Third_Party/FreeRTOS/Source/portable/MemMang/heap_4.o
 .bss.xFreeBytesRemaining
                0x20005120        0x4 ./Middlewares/Third_Party/FreeRTOS/Source/portable/MemMang/heap_4.o
 .bss.xMinimumEverFreeBytesRemaining
                0x20005124        0x4 ./Middlewares/Third_Party/FreeRTOS/Source/portable/MemMang/heap_4.o
 .bss.xBlockAllocatedBit
                0x20005128        0x4 ./Middlewares/Third_Party/FreeRTOS/Source/portable/MemMang/heap_4.o
 .bss.__sf      0x2000512c      0x138 C:/ST/STM32CubeIDE_1.12.1/STM32CubeIDE/plugins/com.st.stm32cube.ide.mcu.externaltools.gnu-tools-for-stm32.12.3.rel1.win32_1.0.100.202403111256/tools/bin/../lib/gcc/arm-none-eabi/12.3.1/../../../../arm-none-eabi/lib/thumb/v7e-m+dp/hard\libc_nano.a(libc_a-findfp.o)
                0x2000512c                __sf
 .bss.__lock___malloc_recursive_mutex
                0x20005264        0x1 C:/ST/STM32CubeIDE_1.12.1/STM32CubeIDE/plugins/com.st.stm32cube.ide.mcu.externaltools.gnu-tools-for-stm32.12.3.rel1.win32_1.0.100.202403111256/tools/bin/../lib/gcc/arm-none-eabi/12.3.1/../../../../arm-none-eabi/lib/thumb/v7e-m+dp/hard\libc_nano.a(libc_a-lock.o)
                0x20005264                __lock___malloc_recursive_mutex
 *fill*         0x20005265        0x3 
 .bss.__malloc_free_list
                0x20005268        0x4 C:/ST/STM32CubeIDE_1.12.1/STM32CubeIDE/plugins/com.st.stm32cube.ide.mcu.externaltools.gnu-tools-for-stm32.12.3.rel1.win32_1.0.100.202403111256/tools/bin/../lib/gcc/arm-none-eabi/12.3.1/../../../../arm-none-eabi/lib/thumb/v7e-m+dp/hard\libc_nano.a(libc_a-mallocr.o)
                0x20005268                __malloc_free_list
 *(COMMON)
                0x2000526c                        . = ALIGN (0x4)
                0x2000526c                        _ebss = .
                0x2000526c                        __bss_end__ = _ebss

._user_heap_stack
                0x2000526c      0x604 load address 0x0800949c
                0x20005270                        . = ALIGN (0x8)
 *fill*         0x2000526c        0x4 
                [!provide]                        PROVIDE (end = .)
                0x20005270                        PROVIDE (_end = .)
                0x20005470                        . = (. + _Min_Heap_Size)
 *fill*         0x20005270      0x200 
                0x20005870                        . = (. + _Min_Stack_Size)
 *fill*         0x20005470      0x400 
                0x20005870                        . = ALIGN (0x8)

/DISCARD/
 libc.a(*)
 libm.a(*)
 libgcc.a(*)

.ARM.attributes
                0x00000000       0x2e
 *(.ARM.attributes)
 .ARM.attributes
                0x00000000       0x20 C:/ST/STM32CubeIDE_1.12.1/STM32CubeIDE/plugins/com.st.stm32cube.ide.mcu.externaltools.gnu-tools-for-stm32.12.3.rel1.win32_1.0.100.202403111256/tools/bin/../lib/gcc/arm-none-eabi/12.3.1/thumb/v7e-m+dp/hard/crti.o
 .ARM.attributes
                0x00000020       0x32 C:/ST/STM32CubeIDE_1.12.1/STM32CubeIDE/plugins/com.st.stm32cube.ide.mcu.externaltools.gnu-tools-for-stm32.12.3.rel1.win32_1.0.100.202403111256/tools/bin/../lib/gcc/arm-none-eabi/12.3.1/thumb/v7e-m+dp/hard/crtbegin.o
 .ARM.attributes
                0x00000052       0x32 ./Core/Src/CAN.o
 .ARM.attributes
                0x00000084       0x32 ./Core/Src/CANRxMessageTask.o
 .ARM.attributes
                0x000000b6       0x32 ./Core/Src/CANTxGatekeeperTask.o
 .ARM.attributes
                0x000000e8       0x32 ./Core/Src/main.o
 .ARM.attributes
                0x0000011a       0x32 ./Core/Src/queueMessageTask2.o
 .ARM.attributes
                0x0000014c       0x32 ./Core/Src/stm32f7xx_hal_msp.o
 .ARM.attributes
                0x0000017e       0x32 ./Core/Src/stm32f7xx_hal_timebase_tim.o
 .ARM.attributes
                0x000001b0       0x32 ./Core/Src/stm32f7xx_it.o
 .ARM.attributes
                0x000001e2       0x32 ./Core/Src/system_stm32f7xx.o
 .ARM.attributes
                0x00000214       0x21 ./Core/Startup/startup_stm32f767zitx.o
 .ARM.attributes
                0x00000235       0x32 ./Drivers/STM32F7xx_HAL_Driver/Src/stm32f7xx_hal.o
 .ARM.attributes
                0x00000267       0x32 ./Drivers/STM32F7xx_HAL_Driver/Src/stm32f7xx_hal_cortex.o
 .ARM.attributes
                0x00000299       0x32 ./Drivers/STM32F7xx_HAL_Driver/Src/stm32f7xx_hal_gpio.o
 .ARM.attributes
                0x000002cb       0x32 ./Drivers/STM32F7xx_HAL_Driver/Src/stm32f7xx_hal_pcd.o
 .ARM.attributes
                0x000002fd       0x32 ./Drivers/STM32F7xx_HAL_Driver/Src/stm32f7xx_hal_pcd_ex.o
 .ARM.attributes
                0x0000032f       0x32 ./Drivers/STM32F7xx_HAL_Driver/Src/stm32f7xx_hal_pwr_ex.o
 .ARM.attributes
                0x00000361       0x32 ./Drivers/STM32F7xx_HAL_Driver/Src/stm32f7xx_hal_rcc.o
 .ARM.attributes
                0x00000393       0x32 ./Drivers/STM32F7xx_HAL_Driver/Src/stm32f7xx_hal_rcc_ex.o
 .ARM.attributes
                0x000003c5       0x32 ./Drivers/STM32F7xx_HAL_Driver/Src/stm32f7xx_hal_spi.o
 .ARM.attributes
                0x000003f7       0x32 ./Drivers/STM32F7xx_HAL_Driver/Src/stm32f7xx_hal_tim.o
 .ARM.attributes
                0x00000429       0x32 ./Drivers/STM32F7xx_HAL_Driver/Src/stm32f7xx_hal_tim_ex.o
 .ARM.attributes
                0x0000045b       0x32 ./Drivers/STM32F7xx_HAL_Driver/Src/stm32f7xx_hal_uart.o
 .ARM.attributes
                0x0000048d       0x32 ./Drivers/STM32F7xx_HAL_Driver/Src/stm32f7xx_ll_usb.o
 .ARM.attributes
                0x000004bf       0x32 ./Middlewares/Third_Party/FreeRTOS/Source/CMSIS_RTOS_V2/cmsis_os2.o
 .ARM.attributes
                0x000004f1       0x32 ./Middlewares/Third_Party/FreeRTOS/Source/list.o
 .ARM.attributes
                0x00000523       0x32 ./Middlewares/Third_Party/FreeRTOS/Source/queue.o
 .ARM.attributes
                0x00000555       0x32 ./Middlewares/Third_Party/FreeRTOS/Source/tasks.o
 .ARM.attributes
                0x00000587       0x32 ./Middlewares/Third_Party/FreeRTOS/Source/timers.o
 .ARM.attributes
                0x000005b9       0x32 ./Middlewares/Third_Party/FreeRTOS/Source/portable/GCC/ARM_CM7/r0p1/port.o
 .ARM.attributes
                0x000005eb       0x32 ./Middlewares/Third_Party/FreeRTOS/Source/portable/MemMang/heap_4.o
 .ARM.attributes
                0x0000061d       0x32 C:/ST/STM32CubeIDE_1.12.1/STM32CubeIDE/plugins/com.st.stm32cube.ide.mcu.externaltools.gnu-tools-for-stm32.12.3.rel1.win32_1.0.100.202403111256/tools/bin/../lib/gcc/arm-none-eabi/12.3.1/../../../../arm-none-eabi/lib/thumb/v7e-m+dp/hard\libc_nano.a(libc_a-findfp.o)
 .ARM.attributes
                0x0000064f       0x32 C:/ST/STM32CubeIDE_1.12.1/STM32CubeIDE/plugins/com.st.stm32cube.ide.mcu.externaltools.gnu-tools-for-stm32.12.3.rel1.win32_1.0.100.202403111256/tools/bin/../lib/gcc/arm-none-eabi/12.3.1/../../../../arm-none-eabi/lib/thumb/v7e-m+dp/hard\libc_nano.a(libc_a-memset.o)
 .ARM.attributes
                0x00000681       0x32 C:/ST/STM32CubeIDE_1.12.1/STM32CubeIDE/plugins/com.st.stm32cube.ide.mcu.externaltools.gnu-tools-for-stm32.12.3.rel1.win32_1.0.100.202403111256/tools/bin/../lib/gcc/arm-none-eabi/12.3.1/../../../../arm-none-eabi/lib/thumb/v7e-m+dp/hard\libc_nano.a(libc_a-reent.o)
 .ARM.attributes
                0x000006b3       0x32 C:/ST/STM32CubeIDE_1.12.1/STM32CubeIDE/plugins/com.st.stm32cube.ide.mcu.externaltools.gnu-tools-for-stm32.12.3.rel1.win32_1.0.100.202403111256/tools/bin/../lib/gcc/arm-none-eabi/12.3.1/../../../../arm-none-eabi/lib/thumb/v7e-m+dp/hard\libc_nano.a(libc_a-impure.o)
 .ARM.attributes
                0x000006e5       0x32 C:/ST/STM32CubeIDE_1.12.1/STM32CubeIDE/plugins/com.st.stm32cube.ide.mcu.externaltools.gnu-tools-for-stm32.12.3.rel1.win32_1.0.100.202403111256/tools/bin/../lib/gcc/arm-none-eabi/12.3.1/../../../../arm-none-eabi/lib/thumb/v7e-m+dp/hard\libc_nano.a(libc_a-init.o)
 .ARM.attributes
                0x00000717       0x32 C:/ST/STM32CubeIDE_1.12.1/STM32CubeIDE/plugins/com.st.stm32cube.ide.mcu.externaltools.gnu-tools-for-stm32.12.3.rel1.win32_1.0.100.202403111256/tools/bin/../lib/gcc/arm-none-eabi/12.3.1/../../../../arm-none-eabi/lib/thumb/v7e-m+dp/hard\libc_nano.a(libc_a-lock.o)
 .ARM.attributes
                0x00000749       0x32 C:/ST/STM32CubeIDE_1.12.1/STM32CubeIDE/plugins/com.st.stm32cube.ide.mcu.externaltools.gnu-tools-for-stm32.12.3.rel1.win32_1.0.100.202403111256/tools/bin/../lib/gcc/arm-none-eabi/12.3.1/../../../../arm-none-eabi/lib/thumb/v7e-m+dp/hard\libc_nano.a(libc_a-memcpy-stub.o)
 .ARM.attributes
                0x0000077b       0x32 C:/ST/STM32CubeIDE_1.12.1/STM32CubeIDE/plugins/com.st.stm32cube.ide.mcu.externaltools.gnu-tools-for-stm32.12.3.rel1.win32_1.0.100.202403111256/tools/bin/../lib/gcc/arm-none-eabi/12.3.1/../../../../arm-none-eabi/lib/thumb/v7e-m+dp/hard\libc_nano.a(libc_a-freer.o)
 .ARM.attributes
                0x000007ad       0x32 C:/ST/STM32CubeIDE_1.12.1/STM32CubeIDE/plugins/com.st.stm32cube.ide.mcu.externaltools.gnu-tools-for-stm32.12.3.rel1.win32_1.0.100.202403111256/tools/bin/../lib/gcc/arm-none-eabi/12.3.1/../../../../arm-none-eabi/lib/thumb/v7e-m+dp/hard\libc_nano.a(libc_a-mallocr.o)
 .ARM.attributes
                0x000007df       0x32 C:/ST/STM32CubeIDE_1.12.1/STM32CubeIDE/plugins/com.st.stm32cube.ide.mcu.externaltools.gnu-tools-for-stm32.12.3.rel1.win32_1.0.100.202403111256/tools/bin/../lib/gcc/arm-none-eabi/12.3.1/../../../../arm-none-eabi/lib/thumb/v7e-m+dp/hard\libc_nano.a(libc_a-mlock.o)
 .ARM.attributes
                0x00000811       0x20 C:/ST/STM32CubeIDE_1.12.1/STM32CubeIDE/plugins/com.st.stm32cube.ide.mcu.externaltools.gnu-tools-for-stm32.12.3.rel1.win32_1.0.100.202403111256/tools/bin/../lib/gcc/arm-none-eabi/12.3.1/thumb/v7e-m+dp/hard\libgcc.a(_aeabi_uldivmod.o)
 .ARM.attributes
                0x00000831       0x32 C:/ST/STM32CubeIDE_1.12.1/STM32CubeIDE/plugins/com.st.stm32cube.ide.mcu.externaltools.gnu-tools-for-stm32.12.3.rel1.win32_1.0.100.202403111256/tools/bin/../lib/gcc/arm-none-eabi/12.3.1/thumb/v7e-m+dp/hard\libgcc.a(_udivmoddi4.o)
 .ARM.attributes
                0x00000863       0x20 C:/ST/STM32CubeIDE_1.12.1/STM32CubeIDE/plugins/com.st.stm32cube.ide.mcu.externaltools.gnu-tools-for-stm32.12.3.rel1.win32_1.0.100.202403111256/tools/bin/../lib/gcc/arm-none-eabi/12.3.1/thumb/v7e-m+dp/hard\libgcc.a(_dvmd_tls.o)
 .ARM.attributes
                0x00000883       0x20 C:/ST/STM32CubeIDE_1.12.1/STM32CubeIDE/plugins/com.st.stm32cube.ide.mcu.externaltools.gnu-tools-for-stm32.12.3.rel1.win32_1.0.100.202403111256/tools/bin/../lib/gcc/arm-none-eabi/12.3.1/thumb/v7e-m+dp/hard/crtn.o
OUTPUT(mcp2510_drivers.elf elf32-littlearm)
LOAD linker stubs
LOAD C:/ST/STM32CubeIDE_1.12.1/STM32CubeIDE/plugins/com.st.stm32cube.ide.mcu.externaltools.gnu-tools-for-stm32.12.3.rel1.win32_1.0.100.202403111256/tools/bin/../lib/gcc/arm-none-eabi/12.3.1/../../../../arm-none-eabi/lib/thumb/v7e-m+dp/hard\libc.a
LOAD C:/ST/STM32CubeIDE_1.12.1/STM32CubeIDE/plugins/com.st.stm32cube.ide.mcu.externaltools.gnu-tools-for-stm32.12.3.rel1.win32_1.0.100.202403111256/tools/bin/../lib/gcc/arm-none-eabi/12.3.1/../../../../arm-none-eabi/lib/thumb/v7e-m+dp/hard\libm.a
LOAD C:/ST/STM32CubeIDE_1.12.1/STM32CubeIDE/plugins/com.st.stm32cube.ide.mcu.externaltools.gnu-tools-for-stm32.12.3.rel1.win32_1.0.100.202403111256/tools/bin/../lib/gcc/arm-none-eabi/12.3.1/thumb/v7e-m+dp/hard\libgcc.a

.debug_info     0x00000000    0x224c1
 .debug_info    0x00000000      0xd3e ./Core/Src/CAN.o
 .debug_info    0x00000d3e      0x850 ./Core/Src/CANRxMessageTask.o
 .debug_info    0x0000158e      0x865 ./Core/Src/CANTxGatekeeperTask.o
 .debug_info    0x00001df3     0x240a ./Core/Src/main.o
 .debug_info    0x000041fd      0x20c ./Core/Src/queueMessageTask2.o
 .debug_info    0x00004409     0x1851 ./Core/Src/stm32f7xx_hal_msp.o
 .debug_info    0x00005c5a      0xd1d ./Core/Src/stm32f7xx_hal_timebase_tim.o
 .debug_info    0x00006977      0x776 ./Core/Src/stm32f7xx_it.o
 .debug_info    0x000070ed      0x6ed ./Core/Src/system_stm32f7xx.o
 .debug_info    0x000077da       0x30 ./Core/Startup/startup_stm32f767zitx.o
 .debug_info    0x0000780a      0xa4c ./Drivers/STM32F7xx_HAL_Driver/Src/stm32f7xx_hal.o
 .debug_info    0x00008256      0xf8b ./Drivers/STM32F7xx_HAL_Driver/Src/stm32f7xx_hal_cortex.o
 .debug_info    0x000091e1      0x6f3 ./Drivers/STM32F7xx_HAL_Driver/Src/stm32f7xx_hal_gpio.o
 .debug_info    0x000098d4     0x156c ./Drivers/STM32F7xx_HAL_Driver/Src/stm32f7xx_hal_pcd.o
 .debug_info    0x0000ae40      0x78b ./Drivers/STM32F7xx_HAL_Driver/Src/stm32f7xx_hal_pcd_ex.o
 .debug_info    0x0000b5cb      0x8cd ./Drivers/STM32F7xx_HAL_Driver/Src/stm32f7xx_hal_pwr_ex.o
 .debug_info    0x0000be98      0x937 ./Drivers/STM32F7xx_HAL_Driver/Src/stm32f7xx_hal_rcc.o
 .debug_info    0x0000c7cf      0x6e1 ./Drivers/STM32F7xx_HAL_Driver/Src/stm32f7xx_hal_rcc_ex.o
 .debug_info    0x0000ceb0     0x169b ./Drivers/STM32F7xx_HAL_Driver/Src/stm32f7xx_hal_spi.o
 .debug_info    0x0000e54b     0x2ab2 ./Drivers/STM32F7xx_HAL_Driver/Src/stm32f7xx_hal_tim.o
 .debug_info    0x00010ffd     0x16bb ./Drivers/STM32F7xx_HAL_Driver/Src/stm32f7xx_hal_tim_ex.o
 .debug_info    0x000126b8     0x3a6d ./Drivers/STM32F7xx_HAL_Driver/Src/stm32f7xx_hal_uart.o
 .debug_info    0x00016125     0x19bc ./Drivers/STM32F7xx_HAL_Driver/Src/stm32f7xx_ll_usb.o
 .debug_info    0x00017ae1     0x4058 ./Middlewares/Third_Party/FreeRTOS/Source/CMSIS_RTOS_V2/cmsis_os2.o
 .debug_info    0x0001bb39      0x2af ./Middlewares/Third_Party/FreeRTOS/Source/list.o
 .debug_info    0x0001bde8     0x1b68 ./Middlewares/Third_Party/FreeRTOS/Source/queue.o
 .debug_info    0x0001d950     0x2818 ./Middlewares/Third_Party/FreeRTOS/Source/tasks.o
 .debug_info    0x00020168     0x1aef ./Middlewares/Third_Party/FreeRTOS/Source/timers.o
 .debug_info    0x00021c57      0x4a7 ./Middlewares/Third_Party/FreeRTOS/Source/portable/GCC/ARM_CM7/r0p1/port.o
 .debug_info    0x000220fe      0x3c3 ./Middlewares/Third_Party/FreeRTOS/Source/portable/MemMang/heap_4.o

.debug_abbrev   0x00000000     0x4602
 .debug_abbrev  0x00000000      0x260 ./Core/Src/CAN.o
 .debug_abbrev  0x00000260      0x1d7 ./Core/Src/CANRxMessageTask.o
 .debug_abbrev  0x00000437      0x1c7 ./Core/Src/CANTxGatekeeperTask.o
 .debug_abbrev  0x000005fe      0x348 ./Core/Src/main.o
 .debug_abbrev  0x00000946      0x13b ./Core/Src/queueMessageTask2.o
 .debug_abbrev  0x00000a81      0x275 ./Core/Src/stm32f7xx_hal_msp.o
 .debug_abbrev  0x00000cf6      0x1f4 ./Core/Src/stm32f7xx_hal_timebase_tim.o
 .debug_abbrev  0x00000eea      0x194 ./Core/Src/stm32f7xx_it.o
 .debug_abbrev  0x0000107e      0x13b ./Core/Src/system_stm32f7xx.o
 .debug_abbrev  0x000011b9       0x24 ./Core/Startup/startup_stm32f767zitx.o
 .debug_abbrev  0x000011dd      0x213 ./Drivers/STM32F7xx_HAL_Driver/Src/stm32f7xx_hal.o
 .debug_abbrev  0x000013f0      0x329 ./Drivers/STM32F7xx_HAL_Driver/Src/stm32f7xx_hal_cortex.o
 .debug_abbrev  0x00001719      0x1d4 ./Drivers/STM32F7xx_HAL_Driver/Src/stm32f7xx_hal_gpio.o
 .debug_abbrev  0x000018ed      0x2e7 ./Drivers/STM32F7xx_HAL_Driver/Src/stm32f7xx_hal_pcd.o
 .debug_abbrev  0x00001bd4      0x1ca ./Drivers/STM32F7xx_HAL_Driver/Src/stm32f7xx_hal_pcd_ex.o
 .debug_abbrev  0x00001d9e      0x1d5 ./Drivers/STM32F7xx_HAL_Driver/Src/stm32f7xx_hal_pwr_ex.o
 .debug_abbrev  0x00001f73      0x2de ./Drivers/STM32F7xx_HAL_Driver/Src/stm32f7xx_hal_rcc.o
 .debug_abbrev  0x00002251      0x1c9 ./Drivers/STM32F7xx_HAL_Driver/Src/stm32f7xx_hal_rcc_ex.o
 .debug_abbrev  0x0000241a      0x269 ./Drivers/STM32F7xx_HAL_Driver/Src/stm32f7xx_hal_spi.o
 .debug_abbrev  0x00002683      0x278 ./Drivers/STM32F7xx_HAL_Driver/Src/stm32f7xx_hal_tim.o
 .debug_abbrev  0x000028fb      0x283 ./Drivers/STM32F7xx_HAL_Driver/Src/stm32f7xx_hal_tim_ex.o
 .debug_abbrev  0x00002b7e      0x2e6 ./Drivers/STM32F7xx_HAL_Driver/Src/stm32f7xx_hal_uart.o
 .debug_abbrev  0x00002e64      0x28c ./Drivers/STM32F7xx_HAL_Driver/Src/stm32f7xx_ll_usb.o
 .debug_abbrev  0x000030f0      0x48d ./Middlewares/Third_Party/FreeRTOS/Source/CMSIS_RTOS_V2/cmsis_os2.o
 .debug_abbrev  0x0000357d       0xf5 ./Middlewares/Third_Party/FreeRTOS/Source/list.o
 .debug_abbrev  0x00003672      0x3b6 ./Middlewares/Third_Party/FreeRTOS/Source/queue.o
 .debug_abbrev  0x00003a28      0x3fe ./Middlewares/Third_Party/FreeRTOS/Source/tasks.o
 .debug_abbrev  0x00003e26      0x368 ./Middlewares/Third_Party/FreeRTOS/Source/timers.o
 .debug_abbrev  0x0000418e      0x26f ./Middlewares/Third_Party/FreeRTOS/Source/portable/GCC/ARM_CM7/r0p1/port.o
 .debug_abbrev  0x000043fd      0x205 ./Middlewares/Third_Party/FreeRTOS/Source/portable/MemMang/heap_4.o

.debug_aranges  0x00000000     0x1a78
 .debug_aranges
                0x00000000       0x70 ./Core/Src/CAN.o
 .debug_aranges
                0x00000070       0x28 ./Core/Src/CANRxMessageTask.o
 .debug_aranges
                0x00000098       0x28 ./Core/Src/CANTxGatekeeperTask.o
 .debug_aranges
                0x000000c0       0x70 ./Core/Src/main.o
 .debug_aranges
                0x00000130       0x20 ./Core/Src/queueMessageTask2.o
 .debug_aranges
                0x00000150       0x50 ./Core/Src/stm32f7xx_hal_msp.o
 .debug_aranges
                0x000001a0       0x30 ./Core/Src/stm32f7xx_hal_timebase_tim.o
 .debug_aranges
                0x000001d0       0x70 ./Core/Src/stm32f7xx_it.o
 .debug_aranges
                0x00000240       0x28 ./Core/Src/system_stm32f7xx.o
 .debug_aranges
                0x00000268       0x28 ./Core/Startup/startup_stm32f767zitx.o
 .debug_aranges
                0x00000290      0x110 ./Drivers/STM32F7xx_HAL_Driver/Src/stm32f7xx_hal.o
 .debug_aranges
                0x000003a0      0x118 ./Drivers/STM32F7xx_HAL_Driver/Src/stm32f7xx_hal_cortex.o
 .debug_aranges
                0x000004b8       0x58 ./Drivers/STM32F7xx_HAL_Driver/Src/stm32f7xx_hal_gpio.o
 .debug_aranges
                0x00000510      0x148 ./Drivers/STM32F7xx_HAL_Driver/Src/stm32f7xx_hal_pcd.o
 .debug_aranges
                0x00000658       0x48 ./Drivers/STM32F7xx_HAL_Driver/Src/stm32f7xx_hal_pcd_ex.o
 .debug_aranges
                0x000006a0       0x80 ./Drivers/STM32F7xx_HAL_Driver/Src/stm32f7xx_hal_pwr_ex.o
 .debug_aranges
                0x00000720       0x88 ./Drivers/STM32F7xx_HAL_Driver/Src/stm32f7xx_hal_rcc.o
 .debug_aranges
                0x000007a8       0x50 ./Drivers/STM32F7xx_HAL_Driver/Src/stm32f7xx_hal_rcc_ex.o
 .debug_aranges
                0x000007f8      0x1d8 ./Drivers/STM32F7xx_HAL_Driver/Src/stm32f7xx_hal_spi.o
 .debug_aranges
                0x000009d0      0x3e0 ./Drivers/STM32F7xx_HAL_Driver/Src/stm32f7xx_hal_tim.o
 .debug_aranges
                0x00000db0      0x180 ./Drivers/STM32F7xx_HAL_Driver/Src/stm32f7xx_hal_tim_ex.o
 .debug_aranges
                0x00000f30      0x230 ./Drivers/STM32F7xx_HAL_Driver/Src/stm32f7xx_hal_uart.o
 .debug_aranges
                0x00001160      0x1a8 ./Drivers/STM32F7xx_HAL_Driver/Src/stm32f7xx_ll_usb.o
 .debug_aranges
                0x00001308      0x228 ./Middlewares/Third_Party/FreeRTOS/Source/CMSIS_RTOS_V2/cmsis_os2.o
 .debug_aranges
                0x00001530       0x40 ./Middlewares/Third_Party/FreeRTOS/Source/list.o
 .debug_aranges
                0x00001570      0x158 ./Middlewares/Third_Party/FreeRTOS/Source/queue.o
 .debug_aranges
                0x000016c8      0x1f8 ./Middlewares/Third_Party/FreeRTOS/Source/tasks.o
 .debug_aranges
                0x000018c0       0xe8 ./Middlewares/Third_Party/FreeRTOS/Source/timers.o
 .debug_aranges
                0x000019a8       0x80 ./Middlewares/Third_Party/FreeRTOS/Source/portable/GCC/ARM_CM7/r0p1/port.o
 .debug_aranges
                0x00001a28       0x50 ./Middlewares/Third_Party/FreeRTOS/Source/portable/MemMang/heap_4.o

.debug_rnglists
                0x00000000     0x149a
 .debug_rnglists
                0x00000000       0x53 ./Core/Src/CAN.o
 .debug_rnglists
                0x00000053       0x1a ./Core/Src/CANRxMessageTask.o
 .debug_rnglists
                0x0000006d       0x19 ./Core/Src/CANTxGatekeeperTask.o
 .debug_rnglists
                0x00000086       0x52 ./Core/Src/main.o
 .debug_rnglists
                0x000000d8       0x13 ./Core/Src/queueMessageTask2.o
 .debug_rnglists
                0x000000eb       0x3a ./Core/Src/stm32f7xx_hal_msp.o
 .debug_rnglists
                0x00000125       0x20 ./Core/Src/stm32f7xx_hal_timebase_tim.o
 .debug_rnglists
                0x00000145       0x4f ./Core/Src/stm32f7xx_it.o
 .debug_rnglists
                0x00000194       0x1a ./Core/Src/system_stm32f7xx.o
 .debug_rnglists
                0x000001ae       0x19 ./Core/Startup/startup_stm32f767zitx.o
 .debug_rnglists
                0x000001c7       0xc7 ./Drivers/STM32F7xx_HAL_Driver/Src/stm32f7xx_hal.o
 .debug_rnglists
                0x0000028e       0xce ./Drivers/STM32F7xx_HAL_Driver/Src/stm32f7xx_hal_cortex.o
 .debug_rnglists
                0x0000035c       0x3f ./Drivers/STM32F7xx_HAL_Driver/Src/stm32f7xx_hal_gpio.o
 .debug_rnglists
                0x0000039b       0xfc ./Drivers/STM32F7xx_HAL_Driver/Src/stm32f7xx_hal_pcd.o
 .debug_rnglists
                0x00000497       0x32 ./Drivers/STM32F7xx_HAL_Driver/Src/stm32f7xx_hal_pcd_ex.o
 .debug_rnglists
                0x000004c9       0x5f ./Drivers/STM32F7xx_HAL_Driver/Src/stm32f7xx_hal_pwr_ex.o
 .debug_rnglists
                0x00000528       0x67 ./Drivers/STM32F7xx_HAL_Driver/Src/stm32f7xx_hal_rcc.o
 .debug_rnglists
                0x0000058f       0x3c ./Drivers/STM32F7xx_HAL_Driver/Src/stm32f7xx_hal_rcc_ex.o
 .debug_rnglists
                0x000005cb      0x178 ./Drivers/STM32F7xx_HAL_Driver/Src/stm32f7xx_hal_spi.o
 .debug_rnglists
                0x00000743      0x328 ./Drivers/STM32F7xx_HAL_Driver/Src/stm32f7xx_hal_tim.o
 .debug_rnglists
                0x00000a6b      0x138 ./Drivers/STM32F7xx_HAL_Driver/Src/stm32f7xx_hal_tim_ex.o
 .debug_rnglists
                0x00000ba3      0x1e0 ./Drivers/STM32F7xx_HAL_Driver/Src/stm32f7xx_hal_uart.o
 .debug_rnglists
                0x00000d83      0x14e ./Drivers/STM32F7xx_HAL_Driver/Src/stm32f7xx_ll_usb.o
 .debug_rnglists
                0x00000ed1      0x1b5 ./Middlewares/Third_Party/FreeRTOS/Source/CMSIS_RTOS_V2/cmsis_os2.o
 .debug_rnglists
                0x00001086       0x2b ./Middlewares/Third_Party/FreeRTOS/Source/list.o
 .debug_rnglists
                0x000010b1      0x10a ./Middlewares/Third_Party/FreeRTOS/Source/queue.o
 .debug_rnglists
                0x000011bb      0x195 ./Middlewares/Third_Party/FreeRTOS/Source/tasks.o
 .debug_rnglists
                0x00001350       0xb2 ./Middlewares/Third_Party/FreeRTOS/Source/timers.o
 .debug_rnglists
                0x00001402       0x5d ./Middlewares/Third_Party/FreeRTOS/Source/portable/GCC/ARM_CM7/r0p1/port.o
 .debug_rnglists
                0x0000145f       0x3b ./Middlewares/Third_Party/FreeRTOS/Source/portable/MemMang/heap_4.o

.debug_macro    0x00000000    0x2b63d
 .debug_macro   0x00000000      0x374 ./Core/Src/CAN.o
 .debug_macro   0x00000374      0xacc ./Core/Src/CAN.o
 .debug_macro   0x00000e40      0x29f ./Core/Src/CAN.o
 .debug_macro   0x000010df       0x2e ./Core/Src/CAN.o
 .debug_macro   0x0000110d       0x3b ./Core/Src/CAN.o
 .debug_macro   0x00001148       0x22 ./Core/Src/CAN.o
 .debug_macro   0x0000116a       0x8e ./Core/Src/CAN.o
 .debug_macro   0x000011f8       0x51 ./Core/Src/CAN.o
 .debug_macro   0x00001249      0x103 ./Core/Src/CAN.o
 .debug_macro   0x0000134c       0x6a ./Core/Src/CAN.o
 .debug_macro   0x000013b6      0x1df ./Core/Src/CAN.o
 .debug_macro   0x00001595       0x1c ./Core/Src/CAN.o
 .debug_macro   0x000015b1       0x22 ./Core/Src/CAN.o
 .debug_macro   0x000015d3       0xd9 ./Core/Src/CAN.o
 .debug_macro   0x000016ac     0x12cd ./Core/Src/CAN.o
 .debug_macro   0x00002979      0x11f ./Core/Src/CAN.o
 .debug_macro   0x00002a98       0x19 ./Core/Src/CAN.o
 .debug_macro   0x00002ab1    0x1aa0d ./Core/Src/CAN.o
 .debug_macro   0x0001d4be       0x6d ./Core/Src/CAN.o
 .debug_macro   0x0001d52b     0x3749 ./Core/Src/CAN.o
 .debug_macro   0x00020c74      0x189 ./Core/Src/CAN.o
 .debug_macro   0x00020dfd       0x63 ./Core/Src/CAN.o
 .debug_macro   0x00020e60     0x1add ./Core/Src/CAN.o
 .debug_macro   0x0002293d      0x6c4 ./Core/Src/CAN.o
 .debug_macro   0x00023001      0x18b ./Core/Src/CAN.o
 .debug_macro   0x0002318c      0x115 ./Core/Src/CAN.o
 .debug_macro   0x000232a1      0x26e ./Core/Src/CAN.o
 .debug_macro   0x0002350f       0xa5 ./Core/Src/CAN.o
 .debug_macro   0x000235b4      0x24f ./Core/Src/CAN.o
 .debug_macro   0x00023803       0x71 ./Core/Src/CAN.o
 .debug_macro   0x00023874       0x58 ./Core/Src/CAN.o
 .debug_macro   0x000238cc      0x236 ./Core/Src/CAN.o
 .debug_macro   0x00023b02      0x14e ./Core/Src/CAN.o
 .debug_macro   0x00023c50      0x3db ./Core/Src/CAN.o
 .debug_macro   0x0002402b       0x12 ./Core/Src/CAN.o
 .debug_macro   0x0002403d      0x22c ./Core/Src/CAN.o
 .debug_macro   0x00024269       0x61 ./Core/Src/CAN.o
 .debug_macro   0x000242ca       0xa5 ./Core/Src/CAN.o
 .debug_macro   0x0002436f      0x12e ./Core/Src/CAN.o
 .debug_macro   0x0002449d      0x108 ./Core/Src/CAN.o
 .debug_macro   0x000245a5       0x35 ./Core/Src/CAN.o
 .debug_macro   0x000245da      0x2fe ./Core/Src/CAN.o
 .debug_macro   0x000248d8      0xa8a ./Core/Src/CAN.o
 .debug_macro   0x00025362       0xa9 ./Core/Src/CAN.o
 .debug_macro   0x0002540b      0x5ba ./Core/Src/CAN.o
 .debug_macro   0x000259c5       0x44 ./Core/Src/CAN.o
 .debug_macro   0x00025a09      0x256 ./Core/Src/CAN.o
 .debug_macro   0x00025c5f       0xba ./Core/Src/CAN.o
 .debug_macro   0x00025d19      0x15b ./Core/Src/CAN.o
 .debug_macro   0x00025e74      0x1b1 ./Core/Src/CAN.o
 .debug_macro   0x00026025      0x13d ./Core/Src/CAN.o
 .debug_macro   0x00026162      0x15a ./Core/Src/CAN.o
 .debug_macro   0x000262bc       0xc9 ./Core/Src/CAN.o
 .debug_macro   0x00026385       0x1c ./Core/Src/CAN.o
 .debug_macro   0x000263a1       0x26 ./Core/Src/CAN.o
 .debug_macro   0x000263c7       0x61 ./Core/Src/CAN.o
 .debug_macro   0x00026428       0x29 ./Core/Src/CAN.o
 .debug_macro   0x00026451       0x43 ./Core/Src/CAN.o
 .debug_macro   0x00026494       0x34 ./Core/Src/CAN.o
 .debug_macro   0x000264c8       0x16 ./Core/Src/CAN.o
 .debug_macro   0x000264de       0x43 ./Core/Src/CAN.o
 .debug_macro   0x00026521       0x34 ./Core/Src/CAN.o
 .debug_macro   0x00026555       0x10 ./Core/Src/CAN.o
 .debug_macro   0x00026565       0x58 ./Core/Src/CAN.o
 .debug_macro   0x000265bd       0x8e ./Core/Src/CAN.o
 .debug_macro   0x0002664b       0x1c ./Core/Src/CAN.o
 .debug_macro   0x00026667      0x177 ./Core/Src/CAN.o
 .debug_macro   0x000267de       0x10 ./Core/Src/CAN.o
 .debug_macro   0x000267ee       0x35 ./Core/Src/CAN.o
 .debug_macro   0x00026823      0x4aa ./Core/Src/CAN.o
 .debug_macro   0x00026ccd       0xb5 ./Core/Src/CAN.o
 .debug_macro   0x00026d82       0xaa ./Core/Src/CAN.o
 .debug_macro   0x00026e2c       0x66 ./Core/Src/CAN.o
 .debug_macro   0x00026e92       0x74 ./Core/Src/CAN.o
 .debug_macro   0x00026f06       0xdd ./Core/Src/CAN.o
 .debug_macro   0x00026fe3      0x1fc ./Core/Src/CAN.o
 .debug_macro   0x000271df       0x10 ./Core/Src/CAN.o
 .debug_macro   0x000271ef      0x372 ./Core/Src/CANRxMessageTask.o
 .debug_macro   0x00027561      0x372 ./Core/Src/CANTxGatekeeperTask.o
 .debug_macro   0x000278d3      0x39a ./Core/Src/main.o
 .debug_macro   0x00027c6d      0x371 ./Core/Src/queueMessageTask2.o
 .debug_macro   0x00027fde      0x22b ./Core/Src/stm32f7xx_hal_msp.o
 .debug_macro   0x00028209      0x21c ./Core/Src/stm32f7xx_hal_timebase_tim.o
 .debug_macro   0x00028425      0x235 ./Core/Src/stm32f7xx_it.o
 .debug_macro   0x0002865a      0x21c ./Core/Src/system_stm32f7xx.o
 .debug_macro   0x00028876      0x240 ./Drivers/STM32F7xx_HAL_Driver/Src/stm32f7xx_hal.o
 .debug_macro   0x00028ab6      0x21c ./Drivers/STM32F7xx_HAL_Driver/Src/stm32f7xx_hal_cortex.o
 .debug_macro   0x00028cd2      0x222 ./Drivers/STM32F7xx_HAL_Driver/Src/stm32f7xx_hal_gpio.o
 .debug_macro   0x00028ef4      0x228 ./Drivers/STM32F7xx_HAL_Driver/Src/stm32f7xx_hal_pcd.o
 .debug_macro   0x0002911c      0x21c ./Drivers/STM32F7xx_HAL_Driver/Src/stm32f7xx_hal_pcd_ex.o
 .debug_macro   0x00029338      0x234 ./Drivers/STM32F7xx_HAL_Driver/Src/stm32f7xx_hal_pwr_ex.o
 .debug_macro   0x0002956c      0x240 ./Drivers/STM32F7xx_HAL_Driver/Src/stm32f7xx_hal_rcc.o